Component: ARM Compiler 5.06 update 5 (build 528) Tool: armlink [4d35e2]

==============================================================================

Section Cross References

    startup_n32wb03x.o(RESET) refers to startup_n32wb03x.o(STACK) for __initial_sp
    startup_n32wb03x.o(RESET) refers to startup_n32wb03x.o(.text) for Reset_Handler
    startup_n32wb03x.o(RESET) refers to n32wb03x_it.o(i.NMI_Handler) for NMI_Handler
    startup_n32wb03x.o(RESET) refers to n32wb03x_it.o(i.HardFault_Handler) for HardFault_Handler
    startup_n32wb03x.o(RESET) refers to n32wb03x_it.o(i.SVC_Handler) for SVC_Handler
    startup_n32wb03x.o(RESET) refers to n32wb03x_it.o(i.PendSV_Handler) for PendSV_Handler
    startup_n32wb03x.o(RESET) refers to n32wb03x_it.o(i.SysTick_Handler) for SysTick_Handler
    startup_n32wb03x.o(RESET) refers to n32wb03x_it.o(i.RTC_IRQHandler) for RTC_IRQHandler
    startup_n32wb03x.o(RESET) refers to xpt2046.o(i.EXTI4_12_IRQHandler) for EXTI4_12_IRQHandler
    startup_n32wb03x.o(RESET) refers to n32wb03x_it.o(i.DMA_Channel1_2_3_4_IRQHandler) for DMA_Channel1_2_3_4_IRQHandler
    startup_n32wb03x.o(RESET) refers to n32wb03x_it.o(i.TIM3_IRQHandler) for TIM3_IRQHandler
    startup_n32wb03x.o(RESET) refers to i2c_eeprom.o(i.I2C1_IRQHandler) for I2C1_IRQHandler
    startup_n32wb03x.o(.text) refers to system_n32wb03x.o(i.SystemInit) for SystemInit
    startup_n32wb03x.o(.text) refers to entry.o(.ARM.Collect$$$$00000000) for __main
    system_n32wb03x.o(i.RCC_HsiCalib) refers to system_n32wb03x.o(.emb_text) for system_delay_cycles
    system_n32wb03x.o(i.SystemCoreClockUpdate) refers to system_n32wb03x.o(.data) for .data
    system_n32wb03x.o(i.SystemGetMacAddr) refers to system_n32wb03x.o(i.SystemTrimValueRead) for SystemTrimValueRead
    system_n32wb03x.o(i.SystemGetMacAddr) refers to system_n32wb03x.o(.bss) for .bss
    system_n32wb03x.o(i.SystemGetUUID) refers to system_n32wb03x.o(i.SystemTrimValueRead) for SystemTrimValueRead
    system_n32wb03x.o(i.SystemGetUUID) refers to system_n32wb03x.o(.bss) for .bss
    system_n32wb03x.o(i.SystemInit) refers to system_n32wb03x.o(i.SystemTrimValueRead) for SystemTrimValueRead
    system_n32wb03x.o(i.SystemInit) refers to system_n32wb03x.o(i.RCC_HsiCalib) for RCC_HsiCalib
    system_n32wb03x.o(i.SystemInit) refers to system_n32wb03x.o(.bss) for .bss
    system_n32wb03x.o(i.SystemTrimValueGet) refers to system_n32wb03x.o(i.SystemTrimValueRead) for SystemTrimValueRead
    system_n32wb03x.o(i.SystemTrimValueGet) refers to system_n32wb03x.o(.bss) for .bss
    system_n32wb03x.o(i.SystemTrimValueRead) refers to memmovea.o(.text) for __aeabi_memcpy
    system_n32wb03x.o(i.SystemTrimValueRead) refers to system_n32wb03x.o(.constdata) for .constdata
    system_n32wb03x.o(i.system_delay_n_10us) refers to system_n32wb03x.o(.emb_text) for system_delay_cycles
    n32wb03x_adc.o(i.ADC16Bit_ConverValueToVoltage) refers to system_n32wb03x.o(i.SystemTrimValueGet) for SystemTrimValueGet
    n32wb03x_adc.o(i.ADC16Bit_ConverValueToVoltage) refers to idiv.o(.text) for __aeabi_idivmod
    n32wb03x_adc.o(i.ADC_ConverValueToTemperature) refers to system_n32wb03x.o(i.SystemTrimValueGet) for SystemTrimValueGet
    n32wb03x_adc.o(i.ADC_ConverValueToTemperature) refers to ffltui.o(.text) for __aeabi_ui2f
    n32wb03x_adc.o(i.ADC_ConverValueToTemperature) refers to fadd.o(.text) for __aeabi_frsub
    n32wb03x_adc.o(i.ADC_ConverValueToTemperature) refers to f2d.o(.text) for __aeabi_f2d
    n32wb03x_adc.o(i.ADC_ConverValueToTemperature) refers to ddiv.o(.text) for __aeabi_ddiv
    n32wb03x_adc.o(i.ADC_ConverValueToTemperature) refers to dadd.o(.text) for __aeabi_dadd
    n32wb03x_adc.o(i.ADC_ConverValueToTemperature) refers to d2f.o(.text) for __aeabi_d2f
    n32wb03x_adc.o(i.ADC_ConverValueToVoltage) refers to system_n32wb03x.o(i.SystemTrimValueGet) for SystemTrimValueGet
    n32wb03x_adc.o(i.ADC_ConverValueToVoltage) refers to idiv.o(.text) for __aeabi_idivmod
    n32wb03x_adc.o(i.ADC_DeInit) refers to n32wb03x_rcc.o(i.RCC_EnableAHBPeriphReset) for RCC_EnableAHBPeriphReset
    n32wb03x_adc.o(i.ADC_DeInit) refers to n32wb03x_rcc.o(i.RCC_EnableAHBPeriphClk) for RCC_EnableAHBPeriphClk
    n32wb03x_gpio.o(i.GPIO_AFIOInitDefault) refers to n32wb03x_rcc.o(i.RCC_EnableAPB2PeriphReset) for RCC_EnableAPB2PeriphReset
    n32wb03x_gpio.o(i.GPIO_ConfigEXTILine) refers to n32wb03x_gpio.o(i.__ARM_common_switch8) for __ARM_common_switch8
    n32wb03x_gpio.o(i.GPIO_DeInit) refers to n32wb03x_rcc.o(i.RCC_EnableAPB2PeriphReset) for RCC_EnableAPB2PeriphReset
    n32wb03x_rcc.o(i.RCC_GetClocksFreqValue) refers to n32wb03x_rcc.o(.constdata) for .constdata
    n32wb03x_rcc.o(i.RCC_WaitHseStable) refers to n32wb03x_rcc.o(i.RCC_GetFlagStatus) for RCC_GetFlagStatus
    n32wb03x_rcc.o(i.RCC_WaitHsiStable) refers to n32wb03x_rcc.o(i.RCC_GetFlagStatus) for RCC_GetFlagStatus
    n32wb03x_rtc.o(i.RTC_ConfigAlarmSubSecond) refers to n32wb03x_rtc.o(i.RTC_EnableWriteProtection) for RTC_EnableWriteProtection
[...]
    app_ble_msg_handler                      0x010031b1   Thumb Code    62  app_ble.o(i.app_ble_msg_handler)
    app_ble_prf_init                         0x01003255   Thumb Code    16  app_ble.o(i.app_ble_prf_init)
    app_ble_sec_init                         0x0100326d   Thumb Code    72  app_ble.o(i.app_ble_sec_init)
    app_dis_add_dis                          0x01003445   Thumb Code    46  app_dis.o(i.app_dis_add_dis)
    app_dis_init                             0x0100347d   Thumb Code    34  app_dis.o(i.app_dis_init)
    app_entry_point_handler                  0x010034a9   Thumb Code    42  ns_ble_task.o(i.app_entry_point_handler)
    app_gui_init                             0x0100353d   Thumb Code   368  app_gui.o(i.app_gui_init)
    app_gui_task                             0x01003705   Thumb Code   156  app_gui.o(i.app_gui_task)
    app_key_configuration                    0x01003801   Thumb Code   216  xpt2046.o(i.app_key_configuration)
    app_rtc_get_unix                         0x01003a35   Thumb Code    12  app_rtc.o(i.app_rtc_get_unix)
    app_rtc_init                             0x01003a45   Thumb Code   134  app_rtc.o(i.app_rtc_init)
    app_rtc_is_time_set                      0x01003acd   Thumb Code     6  app_rtc.o(i.app_rtc_is_time_set)
    app_rtc_on_wakeup                        0x01003ad9   Thumb Code    18  app_rtc.o(i.app_rtc_on_wakeup)
    app_rtc_set_unix                         0x01003af1   Thumb Code    16  app_rtc.o(i.app_rtc_set_unix)
    app_totp_ble_add_count                   0x01003db9   Thumb Code     6  app_totp_ble.o(i.app_totp_ble_add_count)
    app_totp_ble_add_service                 0x01003dc5   Thumb Code    98  app_totp_ble.o(i.app_totp_ble_add_service)
    app_totp_ble_get_key                     0x01003e65   Thumb Code     4  app_totp_ble.o(i.app_totp_ble_get_key)
    app_totp_ble_get_keylen                  0x01003e6d   Thumb Code     6  app_totp_ble.o(i.app_totp_ble_get_keylen)
    app_totp_ble_get_tz_offset               0x01003e79   Thumb Code     6  app_totp_ble.o(i.app_totp_ble_get_tz_offset)
    app_totp_ble_is_connected                0x01003e85   Thumb Code     6  app_totp_ble.o(i.app_totp_ble_is_connected)
    app_totp_ble_last_rx_data                0x01003e91   Thumb Code     4  app_totp_ble.o(i.app_totp_ble_last_rx_data)
    app_totp_ble_last_rx_handle              0x01003e99   Thumb Code     6  app_totp_ble.o(i.app_totp_ble_last_rx_handle)
    app_totp_ble_last_rx_len                 0x01003ea5   Thumb Code     6  app_totp_ble.o(i.app_totp_ble_last_rx_len)
    app_totp_ble_rx_count                    0x01003eb1   Thumb Code     6  app_totp_ble.o(i.app_totp_ble_rx_count)
    app_totp_ble_set_connected               0x01003ebd   Thumb Code    38  app_totp_ble.o(i.app_totp_ble_set_connected)
    app_user_msg_handler                     0x01003f15   Thumb Code     2  app_ble.o(i.app_user_msg_handler)
    attm_att_set_value                       0x01003f71   Thumb Code   178  lib_att.o(i.attm_att_set_value)
    base32_encode                            0x0100402d   Thumb Code   112  qrcodegen.o(i.base32_encode)
    canvas_handle_draw                       0x010041a1   Thumb Code    54  sc_canvas.o(i.canvas_handle_draw)
    canvas_handle_key                        0x010041dd   Thumb Code   152  sc_canvas.o(i.canvas_handle_key)
    canvas_handle_touch                      0x01004279   Thumb Code   322  sc_canvas.o(i.canvas_handle_touch)
    check_client_char_cfg                    0x010043c5   Thumb Code    42  rdts_common.o(i.check_client_char_cfg)
    diss_check_val_len                       0x010046f9   Thumb Code    42  diss.o(i.diss_check_val_len)
    diss_compute_cfg_flag                    0x01004725   Thumb Code    38  diss.o(i.diss_compute_cfg_flag)
    diss_handle_to_value                     0x01004771   Thumb Code    48  diss.o(i.diss_handle_to_value)
    diss_prf_itf_get                         0x01004829   Thumb Code     4  diss.o(i.diss_prf_itf_get)
    diss_task_init                           0x010048e1   Thumb Code    28  diss_task.o(i.diss_task_init)
    diss_value_to_handle                     0x01004a65   Thumb Code    52  diss.o(i.diss_value_to_handle)
    fputc                                    0x01004f55   Thumb Code    46  ns_log_usart.o(i.fputc)
    frame_handle_draw                        0x01004f8d   Thumb Code    68  sc_frame.o(i.frame_handle_draw)
    frame_handle_key                         0x01004fd5   Thumb Code     4  sc_frame.o(i.frame_handle_key)
    free                                     0x01004fd9   Thumb Code    80  malloc.o(i.free)
    get_cfg_handle                           0x010064e5   Thumb Code    98  rdts_common.o(i.get_cfg_handle)
    get_value_handle                         0x0100654d   Thumb Code    76  rdts_common.o(i.get_value_handle)
    hmac_sha1                                0x010065c1   Thumb Code   168  app_totp.o(i.hmac_sha1)
    label_handle_draw                        0x01006671   Thumb Code    48  sc_label.o(i.label_handle_draw)
    label_handle_key                         0x010066a5   Thumb Code     4  sc_label.o(i.label_handle_key)
    llhwc_modem_setmode                      0x010066a9   Thumb Code    44  rwip_driver.o(i.llhwc_modem_setmode)
    llhwc_phy_prerx_flash                    0x010066d9   Thumb Code   158  rwip_driver.o(i.llhwc_phy_prerx_flash)
    lv_txt_utf8_next                         0x01006861   Thumb Code   128  sc_font.o(i.lv_txt_utf8_next)
    main                                     0x010068e1   Thumb Code   254  main.o(i.main)
    malloc                                   0x01006a2d   Thumb Code    92  malloc.o(i.malloc)
    ns_EXTI4_12_IRQHandler                   0x01006b1d   Thumb Code    74  ns_ble.o(i.ns_EXTI4_12_IRQHandler)
    ns_HardFault_Handler                     0x01006b8d   Thumb Code    84  ns_ble.o(i.ns_HardFault_Handler)
    ns_ble_add_prf_func_register             0x01006cb9   Thumb Code    28  ns_ble.o(i.ns_ble_add_prf_func_register)
    ns_ble_add_svc                           0x01006cd9   Thumb Code    46  ns_ble.o(i.ns_ble_add_svc)
    ns_ble_adv_fsm_next                      0x01006d19   Thumb Code   104  ns_ble.o(i.ns_ble_adv_fsm_next)
    ns_ble_adv_init                          0x01006da1   Thumb Code    68  ns_ble.o(i.ns_ble_adv_init)
    ns_ble_adv_start                         0x01006de9   Thumb Code    72  ns_ble.o(i.ns_ble_adv_start)
    ns_ble_adv_stop                          0x01006e39   Thumb Code    34  ns_ble.o(i.ns_ble_adv_stop)
    ns_ble_create_init                       0x01006e61   Thumb Code    50  ns_ble.o(i.ns_ble_create_init)
    ns_ble_create_scan                       0x01006ea5   Thumb Code    50  ns_ble.o(i.ns_ble_create_scan)
    ns_ble_delete_init                       0x01006ee9   Thumb Code    56  ns_ble.o(i.ns_ble_delete_init)
    ns_ble_delete_scan                       0x01006f35   Thumb Code    52  ns_ble.o(i.ns_ble_delete_scan)
    ns_ble_disconnect                        0x01006f7d   Thumb Code    46  ns_ble.o(i.ns_ble_disconnect)
    ns_ble_gap_init                          0x01007025   Thumb Code    70  ns_ble.o(i.ns_ble_gap_init)
    ns_ble_get_connection_num                0x01007089   Thumb Code    32  ns_ble.o(i.ns_ble_get_connection_num)
    ns_ble_list_set_ral                      0x010070ad   Thumb Code   118  ns_ble.o(i.ns_ble_list_set_ral)
    ns_ble_lsc_config                        0x01007159   Thumb Code   108  ns_ble.o(i.ns_ble_lsc_config)
    ns_ble_mtu_set                           0x010071d9   Thumb Code    40  ns_ble.o(i.ns_ble_mtu_set)
    ns_ble_prf_task_register                 0x0100720d   Thumb Code    32  ns_ble.o(i.ns_ble_prf_task_register)
    ns_ble_scan_data_find                    0x01007231   Thumb Code    70  ns_ble.o(i.ns_ble_scan_data_find)
    ns_ble_stack_init                        0x01007279   Thumb Code   134  ns_ble.o(i.ns_ble_stack_init)
    ns_ble_start_init                        0x010073e9   Thumb Code   230  ns_ble.o(i.ns_ble_start_init)
    ns_ble_start_scan                        0x010074ed   Thumb Code   164  ns_ble.o(i.ns_ble_start_scan)
    ns_ble_stop_init                         0x010075a9   Thumb Code    54  ns_ble.o(i.ns_ble_stop_init)
    ns_ble_stop_scan                         0x01007609   Thumb Code    60  ns_ble.o(i.ns_ble_stop_scan)
    ns_ble_update_param                      0x01007659   Thumb Code   126  ns_ble.o(i.ns_ble_update_param)
    ns_bond_last_bonded_peer_id              0x010077dd   Thumb Code    50  ns_sec.o(i.ns_bond_last_bonded_peer_id)
    ns_bond_last_bonded_ral_info             0x01007811   Thumb Code   100  ns_sec.o(i.ns_bond_last_bonded_ral_info)
    ns_bond_resolv_addr_start                0x01007889   Thumb Code   108  ns_sec.o(i.ns_bond_resolv_addr_start)
    ns_bond_search_addr_irk                  0x01007915   Thumb Code   116  ns_sec.o(i.ns_bond_search_addr_irk)
    ns_iwdg_config                           0x010079c9   Thumb Code    52  ns_ble.o(i.ns_iwdg_config)
    ns_log_usart_init                        0x01007a15   Thumb Code    90  ns_log_usart.o(i.ns_log_usart_init)
    ns_peripheral_config                     0x01007a79   Thumb Code   128  ns_ble.o(i.ns_peripheral_config)
    ns_sec_bond_store_evt_handler            0x01007b31   Thumb Code   184  ns_sec.o(i.ns_sec_bond_store_evt_handler)
    ns_sec_get_bond_status                   0x01007c1d   Thumb Code    12  ns_sec.o(i.ns_sec_get_bond_status)
    ns_sec_get_iocap                         0x01007c2d   Thumb Code     6  ns_sec.o(i.ns_sec_get_iocap)
    ns_sec_init                              0x01007c39   Thumb Code    84  ns_sec.o(i.ns_sec_init)
    ns_sleep_lock_acquire                    0x01007c9d   Thumb Code    20  ns_sleep.o(i.ns_sleep_lock_acquire)
    ns_sleep_lock_release                    0x01007cb5   Thumb Code    20  ns_sleep.o(i.ns_sleep_lock_release)
    prf_add_profile                          0x01008015   Thumb Code   126  prf.o(i.prf_add_profile)
    prf_dst_task_get                         0x01008099   Thumb Code    16  prf.o(i.prf_dst_task_get)
    prf_env_get                              0x010080a9   Thumb Code    42  prf.o(i.prf_env_get)
    prf_get_id_from_task                     0x010080d9   Thumb Code    48  prf.o(i.prf_get_id_from_task)
    prf_get_itf_func_register                0x0100810d   Thumb Code    32  prf.o(i.prf_get_itf_func_register)
    prf_get_task_from_id                     0x01008131   Thumb Code    48  prf.o(i.prf_get_task_from_id)
    prf_init                                 0x01008165   Thumb Code   124  prf.o(i.prf_init)
    qr_encode_bytes                          0x01008211   Thumb Code   726  qrcodegen.o(i.qr_encode_bytes)
    qr_get_module                            0x01008511   Thumb Code    34  qrcodegen.o(i.qr_get_module)
    radio_freq_cal_from_trim                 0x01008535   Thumb Code    30  rwip_driver.o(i.radio_freq_cal_from_trim)
    rdtss_get_att_handle                     0x010086f9   Thumb Code    28  rdts_common.o(i.rdtss_get_att_handle)
    rdtss_get_att_idx                        0x01008715   Thumb Code    38  rdts_common.o(i.rdtss_get_att_idx)
    rdtss_init_ccc_values                    0x010087d1   Thumb Code    62  rdtss_task.o(i.rdtss_init_ccc_values)
    rdtss_prf_itf_get                        0x01008815   Thumb Code     4  rdtss.o(i.rdtss_prf_itf_get)
    rdtss_set_ccc_value                      0x0100881d   Thumb Code    48  rdtss_task.o(i.rdtss_set_ccc_value)
    rdtss_task_init                          0x0100884d   Thumb Code    28  rdtss_task.o(i.rdtss_task_init)
    rf_tx_power_set                          0x010090ed   Thumb Code    98  rwip_driver.o(i.rf_tx_power_set)
    rwip_init                                0x01009161   Thumb Code   200  rwip.o(i.rwip_init)
    rwip_slp_isr                             0x01009275   Thumb Code    56  rwip_driver.o(i.rwip_slp_isr)
    sEE_TIMEOUT_UserCallback                 0x01009371   Thumb Code     8  i2c_eeprom.o(i.sEE_TIMEOUT_UserCallback)
    sc_create_canvas                         0x01009385   Thumb Code    62  sc_canvas.o(i.sc_create_canvas)
    sc_create_frame                          0x010093c9   Thumb Code    66  sc_frame.o(i.sc_create_frame)
    sc_create_label                          0x01009411   Thumb Code    46  sc_label.o(i.sc_create_label)
    sc_create_slider                         0x01009445   Thumb Code    66  sc_slider.o(i.sc_create_slider)
    sc_create_task                           0x0100948d   Thumb Code    50  sc_event_task.o(i.sc_create_task)
    sc_obj_create                            0x010094c9   Thumb Code    56  sc_obj_list.o(i.sc_obj_create)
    sc_obj_list_add                          0x01009501   Thumb Code   118  sc_obj_list.o(i.sc_obj_list_add)
    sc_obj_set_geometry                      0x01009577   Thumb Code    76  sc_obj_list.o(i.sc_obj_set_geometry)
    sc_set_label_text                        0x010095c3   Thumb Code    36  sc_label.o(i.sc_set_label_text)
    sc_set_slider_value                      0x010095e7   Thumb Code     4  sc_slider.o(i.sc_set_slider_value)
    sc_task_loop                             0x010095ed   Thumb Code   192  sc_event_task.o(i.sc_task_loop)
    sc_widget_draw_actice                    0x010096b5   Thumb Code   394  sc_obj_widget.o(i.sc_widget_draw_actice)
    sc_widget_draw_screen                    0x01009849   Thumb Code   118  sc_obj_widget.o(i.sc_widget_draw_screen)
    sc_widget_move_pos                       0x010098c5   Thumb Code   138  sc_obj_widget.o(i.sc_widget_move_pos)
    slider_handle_draw                       0x01009c29   Thumb Code    68  sc_slider.o(i.slider_handle_draw)
    slider_handle_key                        0x01009c6d   Thumb Code     4  sc_slider.o(i.slider_handle_key)
    slider_handle_touch                      0x01009c71   Thumb Code   116  sc_slider.o(i.slider_handle_touch)
    totp_compute                             0x01009ce5   Thumb Code   130  app_totp.o(i.totp_compute)
    totp_counter_of                          0x01009d67   Thumb Code    12  app_totp.o(i.totp_counter_of)
    TRIM_READ_CMD_CODE                       0x01009d72   Data         320  system_n32wb03x.o(.constdata)
    const_qflash_cmd                         0x01009ebe   Data         804  n32wb03x_qflash.o(.constdata)
    TRIM_WRITE_CMD_CODE                      0x0100a1e2   Data         512  n32wb03x_qflash.o(.constdata)
    TRIM_ERASE_CMD_CODE                      0x0100a3e2   Data         384  n32wb03x_qflash.o(.constdata)
    OTP_LOCK                                 0x0100a562   Data         320  n32wb03x_qflash.o(.constdata)
    diss_att_db                              0x0100a6c0   Data         152  diss.o(.constdata)
    diss_itf                                 0x0100a758   Data          16  diss.o(.constdata)
    rdtss_itf                                0x0100a7d0   Data          16  rdtss.o(.constdata)
    app_sec_msg_handler_list                 0x0100a828   Data          40  ns_sec.o(.constdata)
    app_sec_handlers                         0x0100a850   Data           8  ns_sec.o(.constdata)
    TASK_DESC_APP_M                          0x0100b294   Data          12  ns_ble_task.o(.constdata)
    app_dis_msg_handler_list                 0x0100b2a0   Data           8  app_dis.o(.constdata)
    app_dis_handlers                         0x0100b2a8   Data           8  app_dis.o(.constdata)
    canvas_vtbl                              0x0100ef10   Data          12  sc_canvas.o(.constdata)
    frame_vtbl                               0x0100ef1c   Data          12  sc_frame.o(.constdata)
    label_vtbl                               0x0100ef28   Data          12  sc_label.o(.constdata)
    slider_vtbl                              0x0100ef34   Data          12  sc_slider.o(.constdata)
    Region$$Table$$Base                      0x0100ef88   Number         0  anon$$obj.o(Region$$Table)
    Region$$Table$$Limit                     0x0100efa8   Number         0  anon$$obj.o(Region$$Table)
    rwip_rst_state                           0x20000000   Data           0  symbol_g15.obj ABSOLUTE
    ecc_env                                  0x20000004   Data           0  symbol_g15.obj ABSOLUTE
    aa_gen                                   0x20000010   Data           0  symbol_g15.obj ABSOLUTE
    lld_exp_sync_pos_tab                     0x20000018   Data           0  symbol_g15.obj ABSOLUTE
    sch_slice_params                         0x2000004c   Data           0  symbol_g15.obj ABSOLUTE
    hci_ext_host                             0x20000054   Data           0  symbol_g15.obj ABSOLUTE
    g_modem_flag                             0x20000060   Data           0  symbol_g15.obj ABSOLUTE
    g_clock_src                              0x20000061   Data           0  symbol_g15.obj ABSOLUTE
    g_hci_transport_onff                     0x20000062   Data           0  symbol_g15.obj ABSOLUTE
    g_delay_div_param                        0x20000063   Data           0  symbol_g15.obj ABSOLUTE
    g_delay_us_div_param                     0x20000064   Data           0  symbol_g15.obj ABSOLUTE
    g_loop_test                              0x20000065   Data           0  symbol_g15.obj ABSOLUTE
    g_ota_test                               0x20000066   Data           0  symbol_g15.obj ABSOLUTE
    g_ota_test_mtu_247_dle                   0x20000067   Data           0  symbol_g15.obj ABSOLUTE
    g_cal_hsi_cnt_value                      0x20000068   Data           0  symbol_g15.obj ABSOLUTE
    g_system_hsi_clk                         0x2000006c   Data           0  symbol_g15.obj ABSOLUTE
    g_user_set_stack_start                   0x20000070   Data           0  symbol_g15.obj ABSOLUTE
    g_rwip_patch_addr                        0x20000074   Data           0  symbol_g15.obj ABSOLUTE
    g_phy_2mbps_support                      0x20000078   Data           0  symbol_g15.obj ABSOLUTE
    g_auto_start_data_length_req             0x20000079   Data           0  symbol_g15.obj ABSOLUTE
    g_sleep_sleep_enable                     0x2000007a   Data           0  symbol_g15.obj ABSOLUTE
    g_status_io_stat                         0x2000007b   Data           0  symbol_g15.obj ABSOLUTE
    g_timeoutcnt                             0x2000007c   Data           0  symbol_g15.obj ABSOLUTE
    g_sleep_status_flag                      0x20000080   Data           0  symbol_g15.obj ABSOLUTE
    g_lsi_count_n_syscle                     0x20000084   Data           0  symbol_g15.obj ABSOLUTE
    g_lsi_accuracy                           0x20000088   Data           0  symbol_g15.obj ABSOLUTE
    g_lsi_1_syscle_cal_value                 0x2000008c   Data           0  symbol_g15.obj ABSOLUTE
    g_lsi_1_syscle_cnt_value                 0x20000090   Data           0  symbol_g15.obj ABSOLUTE
    g_recalib_hsi_flag                       0x20000094   Data           0  symbol_g15.obj ABSOLUTE
    g_hsi_accuracy                           0x20000098   Data           0  symbol_g15.obj ABSOLUTE
    g_hci_transport_type                     0x2000009c   Data           0  symbol_g15.obj ABSOLUTE
    g_hci_transport_process                  0x2000009d   Data           0  symbol_g15.obj ABSOLUTE
    acl_flow_ctrl_num                        0x2000009e   Data           0  symbol_g15.obj ABSOLUTE
    acl_flow_ctrl                            0x2000009f   Data           0  symbol_g15.obj ABSOLUTE
    g_acl_tx_sch_interval                    0x200000a0   Data           0  symbol_g15.obj ABSOLUTE
    dma_recv_data_time_window_size           0x200000a4   Data           0  symbol_g15.obj ABSOLUTE
    g_length_2_data_intv                     0x200000a8   Data           0  symbol_g15.obj ABSOLUTE
    g_soft_flow_tx_dummy                     0x200000ac   Data           0  symbol_g15.obj ABSOLUTE
    g_soft_flow_rx_len                       0x200000b0   Data           0  symbol_g15.obj ABSOLUTE
    g_hci_ch_type                            0x200000b2   Data           0  symbol_g15.obj ABSOLUTE
    g_uart_bps                               0x200000b4   Data           0  symbol_g15.obj ABSOLUTE
    g_uart_irq_wakeup_time                   0x200000b8   Data           0  symbol_g15.obj ABSOLUTE
    g_spi_data_ready_2_irq_rise              0x200000bc   Data           0  symbol_g15.obj ABSOLUTE
    g_lpclk_drift                            0x200000c0   Data           0  symbol_g15.obj ABSOLUTE
    g_rc32k_trim                             0x200000c4   Data           0  symbol_g15.obj ABSOLUTE
    g_sch_prog_fifo_iar_branch               0x200000c6   Data           0  symbol_g15.obj ABSOLUTE
    g_sch_arb_insert_branch                  0x200000c7   Data           0  symbol_g15.obj ABSOLUTE
    g_le_coded_phy_500                       0x200000c8   Data           0  symbol_g15.obj ABSOLUTE
    g_app_init_branch                        0x200000c9   Data           0  symbol_g15.obj ABSOLUTE
    g_adv_intv                               0x200000ca   Data           0  symbol_g15.obj ABSOLUTE
    g_twrm                                   0x200000d2   Data           0  symbol_g15.obj ABSOLUTE
    g_twosc                                  0x200000d4   Data           0  symbol_g15.obj ABSOLUTE
    g_twext                                  0x200000d6   Data           0  symbol_g15.obj ABSOLUTE
    rwip_prog_delay                          0x200000d8   Data           0  symbol_g15.obj ABSOLUTE
    g_ramcode_work_flag                      0x200000d9   Data           0  symbol_g15.obj ABSOLUTE
    prf_add_profile_ptr                      0x200000dc   Data           0  symbol_g15.obj ABSOLUTE
    prf_get_task_from_id_ptr                 0x200000e0   Data           0  symbol_g15.obj ABSOLUTE
    prf_get_id_from_task_ptr                 0x200000e4   Data           0  symbol_g15.obj ABSOLUTE
    g_co_default_bdaddr                      0x200000fc   Data           0  symbol_g15.obj ABSOLUTE
    BLE_NORMAL_WIN_SIZE                      0x20000102   Data           0  symbol_g15.obj ABSOLUTE
    BLE_RX_DESC_NB                           0x20000103   Data           0  symbol_g15.obj ABSOLUTE
    RWIP_MINIMUM_SLEEP_TIME                  0x20000104   Data           0  symbol_g15.obj ABSOLUTE
    SCH_SCAN_EVT_DUR_DFT                     0x20000106   Data           0  symbol_g15.obj ABSOLUTE
    llm_local_le_feats                       0x20000108   Data           0  symbol_g15.obj ABSOLUTE
    g_attr_table                             0x20000110   Data           0  symbol_g15.obj ABSOLUTE
    ATTR_TABLE_LENGTH                        0x20000114   Data           0  symbol_g15.obj ABSOLUTE
    g_rwip_heap_env                          0x20000118   Data           0  symbol_g15.obj ABSOLUTE
    g_rwip_heap_env_size                     0x2000011c   Data           0  symbol_g15.obj ABSOLUTE
    g_rwip_heap_db                           0x20000120   Data           0  symbol_g15.obj ABSOLUTE
    g_rwip_heap_db_size                      0x20000124   Data           0  symbol_g15.obj ABSOLUTE
    g_rwip_heap_non_ret                      0x20000128   Data           0  symbol_g15.obj ABSOLUTE
    g_rwip_heap_non_ret_size                 0x2000012c   Data           0  symbol_g15.obj ABSOLUTE
    g_rwip_heap_msg                          0x20000130   Data           0  symbol_g15.obj ABSOLUTE
    g_rwip_heap_msg_size                     0x20000134   Data           0  symbol_g15.obj ABSOLUTE
    utils_recv_buf_ptr                       0x20000138   Data           0  symbol_g15.obj ABSOLUTE
    utils_max_buf_len                        0x2000013c   Data           0  symbol_g15.obj ABSOLUTE
    g_soft_flow_tx_buf                       0x20000140   Data           0  symbol_g15.obj ABSOLUTE
    g_soft_flow_tx_len                       0x20000144   Data           0  symbol_g15.obj ABSOLUTE
    g_app_tx_buf_ptr                         0x20000148   Data           0  symbol_g15.obj ABSOLUTE
    g_app_tx_buf_len                         0x2000014c   Data           0  symbol_g15.obj ABSOLUTE
    g_app_bone_table_ptr                     0x20000150   Data           0  symbol_g15.obj ABSOLUTE
    g_app_bone_table_size                    0x20000154   Data           0  symbol_g15.obj ABSOLUTE
    g_soft_flow_tx_callback                  0x2000015c   Data           0  symbol_g15.obj ABSOLUTE
    utils_recv_len                           0x20000160   Data           0  symbol_g15.obj ABSOLUTE
    g_recv_len                               0x20000162   Data           0  symbol_g15.obj ABSOLUTE
    s_dma_spis_set_rx_len                    0x2000018c   Data           0  symbol_g15.obj ABSOLUTE
    s_dma_spis_set_tx_len                    0x2000018e   Data           0  symbol_g15.obj ABSOLUTE
    s_dma_lpuart_set_len                     0x20000190   Data           0  symbol_g15.obj ABSOLUTE
    TASK_DESC_APP_SEC                        0x20000194   Data           0  symbol_g15.obj ABSOLUTE
    g_version                                0x200001a1   Data           0  symbol_g15.obj ABSOLUTE
    ota_test_mode                            0x200001a8   Data           0  symbol_g15.obj ABSOLUTE
    ota_send_num_idx                         0x200001ac   Data           0  symbol_g15.obj ABSOLUTE
    gattc_state                              0x200001b0   Data           0  symbol_g15.obj ABSOLUTE
    gattm_state                              0x200001b4   Data           0  symbol_g15.obj ABSOLUTE
    gapc_state                               0x200001b5   Data           0  symbol_g15.obj ABSOLUTE
    gapm_state                               0x200001b9   Data           0  symbol_g15.obj ABSOLUTE
    l2cc_state                               0x200001ba   Data           0  symbol_g15.obj ABSOLUTE
    ahi_state                                0x200001be   Data           0  symbol_g15.obj ABSOLUTE
    __stdout                                 0x200001c4   Data           0  symbol_g15.obj ABSOLUTE
    ke_env                                   0x200001c8   Data           0  symbol_g15.obj ABSOLUTE
    rwip_rf                                  0x20000274   Data           0  symbol_g15.obj ABSOLUTE
    rwip_env                                 0x200002a8   Data           0  symbol_g15.obj ABSOLUTE
    aes_env                                  0x200002c8   Data           0  symbol_g15.obj ABSOLUTE
    llc_env                                  0x200002fc   Data           0  symbol_g15.obj ABSOLUTE
    lld_env                                  0x2000030c   Data           0  symbol_g15.obj ABSOLUTE
    lld_sync_env                             0x20000430   Data           0  symbol_g15.obj ABSOLUTE
    llm_env                                  0x20000440   Data           0  symbol_g15.obj ABSOLUTE
    hci_env                                  0x20000978   Data           0  symbol_g15.obj ABSOLUTE
    hci_tl_acl_env                           0x200009b4   Data           0  symbol_g15.obj ABSOLUTE
    utils_env                                0x20000a3c   Data           0  symbol_g15.obj ABSOLUTE
    user_prf_env                             0x20000b30   Data           0  symbol_g15.obj ABSOLUTE
    gattc_env                                0x20000b58   Data           0  symbol_g15.obj ABSOLUTE
    gattm_env                                0x20000b68   Data           0  symbol_g15.obj ABSOLUTE
    gapc_env                                 0x20000ba0   Data           0  symbol_g15.obj ABSOLUTE
    gapm_env                                 0x20000bb0   Data           0  symbol_g15.obj ABSOLUTE
    l2cc_env                                 0x20000c00   Data           0  symbol_g15.obj ABSOLUTE
    l2cm_env                                 0x20000c10   Data           0  symbol_g15.obj ABSOLUTE
    ahi_env                                  0x20000ce4   Data           0  symbol_g15.obj ABSOLUTE
    CMD_FLASH_SE                             0x20004000   Data           4  n32wb03x_qflash.o(.data)
    CMD_FLASH_WRITE                          0x20004004   Data           4  n32wb03x_qflash.o(.data)
    CMD_FLASH_READ                           0x20004008   Data           4  n32wb03x_qflash.o(.data)
    g_rf_tx_power                            0x2000400c   Data           1  rwip_driver.o(.data)
    ns_sleep_lock                            0x20004020   Data           4  ns_sleep.o(.data)
    user_HardFault_Handler                   0x20004040   Data           4  ns_ble.o(.data)
    user_EXTI4_12_IRQHandler                 0x20004044   Data           4  ns_ble.o(.data)
    app_state                                0x20004136   Data           1  ns_ble_task.o(.data)
    spi_dma_tx_complete                      0x20004162   Data           1  lcd.o(.data)
    POINT_COLOR                              0x20004164   Data           2  lcd.o(.data)
    BACK_COLOR                               0x20004166   Data           2  lcd.o(.data)
    lv_font_12                               0x20004184   Data          20  lv_font_12.o(.data)
    lv_font_16                               0x200041b4   Data          20  lv_font_16.o(.data)
    lv_font_20                               0x200041e4   Data          20  lv_font_20.o(.data)
    g_dirty_area                             0x20004204   Data           8  sc_obj_widget.o(.data)
    system_tick                              0x20004210   Data           4  sc_event_task.o(.data)
    sc_tick                                  0x20004214   Data           4  sc_event_task.o(.data)
    gui                                      0x20004218   Data           4  sc_gui.o(.data)
    I2C_NumByteWritingNow                    0x20004240   Data           1  i2c_eeprom.o(.data)
    i2c_comm_state                           0x20004241   Data           1  i2c_eeprom.o(.data)
    I2C_NumByteToWrite                       0x20004244   Data           2  i2c_eeprom.o(.data)
    I2C_WriteAddr                            0x20004246   Data           2  i2c_eeprom.o(.data)
    sEETimeout                               0x20004250   Data           4  i2c_eeprom.o(.data)
    I2C_pBuffer                              0x20004254   Data           4  i2c_eeprom.o(.data)
    key                                      0x2000425c   Data           1  xpt2046.o(.data)
    key_flag                                 0x2000425d   Data           1  xpt2046.o(.data)
    __microlib_freelist                      0x20004264   Data           4  mvars.o(.data)
    __microlib_freelist_initialised          0x20004268   Data           4  mvars.o(.data)
    trim_stored                              0x2000426c   Data          52  system_n32wb03x.o(.bss)
    prf_env                                  0x200045c8   Data         200  prf.o(.bss)
    get_itf                                  0x20004690   Data          84  prf.o(.bss)
    app_sec_bond_data                        0x200046e4   Data          58  ns_sec.o(.bss)
    app_sec_env                              0x20004720   Data          32  ns_sec.o(.bss)
    add_prf_evn                              0x20004740   Data          44  ns_ble.o(.bss)
    ble_prf_evn                              0x2000476c   Data          84  ns_ble.o(.bss)
    app_env                                  0x200047c0   Data         128  ns_ble.o(.bss)
    gap_env                                  0x20004840   Data          42  ns_ble.o(.bss)
    adv_env                                  0x2000486c   Data         324  ns_ble.o(.bss)
    scan_env                                 0x200049b0   Data          32  ns_ble.o(.bss)
    TIM_TimeBaseStructure                    0x20004a20   Data          14  main.o(.bss)
    lcddev                                   0x20005278   Data          14  lcd.o(.bss)
    sc_task                                  0x20005288   Data          80  sc_event_task.o(.bss)
    eventQueue                               0x200052d8   Data          84  sc_event_task.o(.bss)
    SC_pfb_buf                               0x20005350   Data        8192  sc_gui.o(.bss)
    __heap_base                              0x200076d8   Data           0  startup_n32wb03x.o(HEAP)
    __heap_limit                             0x200078d8   Data           0  startup_n32wb03x.o(HEAP)
    __initial_sp                             0x200080d8   Data           0  startup_n32wb03x.o(STACK)



==============================================================================

Memory Map of the image

  Image Entry point : 0x010000c1

  Load Region LR_IROM1 (Base: 0x01000000, Size: 0x0000f214, Max: 0x00080000, ABSOLUTE, COMPRESSED[0x0000f0d0])

    Execution Region ER_IROM1 (Exec base: 0x01000000, Load base: 0x01000000, Size: 0x0000efa8, Max: 0x00080000, ABSOLUTE)

    Exec Addr    Load Addr    Size         Type   Attr      Idx    E Section Name        Object

    0x01000000   0x01000000   0x000000c0   Data   RO            3    RESET               startup_n32wb03x.o
    0x010000c0   0x010000c0   0x00000000   Code   RO         7206  * .ARM.Collect$$$$00000000  mc_p.l(entry.o)
    0x010000c0   0x010000c0   0x00000004   Code   RO         7559    .ARM.Collect$$$$00000001  mc_p.l(entry2.o)
    0x010000c4   0x010000c4   0x00000004   Code   RO         7562    .ARM.Collect$$$$00000004  mc_p.l(entry5.o)
    0x010000c8   0x010000c8   0x00000000   Code   RO         7564    .ARM.Collect$$$$00000008  mc_p.l(entry7b.o)
    0x010000c8   0x010000c8   0x00000000   Code   RO         7566    .ARM.Collect$$$$0000000A  mc_p.l(entry8b.o)
    0x010000c8   0x010000c8   0x00000008   Code   RO         7567    .ARM.Collect$$$$0000000B  mc_p.l(entry9a.o)
    0x010000d0   0x010000d0   0x00000000   Code   RO         7569    .ARM.Collect$$$$0000000D  mc_p.l(entry10a.o)
    0x010000d0   0x010000d0   0x00000000   Code   RO         7571    .ARM.Collect$$$$0000000F  mc_p.l(entry11a.o)
    0x010000d0   0x010000d0   0x00000004   Code   RO         7560    .ARM.Collect$$$$00002712  mc_p.l(entry2.o)
    0x010000d4   0x010000d4   0x0000000e   Code   RO           10    .emb_text           system_n32wb03x.o
    0x010000e2   0x010000e2   0x00000002   PAD
    0x010000e4   0x010000e4   0x0000001c   Code   RO            4    .text               startup_n32wb03x.o
    0x01000100   0x01000100   0x0000002c   Code   RO         7209    .text               mc_p.l(uidiv.o)
    0x0100012c   0x0100012c   0x00000028   Code   RO         7211    .text               mc_p.l(idiv.o)
    0x01000154   0x01000154   0x00000060   Code   RO         7213    .text               mc_p.l(uldiv.o)
    0x010001b4   0x010001b4   0x0000004c   Code   RO         7215    .text               mc_p.l(ldiv.o)
    0x01000200   0x01000200   0x00000024   Code   RO         7217    .text               mc_p.l(rand.o)
    0x01000224   0x01000224   0x00000040   Code   RO         7222    .text               mc_p.l(memmovea.o)
    0x01000264   0x01000264   0x00000024   Code   RO         7224    .text               mc_p.l(memseta.o)
    0x01000288   0x01000288   0x0000001a   Code   RO         7228    .text               mc_p.l(memcmp.o)
    0x010002a2   0x010002a2   0x00000014   Code   RO         7523    .text               mc_p.l(uread4.o)
    0x010002b6   0x010002b6   0x0000007a   Code   RO         7527    .text               mf_p.l(fmul.o)
    0x01000330   0x01000330   0x0000007c   Code   RO         7529    .text               mf_p.l(fdiv.o)
    0x010003ac   0x010003ac   0x0000000e   Code   RO         7539    .text               mf_p.l(ffltui.o)
    0x010003ba   0x010003ba   0x0000001c   Code   RO         7541    .text               mf_p.l(ffltul.o)
    0x010003d6   0x010003d6   0x00000030   Code   RO         7551    .text               mf_p.l(ffixul.o)
    0x01000406   0x01000406   0x00000020   Code   RO         7573    .text               mc_p.l(llshl.o)
    0x01000426   0x01000426   0x00000022   Code   RO         7575    .text               mc_p.l(llushr.o)
    0x01000448   0x01000448   0x00000000   Code   RO         7581    .text               mc_p.l(iusefp.o)
    0x01000448   0x01000448   0x00000082   Code   RO         7582    .text               mf_p.l(fepilogue.o)
    0x010004ca   0x010004ca   0x00000002   PAD
    0x010004cc   0x010004cc   0x00000024   Code   RO         7592    .text               mc_p.l(init.o)
    0x010004f0   0x010004f0   0x00000056   Code   RO         7596    .text               mc_p.l(__dczerorl2.o)
    0x01000546   0x01000546   0x00000002   PAD
    0x01000548   0x01000548   0x0000000c   Ven    RO         7598    Veneer$$Code        anon$$obj.o
    0x01000554   0x01000554   0x0000000c   Ven    RO         7599    Veneer$$Code        anon$$obj.o
    0x01000560   0x01000560   0x0000000c   Ven    RO         7600    Veneer$$Code        anon$$obj.o
    0x0100056c   0x0100056c   0x0000000c   Ven    RO         7601    Veneer$$Code        anon$$obj.o
    0x01000578   0x01000578   0x0000000c   Ven    RO         7602    Veneer$$Code        anon$$obj.o
    0x01000584   0x01000584   0x0000000c   Ven    RO         7603    Veneer$$Code        anon$$obj.o
    0x01000590   0x01000590   0x0000000c   Ven    RO         7604    Veneer$$Code        anon$$obj.o
    0x0100059c   0x0100059c   0x0000000c   Ven    RO         7605    Veneer$$Code        anon$$obj.o
    0x010005a8   0x010005a8   0x0000000c   Ven    RO         7606    Veneer$$Code        anon$$obj.o
    0x010005b4   0x010005b4   0x0000000c   Ven    RO         7607    Veneer$$Code        anon$$obj.o
    0x010005c0   0x010005c0   0x0000000c   Ven    RO         7608    Veneer$$Code        anon$$obj.o
    0x010005cc   0x010005cc   0x0000000c   Ven    RO         7609    Veneer$$Code        anon$$obj.o
    0x010005d8   0x010005d8   0x0000000c   Ven    RO         7610    Veneer$$Code        anon$$obj.o
    0x010005e4   0x010005e4   0x0000000c   Ven    RO         7611    Veneer$$Code        anon$$obj.o
    0x010005f0   0x010005f0   0x0000000c   Ven    RO         7612    Veneer$$Code        anon$$obj.o
    0x010005fc   0x010005fc   0x0000000c   Ven    RO         7613    Veneer$$Code        anon$$obj.o
    0x01000608   0x01000608   0x00000044   Code   RO         4795    i.DMA_Channel1_2_3_4_IRQHandler  n32wb03x_it.o
    0x0100064c   0x0100064c   0x00000004   Code   RO          486    i.DMA_ClearFlag     n32wb03x_dma.o
    0x01000650   0x01000650   0x00000004   Code   RO          487    i.DMA_ClrIntPendingBit  n32wb03x_dma.o
    0x01000654   0x01000654   0x00000010   Code   RO          488    i.DMA_ConfigInt     n32wb03x_dma.o
    0x01000664   0x01000664   0x0000006c   Code   RO          489    i.DMA_DeInit        n32wb03x_dma.o
    0x010006d0   0x010006d0   0x00000018   Code   RO          490    i.DMA_EnableChannel  n32wb03x_dma.o
    0x010006e8   0x010006e8   0x0000000e   Code   RO          492    i.DMA_GetFlagStatus  n32wb03x_dma.o
    0x010006f6   0x010006f6   0x0000000e   Code   RO          493    i.DMA_GetIntStatus  n32wb03x_dma.o
    0x01000704   0x01000704   0x0000003c   Code   RO          494    i.DMA_Init          n32wb03x_dma.o
    0x01000740   0x01000740   0x0000000c   Code   RO          495    i.DMA_RequestRemap  n32wb03x_dma.o
    0x0100074c   0x0100074c   0x000000b0   Code   RO         7161    i.EXTI4_12_IRQHandler  xpt2046.o
    0x010007fc   0x010007fc   0x0000000c   Code   RO          568    i.EXTI_ClrITPendBit  n32wb03x_exti.o
    0x01000808   0x01000808   0x0000001c   Code   RO          571    i.EXTI_GetITStatus  n32wb03x_exti.o
    0x01000824   0x01000824   0x0000006c   Code   RO          573    i.EXTI_InitPeripheral  n32wb03x_exti.o
    0x01000890   0x01000890   0x00000032   Code   RO         6245    i.EventQueue_Pop    sc_event_task.o
    0x010008c2   0x010008c2   0x00000002   PAD
    0x010008c4   0x010008c4   0x0000012c   Code   RO          628    i.GPIO_ConfigEXTILine  n32wb03x_gpio.o
    0x010009f0   0x010009f0   0x000000ba   Code   RO          633    i.GPIO_InitPeripheral  n32wb03x_gpio.o
    0x01000aaa   0x01000aaa   0x00000002   PAD
    0x01000aac   0x01000aac   0x0000001c   Code   RO          634    i.GPIO_InitStruct   n32wb03x_gpio.o
    0x01000ac8   0x01000ac8   0x0000000e   Code   RO          636    i.GPIO_ReadInputDataBit  n32wb03x_gpio.o
    0x01000ad6   0x01000ad6   0x00000004   Code   RO          639    i.GPIO_ResetBits    n32wb03x_gpio.o
    0x01000ada   0x01000ada   0x00000004   Code   RO          640    i.GPIO_SetBits      n32wb03x_gpio.o
    0x01000ade   0x01000ade   0x00000002   Code   RO         4796    i.HardFault_Handler  n32wb03x_it.o
    0x01000ae0   0x01000ae0   0x000001bc   Code   RO         7079    i.I2C1_IRQHandler   i2c_eeprom.o
    0x01000c9c   0x01000c9c   0x00000006   Code   RO         2237    i.I2C_ClrFlag       n32wb03x_i2c.o
    0x01000ca2   0x01000ca2   0x00000002   PAD
    0x01000ca4   0x01000ca4   0x0000001c   Code   RO         2240    i.I2C_ConfigAck     n32wb03x_i2c.o
    0x01000cc0   0x01000cc0   0x00000010   Code   RO         2242    i.I2C_ConfigInt     n32wb03x_i2c.o
    0x01000cd0   0x01000cd0   0x0000001c   Code   RO         2256    i.I2C_GenerateStart  n32wb03x_i2c.o
    0x01000cec   0x01000cec   0x0000001c   Code   RO         2257    i.I2C_GenerateStop  n32wb03x_i2c.o
    0x01000d08   0x01000d08   0x0000002c   Code   RO         2258    i.I2C_GetFlag       n32wb03x_i2c.o
    0x01000d34   0x01000d34   0x0000000e   Code   RO         2260    i.I2C_GetLastEvent  n32wb03x_i2c.o
    0x01000d42   0x01000d42   0x00000006   Code   RO         2265    i.I2C_RecvData      n32wb03x_i2c.o
    0x01000d48   0x01000d48   0x00000012   Code   RO         2266    i.I2C_SendAddr7bit  n32wb03x_i2c.o
    0x01000d5a   0x01000d5a   0x00000004   Code   RO         2267    i.I2C_SendData      n32wb03x_i2c.o
    0x01000d5e   0x01000d5e   0x00000002   PAD
    0x01000d60   0x01000d60   0x0000005c   Code   RO         5052    i.LCD_Clear         lcd.o
    0x01000dbc   0x01000dbc   0x0000004c   Code   RO         5053    i.LCD_Color_Fill    lcd.o
    0x01000e08   0x01000e08   0x00000064   Code   RO         5054    i.LCD_DMA_Init      lcd.o
    0x01000e6c   0x01000e6c   0x00000014   Code   RO         6563    i.LCD_DMA_color     sc_lcd.o
    0x01000e80   0x01000e80   0x000000a0   Code   RO         5057    i.LCD_Display_Dir   lcd.o
    0x01000f20   0x01000f20   0x00000018   Code   RO         5062    i.LCD_Fast_DrawPoint  lcd.o
    0x01000f38   0x01000f38   0x0000003c   Code   RO         5063    i.LCD_Fill          lcd.o
    0x01000f74   0x01000f74   0x00000248   Code   RO         5064    i.LCD_Init          lcd.o
    0x010011bc   0x010011bc   0x0000008c   Code   RO         5069    i.LCD_SPI_DMA_Send  lcd.o
    0x01001248   0x01001248   0x0000007c   Code   RO         5070    i.LCD_SPI_DMA_Send_Fast  lcd.o
    0x010012c4   0x010012c4   0x000000cc   Code   RO         5071    i.LCD_SPI_Init      lcd.o
    0x01001390   0x01001390   0x00000028   Code   RO         5073    i.LCD_SetCursor     lcd.o
    0x010013b8   0x010013b8   0x00000040   Code   RO         5074    i.LCD_Set_Window    lcd.o
    0x010013f8   0x010013f8   0x00000074   Code   RO         5080    i.LCD_WR_DATA_16_Fast  lcd.o
    0x0100146c   0x0100146c   0x00000050   Code   RO         5081    i.LCD_WR_DATA_Fast  lcd.o
    0x010014bc   0x010014bc   0x00000050   Code   RO         5083    i.LCD_WR_REG_Fast   lcd.o
    0x0100150c   0x0100150c   0x00000010   Code   RO         5085    i.LCD_WriteRAM_Prepare  lcd.o
    0x0100151c   0x0100151c   0x00000010   Code   RO         5086    i.LCD_WriteReg      lcd.o
    0x0100152c   0x0100152c   0x00000002   Code   RO         4797    i.NMI_Handler       n32wb03x_it.o
    0x0100152e   0x0100152e   0x00000002   PAD
    0x01001530   0x01001530   0x00000094   Code   RO         3864    i.NS_BLE_STACK_INIT  ns_ble.o
    0x010015c4   0x010015c4   0x00000074   Code   RO          158    i.NVIC_Init         misc.o
    0x01001638   0x01001638   0x00000044   Code   RO         3865    i.NVIC_SetPriority  ns_ble.o
    0x0100167c   0x0100167c   0x00000018   Code   RO         3866    i.NVIC_SystemReset  ns_ble.o
    0x01001694   0x01001694   0x00000002   Code   RO         4798    i.PendSV_Handler    n32wb03x_it.o
    0x01001696   0x01001696   0x00000002   PAD
    0x01001698   0x01001698   0x00000024   Code   RO         2028    i.Qflash_Erase_Sector  n32wb03x_qflash.o
    0x010016bc   0x010016bc   0x00000030   Code   RO         2029    i.Qflash_Init       n32wb03x_qflash.o
    0x010016ec   0x010016ec   0x00000024   Code   RO         2031    i.Qflash_Write      n32wb03x_qflash.o
    0x01001710   0x01001710   0x00000018   Code   RO          763    i.RCC_EnableAHBPeriphClk  n32wb03x_rcc.o
    0x01001728   0x01001728   0x00000018   Code   RO          765    i.RCC_EnableAPB1PeriphClk  n32wb03x_rcc.o
    0x01001740   0x01001740   0x00000018   Code   RO          767    i.RCC_EnableAPB2PeriphClk  n32wb03x_rcc.o
    0x01001758   0x01001758   0x00000018   Code   RO          768    i.RCC_EnableAPB2PeriphReset  n32wb03x_rcc.o
    0x01001770   0x01001770   0x0000001c   Code   RO          773    i.RCC_EnableRtcClk  n32wb03x_rcc.o
    0x0100178c   0x0100178c   0x00000070   Code   RO          775    i.RCC_GetClocksFreqValue  n32wb03x_rcc.o
    0x010017fc   0x010017fc   0x000000b0   Code   RO           11    i.RCC_HsiCalib      system_n32wb03x.o
    0x010018ac   0x010018ac   0x0000001c   Code   RO          984    i.RTC_ClrIntPendingBit  n32wb03x_rtc.o
    0x010018c8   0x010018c8   0x00000028   Code   RO          987    i.RTC_ConfigInt     n32wb03x_rtc.o
    0x010018f0   0x010018f0   0x00000028   Code   RO          991    i.RTC_ConfigWakeUpClock  n32wb03x_rtc.o
    0x01001918   0x01001918   0x00000054   Code   RO          996    i.RTC_EnableWakeUp  n32wb03x_rtc.o
    0x0100196c   0x0100196c   0x00000024   Code   RO          997    i.RTC_EnableWriteProtection  n32wb03x_rtc.o
    0x01001990   0x01001990   0x00000040   Code   RO          998    i.RTC_EnterInitMode  n32wb03x_rtc.o
    0x010019d0   0x010019d0   0x00000010   Code   RO          999    i.RTC_ExitInitMode  n32wb03x_rtc.o
    0x010019e0   0x010019e0   0x00000024   Code   RO         1004    i.RTC_GetITStatus   n32wb03x_rtc.o
    0x01001a04   0x01001a04   0x00000022   Code   RO         4799    i.RTC_IRQHandler    n32wb03x_it.o
    0x01001a26   0x01001a26   0x00000002   PAD
    0x01001a28   0x01001a28   0x00000048   Code   RO         1009    i.RTC_Init          n32wb03x_rtc.o
    0x01001a70   0x01001a70   0x0000001c   Code   RO         1012    i.RTC_SetWakeUpCounter  n32wb03x_rtc.o
    0x01001a8c   0x01001a8c   0x00000044   Code   RO         1015    i.RTC_WaitForSynchro  n32wb03x_rtc.o
    0x01001ad0   0x01001ad0   0x00000020   Code   RO         6564    i.SC_Clear          sc_lcd.o
    0x01001af0   0x01001af0   0x00000038   Code   RO         6415    i.SC_GUI_Init       sc_gui.o
    0x01001b28   0x01001b28   0x0000003a   Code   RO         6567    i.SC_Refresh        sc_lcd.o
    0x01001b62   0x01001b62   0x00000002   PAD
    0x01001b64   0x01001b64   0x000000d0   Code   RO         6568    i.SC_pfb_DrawFill   sc_lcd.o
    0x01001c34   0x01001c34   0x000000d4   Code   RO         6570    i.SC_pfb_Refresh    sc_lcd.o
    0x01001d08   0x01001d08   0x0000009c   Code   RO         6423    i.SC_pfb_RoundBar   sc_gui.o
    0x01001da4   0x01001da4   0x000002d8   Code   RO         6424    i.SC_pfb_RoundFrame  sc_gui.o
    0x0100207c   0x0100207c   0x000000b8   Code   RO         6571    i.SC_pfb_clip       sc_lcd.o
    0x01002134   0x01002134   0x00000094   Code   RO         6572    i.SC_pfb_intersection  sc_lcd.o
    0x010021c8   0x010021c8   0x00000026   Code   RO         6331    i.SC_pfb_label      sc_font.o
    0x010021ee   0x010021ee   0x00000002   PAD
    0x010021f0   0x010021f0   0x00000204   Code   RO         6333    i.SC_pfb_lv_letter  sc_font.o
    0x010023f4   0x010023f4   0x00000128   Code   RO         6335    i.SC_pfb_str        sc_font.o
    0x0100251c   0x0100251c   0x00000072   Code   RO         6338    i.SC_set_align      sc_font.o
    0x0100258e   0x0100258e   0x0000000e   Code   RO         6339    i.SC_set_label_text  sc_font.o
    0x0100259c   0x0100259c   0x00000012   Code   RO         2093    i.SPI_Enable        n32wb03x_spi.o
    0x010025ae   0x010025ae   0x00000002   PAD
    0x010025b0   0x010025b0   0x00000028   Code   RO         2099    i.SPI_I2S_DeInit    n32wb03x_spi.o
    0x010025d8   0x010025d8   0x00000010   Code   RO         2100    i.SPI_I2S_EnableDma  n32wb03x_spi.o
    0x010025e8   0x010025e8   0x0000000e   Code   RO         2103    i.SPI_I2S_GetStatus  n32wb03x_spi.o
    0x010025f6   0x010025f6   0x00000004   Code   RO         2105    i.SPI_I2S_TransmitData  n32wb03x_spi.o
    0x010025fa   0x010025fa   0x00000002   PAD
    0x010025fc   0x010025fc   0x00000040   Code   RO         2106    i.SPI_Init          n32wb03x_spi.o
    0x0100263c   0x0100263c   0x00000002   Code   RO         4800    i.SVC_Handler       n32wb03x_it.o
    0x0100263e   0x0100263e   0x00000002   Code   RO         4801    i.SysTick_Handler   n32wb03x_it.o
    0x01002640   0x01002640   0x00000030   Code   RO           13    i.SystemGetMacAddr  system_n32wb03x.o
    0x01002670   0x01002670   0x000000d4   Code   RO           15    i.SystemInit        system_n32wb03x.o
    0x01002744   0x01002744   0x00000038   Code   RO           17    i.SystemTrimValueRead  system_n32wb03x.o
    0x0100277c   0x0100277c   0x0000002c   Code   RO         4802    i.TIM3_IRQHandler   n32wb03x_it.o
    0x010027a8   0x010027a8   0x00000008   Code   RO         1207    i.TIM_ClrIntPendingBit  n32wb03x_tim.o
    0x010027b0   0x010027b0   0x00000010   Code   RO         1225    i.TIM_ConfigInt     n32wb03x_tim.o
    0x010027c0   0x010027c0   0x00000014   Code   RO         1246    i.TIM_Enable        n32wb03x_tim.o
    0x010027d4   0x010027d4   0x00000018   Code   RO         1261    i.TIM_GetIntStatus  n32wb03x_tim.o
    0x010027ec   0x010027ec   0x000000a8   Code   RO         1272    i.TIM_InitTimeBase  n32wb03x_tim.o
    0x01002894   0x01002894   0x0000001c   Code   RO         1750    i.USART_Enable      n32wb03x_usart.o
    0x010028b0   0x010028b0   0x0000000e   Code   RO         1757    i.USART_GetFlagStatus  n32wb03x_usart.o
    0x010028be   0x010028be   0x00000002   PAD
    0x010028c0   0x010028c0   0x00000088   Code   RO         1759    i.USART_Init        n32wb03x_usart.o
    0x01002948   0x01002948   0x00000008   Code   RO         1762    i.USART_SendData    n32wb03x_usart.o
    0x01002950   0x01002950   0x00000020   Code   RO         7441    i.__0printf$8       mc_p.l(printf8.o)
    0x01002970   0x01002970   0x00000034   Code   RO         7442    i.__0snprintf$8     mc_p.l(printf8.o)
    0x010029a4   0x010029a4   0x0000001a   Code   RO          740    i.__ARM_common_switch8  n32wb03x_gpio.o
    0x010029be   0x010029be   0x00000046   Code   RO         5344    i.__user_font_get_bitmap  lv_font_12.o
    0x01002a04   0x01002a04   0x00000046   Code   RO         5376    i.__user_font_get_bitmap  lv_font_16.o
    0x01002a4a   0x01002a4a   0x00000046   Code   RO         5405    i.__user_font_get_bitmap  lv_font_20.o
    0x01002a90   0x01002a90   0x00000062   Code   RO         5345    i.__user_font_get_glyph_dsc  lv_font_12.o
    0x01002af2   0x01002af2   0x00000062   Code   RO         5377    i.__user_font_get_glyph_dsc  lv_font_16.o
    0x01002b54   0x01002b54   0x00000062   Code   RO         5406    i.__user_font_get_glyph_dsc  lv_font_20.o
    0x01002bb6   0x01002bb6   0x00000002   PAD
    0x01002bb8   0x01002bb8   0x00000428   Code   RO         7448    i._printf_core      mc_p.l(printf8.o)
    0x01002fe0   0x01002fe0   0x00000020   Code   RO         7449    i._printf_post_padding  mc_p.l(printf8.o)
    0x01003000   0x01003000   0x0000002c   Code   RO         7450    i._printf_pre_padding  mc_p.l(printf8.o)
    0x0100302c   0x0100302c   0x00000016   Code   RO         7451    i._snputc           mc_p.l(printf8.o)
    0x01003042   0x01003042   0x00000002   PAD
    0x01003044   0x01003044   0x00000038   Code   RO         6429    i.alphaBlend        sc_gui.o
    0x0100307c   0x0100307c   0x00000080   Code   RO         4497    i.app_ble_adv_init  app_ble.o
    0x010030fc   0x010030fc   0x00000002   Code   RO         4498    i.app_ble_adv_msg_handler  app_ble.o
    0x010030fe   0x010030fe   0x00000002   PAD
    0x01003100   0x01003100   0x00000078   Code   RO         4499    i.app_ble_gap_params_init  app_ble.o
    0x01003178   0x01003178   0x00000038   Code   RO         4500    i.app_ble_init      app_ble.o
    0x010031b0   0x010031b0   0x000000a4   Code   RO         4501    i.app_ble_msg_handler  app_ble.o
    0x01003254   0x01003254   0x00000018   Code   RO         4502    i.app_ble_prf_init  app_ble.o
    0x0100326c   0x0100326c   0x00000050   Code   RO         4503    i.app_ble_sec_init  app_ble.o
    0x010032bc   0x010032bc   0x00000024   Code   RO         4293    i.app_conn_params_update_evt_handler  ns_ble_task.o
    0x010032e0   0x010032e0   0x000000e8   Code   RO         3867    i.app_create_advertising  ns_ble.o
    0x010033c8   0x010033c8   0x0000007c   Code   RO         3868    i.app_delete_activity  ns_ble.o
    0x01003444   0x01003444   0x00000038   Code   RO         4452    i.app_dis_add_dis   app_dis.o
    0x0100347c   0x0100347c   0x0000002c   Code   RO         4453    i.app_dis_init      app_dis.o
    0x010034a8   0x010034a8   0x00000030   Code   RO         4294    i.app_entry_point_handler  ns_ble_task.o
    0x010034d8   0x010034d8   0x00000064   Code   RO         4295    i.app_get_handler   ns_ble_task.o
    0x0100353c   0x0100353c   0x000001c8   Code   RO         6784    i.app_gui_init      app_gui.o
    0x01003704   0x01003704   0x000000cc   Code   RO         6785    i.app_gui_task      app_gui.o
    0x010037d0   0x010037d0   0x00000030   Code   RO         4296    i.app_init_timeout_evt_handler  ns_ble_task.o
    0x01003800   0x01003800   0x000000dc   Code   RO         7165    i.app_key_configuration  xpt2046.o
    0x010038dc   0x010038dc   0x000000c8   Code   RO         4297    i.app_lsi_calib_evt_handler  ns_ble_task.o
    0x010039a4   0x010039a4   0x00000090   Code   RO         4298    i.app_msg_handler   ns_ble_task.o
    0x01003a34   0x01003a34   0x00000010   Code   RO         4901    i.app_rtc_get_unix  app_rtc.o
    0x01003a44   0x01003a44   0x00000086   Code   RO         4902    i.app_rtc_init      app_rtc.o
    0x01003aca   0x01003aca   0x00000002   PAD
    0x01003acc   0x01003acc   0x0000000c   Code   RO         4903    i.app_rtc_is_time_set  app_rtc.o
    0x01003ad8   0x01003ad8   0x00000018   Code   RO         4904    i.app_rtc_on_wakeup  app_rtc.o
    0x01003af0   0x01003af0   0x00000014   Code   RO         4906    i.app_rtc_set_unix  app_rtc.o
    0x01003b04   0x01003b04   0x0000001c   Code   RO         3614    i.app_sec_msg_dflt_handler  ns_sec.o
    0x01003b20   0x01003b20   0x00000090   Code   RO         3869    i.app_set_adv_data  ns_ble.o
    0x01003bb0   0x01003bb0   0x000000d0   Code   RO         3870    i.app_set_scan_rsp_data  ns_ble.o
    0x01003c80   0x01003c80   0x000000f0   Code   RO         3871    i.app_start_advertising  ns_ble.o
    0x01003d70   0x01003d70   0x00000048   Code   RO         3872    i.app_stop_advertising  ns_ble.o
    0x01003db8   0x01003db8   0x0000000c   Code   RO         4587    i.app_totp_ble_add_count  app_totp_ble.o
    0x01003dc4   0x01003dc4   0x000000a0   Code   RO         4588    i.app_totp_ble_add_service  app_totp_ble.o
    0x01003e64   0x01003e64   0x00000008   Code   RO         4589    i.app_totp_ble_get_key  app_totp_ble.o
    0x01003e6c   0x01003e6c   0x0000000c   Code   RO         4590    i.app_totp_ble_get_keylen  app_totp_ble.o
    0x01003e78   0x01003e78   0x0000000c   Code   RO         4591    i.app_totp_ble_get_tz_offset  app_totp_ble.o
    0x01003e84   0x01003e84   0x0000000c   Code   RO         4592    i.app_totp_ble_is_connected  app_totp_ble.o
    0x01003e90   0x01003e90   0x00000008   Code   RO         4593    i.app_totp_ble_last_rx_data  app_totp_ble.o
    0x01003e98   0x01003e98   0x0000000c   Code   RO         4594    i.app_totp_ble_last_rx_handle  app_totp_ble.o
    0x01003ea4   0x01003ea4   0x0000000c   Code   RO         4595    i.app_totp_ble_last_rx_len  app_totp_ble.o
    0x01003eb0   0x01003eb0   0x0000000c   Code   RO         4597    i.app_totp_ble_rx_count  app_totp_ble.o
    0x01003ebc   0x01003ebc   0x00000058   Code   RO         4598    i.app_totp_ble_set_connected  app_totp_ble.o
    0x01003f14   0x01003f14   0x00000002   Code   RO         4504    i.app_user_msg_handler  app_ble.o
    0x01003f16   0x01003f16   0x0000005a   Code   RO         4948    i.apply_mask        qrcodegen.o
    0x01003f70   0x01003f70   0x000000bc   Code   RO         3486    i.attm_att_set_value  lib_att.o
    0x0100402c   0x0100402c   0x00000074   Code   RO         4949    i.base32_encode     qrcodegen.o
    0x010040a0   0x010040a0   0x0000002a   Code   RO         5346    i.binsearch         lv_font_12.o
    0x010040ca   0x010040ca   0x0000002a   Code   RO         5378    i.binsearch         lv_font_16.o
    0x010040f4   0x010040f4   0x0000002a   Code   RO         5407    i.binsearch         lv_font_20.o
    0x0100411e   0x0100411e   0x00000014   Code   RO         4950    i.bit_get           qrcodegen.o
    0x01004132   0x01004132   0x0000002a   Code   RO         4951    i.bit_set           qrcodegen.o
    0x0100415c   0x0100415c   0x00000044   Code   RO         4952    i.bs_append         qrcodegen.o
    0x010041a0   0x010041a0   0x0000003c   Code   RO         5738    i.canvas_handle_draw  sc_canvas.o
    0x010041dc   0x010041dc   0x0000009c   Code   RO         5739    i.canvas_handle_key  sc_canvas.o
    0x01004278   0x01004278   0x0000014c   Code   RO         5740    i.canvas_handle_touch  sc_canvas.o
    0x010043c4   0x010043c4   0x0000002a   Code   RO         3269    i.check_client_char_cfg  rdts_common.o
    0x010043ee   0x010043ee   0x00000002   PAD
    0x010043f0   0x010043f0   0x00000308   Code   RO         4599    i.decode_cmd        app_totp_ble.o
    0x010046f8   0x010046f8   0x0000002a   Code   RO         3100    i.diss_check_val_len  diss.o
    0x01004722   0x01004722   0x00000002   Code   RO         3101    i.diss_cleanup      diss.o
    0x01004724   0x01004724   0x00000026   Code   RO         3102    i.diss_compute_cfg_flag  diss.o
    0x0100474a   0x0100474a   0x00000002   Code   RO         3103    i.diss_create       diss.o
    0x0100474c   0x0100474c   0x00000024   Code   RO         3104    i.diss_destroy      diss.o
    0x01004770   0x01004770   0x00000030   Code   RO         3105    i.diss_handle_to_value  diss.o
    0x010047a0   0x010047a0   0x00000088   Code   RO         3106    i.diss_init         diss.o
    0x01004828   0x01004828   0x00000008   Code   RO         3107    i.diss_prf_itf_get  diss.o
    0x01004830   0x01004830   0x000000b0   Code   RO         3199    i.diss_set_value_req_handler  diss_task.o
    0x010048e0   0x010048e0   0x00000020   Code   RO         3200    i.diss_task_init    diss_task.o
    0x01004900   0x01004900   0x00000090   Code   RO         3201    i.diss_value_cfm_handler  diss_task.o
    0x01004990   0x01004990   0x000000d4   Code   RO         4454    i.diss_value_req_ind_handler  app_dis.o
    0x01004a64   0x01004a64   0x00000034   Code   RO         3108    i.diss_value_to_handle  diss.o
    0x01004a98   0x01004a98   0x00000068   Code   RO         4953    i.draw_alignment    qrcodegen.o
    0x01004b00   0x01004b00   0x00000088   Code   RO         4954    i.draw_finder       qrcodegen.o
    0x01004b88   0x01004b88   0x000000e8   Code   RO         4955    i.draw_format_info  qrcodegen.o
    0x01004c70   0x01004c70   0x00000188   Code   RO         4956    i.draw_function_patterns  qrcodegen.o
    0x01004df8   0x01004df8   0x00000068   Code   RO         4957    i.draw_version_info  qrcodegen.o
    0x01004e60   0x01004e60   0x00000030   Code   RO         4600    i.dump_hex          app_totp_ble.o
    0x01004e90   0x01004e90   0x000000ac   Code   RO         6786    i.force_redraw_widgets  app_gui.o
    0x01004f3c   0x01004f3c   0x00000018   Code   RO         6787    i.format_code       app_gui.o
    0x01004f54   0x01004f54   0x00000038   Code   RO         3585    i.fputc             ns_log_usart.o
    0x01004f8c   0x01004f8c   0x00000048   Code   RO         5811    i.frame_handle_draw  sc_frame.o
    0x01004fd4   0x01004fd4   0x00000004   Code   RO         5812    i.frame_handle_key  sc_frame.o
    0x01004fd8   0x01004fd8   0x00000054   Code   RO         7495    i.free              mc_p.l(malloc.o)
    0x0100502c   0x0100502c   0x00000188   Code   RO         3615    i.gapc_bond_ind_handler  ns_sec.o
    0x010051b4   0x010051b4   0x00000204   Code   RO         3616    i.gapc_bond_req_ind_handler  ns_sec.o
    0x010053b8   0x010053b8   0x00000058   Code   RO         4299    i.gapc_cmp_evt_handler  ns_ble_task.o
    0x01005410   0x01005410   0x00000088   Code   RO         4300    i.gapc_conn_rssi_ind_handler  ns_ble_task.o
    0x01005498   0x01005498   0x0000016c   Code   RO         4301    i.gapc_connection_req_ind_handler  ns_ble_task.o
    0x01005604   0x01005604   0x00000088   Code   RO         4302    i.gapc_disconnect_ind_handler  ns_ble_task.o
    0x0100568c   0x0100568c   0x0000003c   Code   RO         3617    i.gapc_encrypt_ind_handler  ns_sec.o
    0x010056c8   0x010056c8   0x00000170   Code   RO         3618    i.gapc_encrypt_req_ind_handler  ns_sec.o
    0x01005838   0x01005838   0x000000a0   Code   RO         4303    i.gapc_get_dev_info_req_ind_handler  ns_ble_task.o
    0x010058d8   0x010058d8   0x00000044   Code   RO         4304    i.gapc_le_phy_ind_handler  ns_ble_task.o
    0x0100591c   0x0100591c   0x00000034   Code   RO         4305    i.gapc_le_pkt_size_ind_handler  ns_ble_task.o
    0x01005950   0x01005950   0x00000074   Code   RO         4306    i.gapc_param_update_req_ind_handler  ns_ble_task.o
    0x010059c4   0x010059c4   0x0000004c   Code   RO         4307    i.gapc_param_updated_ind_handler  ns_ble_task.o
    0x01005a10   0x01005a10   0x00000054   Code   RO         4308    i.gapc_set_dev_info_req_ind_handler  ns_ble_task.o
    0x01005a64   0x01005a64   0x0000004c   Code   RO         4309    i.gapm_activity_created_ind_handler  ns_ble_task.o
    0x01005ab0   0x01005ab0   0x000000cc   Code   RO         4310    i.gapm_activity_stopped_ind_handler  ns_ble_task.o
    0x01005b7c   0x01005b7c   0x00000044   Code   RO         4311    i.gapm_addr_solved_ind_handler  ns_ble_task.o
    0x01005bc0   0x01005bc0   0x000003a4   Code   RO         4312    i.gapm_cmp_evt_handler  ns_ble_task.o
    0x01005f64   0x01005f64   0x000000dc   Code   RO         4313    i.gapm_ext_adv_repoer_ind_handler  ns_ble_task.o
    0x01006040   0x01006040   0x0000002c   Code   RO         4314    i.gapm_gen_rand_nb_ind_handler  ns_ble_task.o
    0x0100606c   0x0100606c   0x0000002c   Code   RO         4315    i.gapm_profile_added_ind_handler  ns_ble_task.o
    0x01006098   0x01006098   0x00000040   Code   RO         3363    i.gattc_att_info_req_ind_handler  rdtss_task.o
    0x010060d8   0x010060d8   0x00000068   Code   RO         3364    i.gattc_cmp_evt_handler  rdtss_task.o
    0x01006140   0x01006140   0x0000008c   Code   RO         4316    i.gattc_cmp_evt_handler  ns_ble_task.o
    0x010061cc   0x010061cc   0x00000074   Code   RO         4317    i.gattc_mtu_changed_ind_handler  ns_ble_task.o
    0x01006240   0x01006240   0x000000d8   Code   RO         3202    i.gattc_read_req_ind_handler  diss_task.o
    0x01006318   0x01006318   0x000000e0   Code   RO         3365    i.gattc_read_req_ind_handler  rdtss_task.o
    0x010063f8   0x010063f8   0x000000ec   Code   RO         3366    i.gattc_write_req_ind_handler  rdtss_task.o
    0x010064e4   0x010064e4   0x00000068   Code   RO         3270    i.get_cfg_handle    rdts_common.o
    0x0100654c   0x0100654c   0x00000050   Code   RO         3271    i.get_value_handle  rdts_common.o
    0x0100659c   0x0100659c   0x00000024   Code   RO         4958    i.gf_mul            qrcodegen.o
    0x010065c0   0x010065c0   0x000000a8   Code   RO         4856    i.hmac_sha1         app_totp.o
    0x01006668   0x01006668   0x00000008   Code   RO         4959    i.iabs_             qrcodegen.o
    0x01006670   0x01006670   0x00000034   Code   RO         5948    i.label_handle_draw  sc_label.o
    0x010066a4   0x010066a4   0x00000004   Code   RO         5949    i.label_handle_key  sc_label.o
    0x010066a8   0x010066a8   0x00000030   Code   RO         2780    i.llhwc_modem_setmode  rwip_driver.o
    0x010066d8   0x010066d8   0x00000100   Code   RO         2781    i.llhwc_phy_prerx_flash  rwip_driver.o
    0x010067d8   0x010067d8   0x00000088   Code   RO         2782    i.llhwc_setmode_reg_config  rwip_driver.o
    0x01006860   0x01006860   0x00000080   Code   RO         6341    i.lv_txt_utf8_next  sc_font.o
    0x010068e0   0x010068e0   0x0000014c   Code   RO         4710    i.main              main.o
    0x01006a2c   0x01006a2c   0x0000006c   Code   RO         7496    i.malloc            mc_p.l(malloc.o)
    0x01006a98   0x01006a98   0x00000084   Code   RO         4960    i.mask_bit          qrcodegen.o
    0x01006b1c   0x01006b1c   0x00000070   Code   RO         3873    i.ns_EXTI4_12_IRQHandler  ns_ble.o
    0x01006b8c   0x01006b8c   0x0000012c   Code   RO         3874    i.ns_HardFault_Handler  ns_ble.o
    0x01006cb8   0x01006cb8   0x00000020   Code   RO         3876    i.ns_ble_add_prf_func_register  ns_ble.o
    0x01006cd8   0x01006cd8   0x00000040   Code   RO         3877    i.ns_ble_add_svc    ns_ble.o
    0x01006d18   0x01006d18   0x00000088   Code   RO         3879    i.ns_ble_adv_fsm_next  ns_ble.o
    0x01006da0   0x01006da0   0x00000048   Code   RO         3880    i.ns_ble_adv_init   ns_ble.o
    0x01006de8   0x01006de8   0x00000050   Code   RO         3881    i.ns_ble_adv_start  ns_ble.o
    0x01006e38   0x01006e38   0x00000028   Code   RO         3882    i.ns_ble_adv_stop   ns_ble.o
    0x01006e60   0x01006e60   0x00000044   Code   RO         3883    i.ns_ble_create_init  ns_ble.o
    0x01006ea4   0x01006ea4   0x00000044   Code   RO         3884    i.ns_ble_create_scan  ns_ble.o
    0x01006ee8   0x01006ee8   0x0000004c   Code   RO         3885    i.ns_ble_delete_init  ns_ble.o
    0x01006f34   0x01006f34   0x00000048   Code   RO         3886    i.ns_ble_delete_scan  ns_ble.o
    0x01006f7c   0x01006f7c   0x00000044   Code   RO         3887    i.ns_ble_disconnect  ns_ble.o
    0x01006fc0   0x01006fc0   0x00000064   Code   RO         3889    i.ns_ble_evn_init   ns_ble.o
    0x01007024   0x01007024   0x00000064   Code   RO         3891    i.ns_ble_gap_init   ns_ble.o
    0x01007088   0x01007088   0x00000024   Code   RO         3894    i.ns_ble_get_connection_num  ns_ble.o
    0x010070ac   0x010070ac   0x000000ac   Code   RO         3897    i.ns_ble_list_set_ral  ns_ble.o
    0x01007158   0x01007158   0x00000080   Code   RO         3899    i.ns_ble_lsc_config  ns_ble.o
    0x010071d8   0x010071d8   0x00000034   Code   RO         3901    i.ns_ble_mtu_set    ns_ble.o
    0x0100720c   0x0100720c   0x00000024   Code   RO         3903    i.ns_ble_prf_task_register  ns_ble.o
    0x01007230   0x01007230   0x00000046   Code   RO         3908    i.ns_ble_scan_data_find  ns_ble.o
    0x01007276   0x01007276   0x00000002   PAD
    0x01007278   0x01007278   0x000000ac   Code   RO         3915    i.ns_ble_stack_init  ns_ble.o
    0x01007324   0x01007324   0x000000c4   Code   RO         3916    i.ns_ble_stack_vtor_init  ns_ble.o
    0x010073e8   0x010073e8   0x00000104   Code   RO         3917    i.ns_ble_start_init  ns_ble.o
    0x010074ec   0x010074ec   0x000000bc   Code   RO         3918    i.ns_ble_start_scan  ns_ble.o
    0x010075a8   0x010075a8   0x00000060   Code   RO         3919    i.ns_ble_stop_init  ns_ble.o
    0x01007608   0x01007608   0x00000050   Code   RO         3920    i.ns_ble_stop_scan  ns_ble.o
    0x01007658   0x01007658   0x000000b0   Code   RO         3921    i.ns_ble_update_param  ns_ble.o
    0x01007708   0x01007708   0x0000008c   Code   RO         3619    i.ns_bond_db_add_entry  ns_sec.o
    0x01007794   0x01007794   0x0000002c   Code   RO         3620    i.ns_bond_db_get_size  ns_sec.o
    0x010077c0   0x010077c0   0x0000001c   Code   RO         3621    i.ns_bond_db_load   ns_sec.o
    0x010077dc   0x010077dc   0x00000032   Code   RO         3623    i.ns_bond_last_bonded_peer_id  ns_sec.o
    0x0100780e   0x0100780e   0x00000002   PAD
    0x01007810   0x01007810   0x00000078   Code   RO         3624    i.ns_bond_last_bonded_ral_info  ns_sec.o
    0x01007888   0x01007888   0x0000008c   Code   RO         3625    i.ns_bond_resolv_addr_start  ns_sec.o
    0x01007914   0x01007914   0x000000b4   Code   RO         3626    i.ns_bond_search_addr_irk  ns_sec.o
    0x010079c8   0x010079c8   0x0000004c   Code   RO         3922    i.ns_iwdg_config    ns_ble.o
    0x01007a14   0x01007a14   0x00000064   Code   RO         3587    i.ns_log_usart_init  ns_log_usart.o
    0x01007a78   0x01007a78   0x000000b8   Code   RO         3924    i.ns_peripheral_config  ns_ble.o
    0x01007b30   0x01007b30   0x000000ec   Code   RO         3628    i.ns_sec_bond_store_evt_handler  ns_sec.o
    0x01007c1c   0x01007c1c   0x00000010   Code   RO         3629    i.ns_sec_get_bond_status  ns_sec.o
    0x01007c2c   0x01007c2c   0x0000000c   Code   RO         3630    i.ns_sec_get_iocap  ns_sec.o
    0x01007c38   0x01007c38   0x00000064   Code   RO         3631    i.ns_sec_init       ns_sec.o
    0x01007c9c   0x01007c9c   0x00000018   Code   RO         3528    i.ns_sleep_lock_acquire  ns_sleep.o
    0x01007cb4   0x01007cb4   0x00000018   Code   RO         3529    i.ns_sleep_lock_release  ns_sleep.o
    0x01007ccc   0x01007ccc   0x00000040   Code   RO         3925    i.patchx_enable     ns_ble.o
    0x01007d0c   0x01007d0c   0x000001fa   Code   RO         4961    i.penalty_score     qrcodegen.o
    0x01007f06   0x01007f06   0x00000098   Code   RO         4962    i.place_codewords   qrcodegen.o
    0x01007f9e   0x01007f9e   0x00000002   PAD
    0x01007fa0   0x01007fa0   0x00000074   Code   RO         6788    i.poll_keys         app_gui.o
    0x01008014   0x01008014   0x00000084   Code   RO         2965    i.prf_add_profile   prf.o
    0x01008098   0x01008098   0x00000010   Code   RO         2968    i.prf_dst_task_get  prf.o
    0x010080a8   0x010080a8   0x00000030   Code   RO         2969    i.prf_env_get       prf.o
    0x010080d8   0x010080d8   0x00000034   Code   RO         2970    i.prf_get_id_from_task  prf.o
    0x0100810c   0x0100810c   0x00000024   Code   RO         2971    i.prf_get_itf_func_register  prf.o
    0x01008130   0x01008130   0x00000034   Code   RO         2972    i.prf_get_task_from_id  prf.o
    0x01008164   0x01008164   0x00000080   Code   RO         2973    i.prf_init          prf.o
    0x010081e4   0x010081e4   0x0000002c   Code   RO         2974    i.prf_itf_get       prf.o
    0x01008210   0x01008210   0x00000300   Code   RO         4963    i.qr_encode_bytes   qrcodegen.o
    0x01008510   0x01008510   0x00000022   Code   RO         4964    i.qr_get_module     qrcodegen.o
    0x01008532   0x01008532   0x00000002   PAD
    0x01008534   0x01008534   0x00000030   Code   RO         2783    i.radio_freq_cal_from_trim  rwip_driver.o
    0x01008564   0x01008564   0x00000038   Code   RO         3367    i.rdtss_att_get_value  rdtss_task.o
    0x0100859c   0x0100859c   0x00000040   Code   RO         3368    i.rdtss_att_info_rsp_handler  rdtss_task.o
    0x010085dc   0x010085dc   0x00000064   Code   RO         3369    i.rdtss_att_set_value  rdtss_task.o
    0x01008640   0x01008640   0x00000048   Code   RO         3315    i.rdtss_cleanup     rdtss.o
    0x01008688   0x01008688   0x00000048   Code   RO         3316    i.rdtss_create      rdtss.o
    0x010086d0   0x010086d0   0x00000028   Code   RO         3317    i.rdtss_destroy     rdtss.o
    0x010086f8   0x010086f8   0x0000001c   Code   RO         3272    i.rdtss_get_att_handle  rdts_common.o
    0x01008714   0x01008714   0x00000026   Code   RO         3273    i.rdtss_get_att_idx  rdts_common.o
    0x0100873a   0x0100873a   0x00000094   Code   RO         3318    i.rdtss_init        rdtss.o
    0x010087ce   0x010087ce   0x00000002   PAD
    0x010087d0   0x010087d0   0x00000044   Code   RO         3370    i.rdtss_init_ccc_values  rdtss_task.o
    0x01008814   0x01008814   0x00000008   Code   RO         3319    i.rdtss_prf_itf_get  rdtss.o
    0x0100881c   0x0100881c   0x00000030   Code   RO         3371    i.rdtss_set_ccc_value  rdtss_task.o
    0x0100884c   0x0100884c   0x00000020   Code   RO         3372    i.rdtss_task_init   rdtss_task.o
    0x0100886c   0x0100886c   0x000000ae   Code   RO         3373    i.rdtss_val_ind_req_handler  rdtss_task.o
    0x0100891a   0x0100891a   0x00000004   Code   RO         4601    i.rdtss_val_ntf_cfm_handler  app_totp_ble.o
    0x0100891e   0x0100891e   0x00000002   PAD
    0x01008920   0x01008920   0x000000bc   Code   RO         3374    i.rdtss_val_ntf_req_handler  rdtss_task.o
    0x010089dc   0x010089dc   0x00000020   Code   RO         3375    i.rdtss_val_set_req_handler  rdtss_task.o
    0x010089fc   0x010089fc   0x0000017c   Code   RO         4602    i.rdtss_val_write_ind_handler  app_totp_ble.o
    0x01008b78   0x01008b78   0x00000064   Code   RO         4603    i.rdtss_value_req_ind_handler  app_totp_ble.o
    0x01008bdc   0x01008bdc   0x0000007c   Code   RO         3376    i.rdtss_value_req_rsp_handler  rdtss_task.o
    0x01008c58   0x01008c58   0x000000ec   Code   RO         6789    i.render_debug      app_gui.o
    0x01008d44   0x01008d44   0x000000f8   Code   RO         6790    i.render_qr         app_gui.o
    0x01008e3c   0x01008e3c   0x00000128   Code   RO         6791    i.render_running    app_gui.o
    0x01008f64   0x01008f64   0x000000a0   Code   RO         6792    i.render_title_clock  app_gui.o
    0x01009004   0x01009004   0x000000e8   Code   RO         6793    i.render_waiting    app_gui.o
    0x010090ec   0x010090ec   0x00000074   Code   RO         2787    i.rf_tx_power_set   rwip_driver.o
    0x01009160   0x01009160   0x00000114   Code   RO         2444    i.rwip_init         rwip.o
    0x01009274   0x01009274   0x0000004c   Code   RO         2789    i.rwip_slp_isr      rwip_driver.o
    0x010092c0   0x010092c0   0x000000b0   Code   RO         2790    i.rwip_wakeup       rwip_driver.o
    0x01009370   0x01009370   0x00000014   Code   RO         7089    i.sEE_TIMEOUT_UserCallback  i2c_eeprom.o
    0x01009384   0x01009384   0x00000044   Code   RO         5741    i.sc_create_canvas  sc_canvas.o
    0x010093c8   0x010093c8   0x00000048   Code   RO         5813    i.sc_create_frame   sc_frame.o
    0x01009410   0x01009410   0x00000034   Code   RO         5950    i.sc_create_label   sc_label.o
    0x01009444   0x01009444   0x00000048   Code   RO         6133    i.sc_create_slider  sc_slider.o
    0x0100948c   0x0100948c   0x0000003c   Code   RO         6248    i.sc_create_task    sc_event_task.o
    0x010094c8   0x010094c8   0x00000038   Code   RO         5536    i.sc_obj_create     sc_obj_list.o
    0x01009500   0x01009500   0x00000076   Code   RO         5538    i.sc_obj_list_add   sc_obj_list.o
    0x01009576   0x01009576   0x0000004c   Code   RO         5544    i.sc_obj_set_geometry  sc_obj_list.o
    0x010095c2   0x010095c2   0x00000024   Code   RO         5951    i.sc_set_label_text  sc_label.o
    0x010095e6   0x010095e6   0x00000004   Code   RO         6134    i.sc_set_slider_value  sc_slider.o
    0x010095ea   0x010095ea   0x00000002   PAD
    0x010095ec   0x010095ec   0x000000c8   Code   RO         6254    i.sc_task_loop      sc_event_task.o
    0x010096b4   0x010096b4   0x00000194   Code   RO         5605    i.sc_widget_draw_actice  sc_obj_widget.o
    0x01009848   0x01009848   0x0000007c   Code   RO         5606    i.sc_widget_draw_screen  sc_obj_widget.o
    0x010098c4   0x010098c4   0x00000090   Code   RO         5607    i.sc_widget_move_pos  sc_obj_widget.o
    0x01009954   0x01009954   0x0000008c   Code   RO         5609    i.sc_widget_touch_rel  sc_obj_widget.o
    0x010099e0   0x010099e0   0x00000024   Code   RO         6794    i.set_progress      app_gui.o
    0x01009a04   0x01009a04   0x00000076   Code   RO         4857    i.sha1_final        app_totp.o
    0x01009a7a   0x01009a7a   0x00000002   PAD
    0x01009a7c   0x01009a7c   0x0000002c   Code   RO         4858    i.sha1_init         app_totp.o
    0x01009aa8   0x01009aa8   0x00000114   Code   RO         4859    i.sha1_transform    app_totp.o
    0x01009bbc   0x01009bbc   0x0000006c   Code   RO         4860    i.sha1_update       app_totp.o
    0x01009c28   0x01009c28   0x00000044   Code   RO         6135    i.slider_handle_draw  sc_slider.o
    0x01009c6c   0x01009c6c   0x00000004   Code   RO         6136    i.slider_handle_key  sc_slider.o
    0x01009c70   0x01009c70   0x00000074   Code   RO         6137    i.slider_handle_touch  sc_slider.o
    0x01009ce4   0x01009ce4   0x00000082   Code   RO         4861    i.totp_compute      app_totp.o
    0x01009d66   0x01009d66   0x0000000c   Code   RO         4862    i.totp_counter_of   app_totp.o
    0x01009d72   0x01009d72   0x00000140   Data   RO           20    .constdata          system_n32wb03x.o
    0x01009eb2   0x01009eb2   0x0000000c   Data   RO          783    .constdata          n32wb03x_rcc.o
    0x01009ebe   0x01009ebe   0x000007e4   Data   RO         2033    .constdata          n32wb03x_qflash.o
    0x0100a6a2   0x0100a6a2   0x0000001e   Data   RO         2791    .constdata          rwip_driver.o
    0x0100a6c0   0x0100a6c0   0x000000a8   Data   RO         3109    .constdata          diss.o
    0x0100a768   0x0100a768   0x00000065   Data   RO         3203    .constdata          diss_task.o
    0x0100a7cd   0x0100a7cd   0x00000003   PAD
    0x0100a7d0   0x0100a7d0   0x00000010   Data   RO         3320    .constdata          rdtss.o
    0x0100a7e0   0x0100a7e0   0x00000048   Data   RO         3377    .constdata          rdtss_task.o
    0x0100a828   0x0100a828   0x00000028   Data   RO         3637    .constdata          ns_sec.o
    0x0100a850   0x0100a850   0x00000008   Data   RO         3638    .constdata          ns_sec.o
    0x0100a858   0x0100a858   0x0000015b   Data   RO         3639    .constdata          ns_sec.o
    0x0100a9b3   0x0100a9b3   0x00000001   PAD
    0x0100a9b4   0x0100a9b4   0x00000537   Data   RO         3927    .constdata          ns_ble.o
    0x0100aeeb   0x0100aeeb   0x00000001   PAD
    0x0100aeec   0x0100aeec   0x000002e8   Data   RO         4318    .constdata          ns_ble_task.o
    0x0100b1d4   0x0100b1d4   0x000000c0   Data   RO         4319    .constdata          ns_ble_task.o
    0x0100b294   0x0100b294   0x0000000c   Data   RO         4320    .constdata          ns_ble_task.o
    0x0100b2a0   0x0100b2a0   0x00000008   Data   RO         4455    .constdata          app_dis.o
    0x0100b2a8   0x0100b2a8   0x00000023   Data   RO         4456    .constdata          app_dis.o
    0x0100b2cb   0x0100b2cb   0x00000001   PAD
    0x0100b2cc   0x0100b2cc   0x000000b2   Data   RO         4605    .constdata          app_totp_ble.o
    0x0100b37e   0x0100b37e   0x00000002   PAD
    0x0100b380   0x0100b380   0x00000018   Data   RO         4606    .constdata          app_totp_ble.o
    0x0100b398   0x0100b398   0x00000060   Data   RO         4966    .constdata          qrcodegen.o
    0x0100b3f8   0x0100b3f8   0x000012d6   Data   RO         5347    .constdata          lv_font_12.o
    0x0100c6ce   0x0100c6ce   0x00000002   PAD
    0x0100c6d0   0x0100c6d0   0x00000480   Data   RO         5348    .constdata          lv_font_12.o
    0x0100cb50   0x0100cb50   0x00000122   Data   RO         5349    .constdata          lv_font_12.o
    0x0100cc72   0x0100cc72   0x00000002   PAD
    0x0100cc74   0x0100cc74   0x00000014   Data   RO         5350    .constdata          lv_font_12.o
    0x0100cc88   0x0100cc88   0x00000aa6   Data   RO         5379    .constdata          lv_font_16.o
    0x0100d72e   0x0100d72e   0x00000002   PAD
    0x0100d730   0x0100d730   0x00000318   Data   RO         5380    .constdata          lv_font_16.o
    0x0100da48   0x0100da48   0x000000c8   Data   RO         5381    .constdata          lv_font_16.o
    0x0100db10   0x0100db10   0x00000014   Data   RO         5382    .constdata          lv_font_16.o
    0x0100db24   0x0100db24   0x00000ff8   Data   RO         5408    .constdata          lv_font_20.o
    0x0100eb1c   0x0100eb1c   0x00000318   Data   RO         5409    .constdata          lv_font_20.o
    0x0100ee34   0x0100ee34   0x000000c8   Data   RO         5410    .constdata          lv_font_20.o
    0x0100eefc   0x0100eefc   0x00000014   Data   RO         5411    .constdata          lv_font_20.o
    0x0100ef10   0x0100ef10   0x0000000c   Data   RO         5742    .constdata          sc_canvas.o
    0x0100ef1c   0x0100ef1c   0x0000000c   Data   RO         5815    .constdata          sc_frame.o
    0x0100ef28   0x0100ef28   0x0000000c   Data   RO         5952    .constdata          sc_label.o
    0x0100ef34   0x0100ef34   0x0000000c   Data   RO         6138    .constdata          sc_slider.o
    0x0100ef40   0x0100ef40   0x00000048   Data   RO         6796    .conststring        app_gui.o
    0x0100ef88   0x0100ef88   0x00000020   Data   RO         7594    Region$$Table       anon$$obj.o


    Execution Region RW_IRAM1 (Exec base: 0x20004000, Load base: 0x0100efa8, Size: 0x000040d8, Max: 0x00008000, ABSOLUTE, COMPRESSED[0x00000128])

    Exec Addr    Load Addr    Size         Type   Attr      Idx    E Section Name        Object

    0x20004000   COMPRESSED   0x0000000c   Data   RW         2034    .data               n32wb03x_qflash.o
    0x2000400c   COMPRESSED   0x00000014   Data   RW         2792    .data               rwip_driver.o
    0x20004020   COMPRESSED   0x00000004   Data   RW         3530    .data               ns_sleep.o
    0x20004024   COMPRESSED   0x00000001   Data   RW         3588    .data               ns_log_usart.o
    0x20004025   COMPRESSED   0x0000001b   PAD
    0x20004040   COMPRESSED   0x000000f4   Data   RW         3928    .data               ns_ble.o
    0x20004134   COMPRESSED   0x00000002   Data   RW         4321    .data               ns_ble_task.o
    0x20004136   COMPRESSED   0x00000001   Data   RW         4322    .data               ns_ble_task.o
    0x20004137   COMPRESSED   0x00000001   PAD
    0x20004138   COMPRESSED   0x00000018   Data   RW         4607    .data               app_totp_ble.o
    0x20004150   COMPRESSED   0x00000010   Data   RW         4907    .data               app_rtc.o
    0x20004160   COMPRESSED   0x00000001   Data   RW         4967    .data               qrcodegen.o
    0x20004161   COMPRESSED   0x00000001   PAD
    0x20004162   COMPRESSED   0x00000006   Data   RW         5097    .data               lcd.o
    0x20004168   COMPRESSED   0x0000001c   Data   RW         5351    .data               lv_font_12.o
    0x20004184   COMPRESSED   0x00000014   Data   RW         5352    .data               lv_font_12.o
    0x20004198   COMPRESSED   0x0000001c   Data   RW         5383    .data               lv_font_16.o
    0x200041b4   COMPRESSED   0x00000014   Data   RW         5384    .data               lv_font_16.o
    0x200041c8   COMPRESSED   0x0000001c   Data   RW         5412    .data               lv_font_20.o
    0x200041e4   COMPRESSED   0x00000014   Data   RW         5413    .data               lv_font_20.o
    0x200041f8   COMPRESSED   0x00000014   Data   RW         5610    .data               sc_obj_widget.o
    0x2000420c   COMPRESSED   0x0000000c   Data   RW         6257    .data               sc_event_task.o
    0x20004218   COMPRESSED   0x00000004   Data   RW         6434    .data               sc_gui.o
    0x2000421c   COMPRESSED   0x00000020   Data   RW         6797    .data               app_gui.o
    0x2000423c   COMPRESSED   0x00000020   Data   RW         7091    .data               i2c_eeprom.o
    0x2000425c   COMPRESSED   0x00000002   Data   RW         7166    .data               xpt2046.o
    0x2000425e   COMPRESSED   0x00000002   PAD
    0x20004260   COMPRESSED   0x00000004   Data   RW         7218    .data               mc_p.l(rand.o)
    0x20004264   COMPRESSED   0x00000004   Data   RW         7579    .data               mc_p.l(mvars.o)
    0x20004268   COMPRESSED   0x00000004   Data   RW         7580    .data               mc_p.l(mvars.o)
    0x2000426c        -       0x00000034   Zero   RW           19    .bss                system_n32wb03x.o
    0x200042a0        -       0x00000328   Zero   RW         2032    .bss                n32wb03x_qflash.o
    0x200045c8        -       0x0000011c   Zero   RW         2976    .bss                prf.o
    0x200046e4        -       0x0000005c   Zero   RW         3636    .bss                ns_sec.o
    0x20004740        -       0x00000290   Zero   RW         3926    .bss                ns_ble.o
    0x200049d0        -       0x00000050   Zero   RW         4604    .bss                app_totp_ble.o
    0x20004a20        -       0x00000030   Zero   RW         4711    .bss                main.o
    0x20004a50        -       0x00000828   Zero   RW         4965    .bss                qrcodegen.o
    0x20005278        -       0x0000000e   Zero   RW         5092    .bss                lcd.o
    0x20005286   COMPRESSED   0x00000002   PAD
    0x20005288        -       0x000000a4   Zero   RW         6256    .bss                sc_event_task.o
    0x2000532c        -       0x00002024   Zero   RW         6432    .bss                sc_gui.o
    0x20007350        -       0x00000364   Zero   RW         6795    .bss                app_gui.o
    0x200076b4        -       0x00000020   Zero   RW         7090    .bss                i2c_eeprom.o
    0x200076d4   COMPRESSED   0x00000004   PAD
    0x200076d8        -       0x00000200   Zero   RW            2    HEAP                startup_n32wb03x.o
    0x200078d8        -       0x00000800   Zero   RW            1    STACK               startup_n32wb03x.o


==============================================================================

Image component sizes


      Code (inc. data)   RO Data    RW Data    ZI Data      Debug   Object Name

       576        178          0          0          0      11851   app_ble.o
       312        118         43          0          0       8720   app_dis.o
      2180        420         72         32        868      12313   app_gui.o
       206         20          0         16          0       3003   app_rtc.o
       856         28          0          0          0       5937   app_totp.o
      1656        914        202         24         80      11288   app_totp_ble.o
       364         14        168          0          0      16890   diss.o
       568         60        101          0          0      18382   diss_task.o
       464         44          0         32         32       3776   i2c_eeprom.o
      1976        132          0          6         14      17837   lcd.o
       188         10          0          0          0       1469   lib_att.o
       210          0       6284         48          0       4793   lv_font_12.o
       210          0       3738         48          0       2885   lv_font_16.o
       210          0       5100         48          0       2885   lv_font_20.o
       332         78          0          0         48      14350   main.o
       116         14          0          0          0       6836   misc.o
       256         16          0          0          0       6409   n32wb03x_dma.o
       148         16          0          0          0       2237   n32wb03x_exti.o
       562         38          0          0          0       4690   n32wb03x_gpio.o
       192         18          0          0          0       7519   n32wb03x_i2c.o
       156         20          0          0          0       3302   n32wb03x_it.o
       120         26       2020         12        808       4056   n32wb03x_qflash.o
       236         52         12          0          0       4229   n32wb03x_rcc.o
       512         60          0          0          0       7842   n32wb03x_rtc.o
       156         12          0          0          0       4512   n32wb03x_spi.o
       236         12          0          0          0       4634   n32wb03x_tim.o
       186         22          0          0          0       4035   n32wb03x_usart.o
      4634       1216       1335        244        656      94799   ns_ble.o
      3700        916        948          3          0      27781   ns_ble_task.o
       156         20          0          1          0       1308   ns_log_usart.o
      2430        538        395          0         92     105481   ns_sec.o
        48          8          0          4          0       1412   ns_sleep.o
       508         32          0          0        284       8042   prf.o
      2940         86         96          1       2088      17838   qrcodegen.o
       292         10          0          0          0       6147   rdts_common.o
       340         16         16          0          0       8124   rdtss.o
      1514         74         72          0          0      29129   rdtss_task.o
       276         76          0          0          0     110895   rwip.o
       856        230         30         20          0      65952   rwip_driver.o
         0          0          0          0          0       2075   sc_arc.o
       616         26         12          0          0       7739   sc_canvas.o
       310         18          0         12        164       3586   sc_event_task.o
      1106          8          0          0          0       6957   sc_font.o
       148         10         12          0          0       2482   sc_frame.o
       996         22          0          4       8228       9335   sc_gui.o
         0          0          0          0          0      12940   sc_gui_demo.o
       144         10         12          0          0       2958   sc_label.o
       862         26          0          0          0       6207   sc_lcd.o
       250          0          0          0          0       3688   sc_obj_list.o
       812         26          0         20          0       7920   sc_obj_widget.o
       264          6         12          0          0       3990   sc_slider.o
        28          8        192          0       2560        668   startup_n32wb03x.o
       506         62        320          0         52     172739   system_n32wb03x.o
       396         12          0          2          0       1833   xpt2046.o

    ----------------------------------------------------------------------
     37558       5842      21238        608      15980     918705   Object Totals
       192         64         32          0          0          0   (incl. Generated)
        50          0         14         31          6          0   (incl. Padding)

    ----------------------------------------------------------------------

      Code (inc. data)   RO Data    RW Data    ZI Data      Debug   Library Member Name

        86          0          0          0          0          0   __dczerorl2.o
         0          0          0          0          0          0   entry.o
         0          0          0          0          0          0   entry10a.o
         0          0          0          0          0          0   entry11a.o
         8          4          0          0          0          0   entry2.o
         4          0          0          0          0          0   entry5.o
         0          0          0          0          0          0   entry7b.o
         0          0          0          0          0          0   entry8b.o
         8          4          0          0          0          0   entry9a.o
        40          0          0          0          0         72   idiv.o
        36          8          0          0          0         68   init.o
         0          0          0          0          0          0   iusefp.o
        76          0          0          0          0         76   ldiv.o
        32          0          0          0          0         68   llshl.o
        34          0          0          0          0         68   llushr.o
       192         20          0          0          0        144   malloc.o
        26          0          0          0          0         72   memcmp.o
        64          0          0          0          0         68   memmovea.o
        36          0          0          0          0        100   memseta.o
         0          0          0          8          0          0   mvars.o
      1246         58          0          0          0        468   printf8.o
        36         12          0          4          0        120   rand.o
        44          0          0          0          0         72   uidiv.o
        96          0          0          0          0         84   uldiv.o
        20          0          0          0          0         60   uread4.o
       124          0          0          0          0         72   fdiv.o
       130          0          0          0          0        144   fepilogue.o
        48          0          0          0          0         68   ffixul.o
        14          0          0          0          0         68   ffltui.o
        28          0          0          0          0         68   ffltul.o
       122          0          0          0          0         72   fmul.o

    ----------------------------------------------------------------------
      2556        106          0         12          0       2032   Library Totals
         6          0          0          0          0          0   (incl. Padding)

    ----------------------------------------------------------------------

      Code (inc. data)   RO Data    RW Data    ZI Data      Debug   Library Name

      2084        106          0         12          0       1540   mc_p.l
       466          0          0          0          0        492   mf_p.l

    ----------------------------------------------------------------------
      2556        106          0         12          0       2032   Library Totals

    ----------------------------------------------------------------------

==============================================================================


      Code (inc. data)   RO Data    RW Data    ZI Data      Debug   

     40114       5948      21238        620      15980     904073   Grand Totals
     40114       5948      21238        296      15980     904073   ELF Image Totals (compressed)
     40114       5948      21238        296          0          0   ROM Totals

==============================================================================

    Total RO  Size (Code + RO Data)                61352 (  59.91kB)
    Total RW  Size (RW Data + ZI Data)             16600 (  16.21kB)
    Total ROM Size (Code + RO Data + RW Data)      61648 (  60.20kB)

==============================================================================

