Component: ARM Compiler 5.06 update 5 (build 528) Tool: armlink [4d35e2]

==============================================================================

Section Cross References

    startup_n32wb03x.o(RESET) refers to startup_n32wb03x.o(STACK) for __initial_sp
    startup_n32wb03x.o(RESET) refers to startup_n32wb03x.o(.text) for Reset_Handler
    startup_n32wb03x.o(RESET) refers to n32wb03x_it.o(i.NMI_Handler) for NMI_Handler
    startup_n32wb03x.o(RESET) refers to n32wb03x_it.o(i.HardFault_Handler) for HardFault_Handler
    startup_n32wb03x.o(RESET) refers to port.o(i.SVC_Handler) for SVC_Handler
    startup_n32wb03x.o(RESET) refers to port.o(.emb_text) for PendSV_Handler
    startup_n32wb03x.o(RESET) refers to port.o(i.SysTick_Handler) for SysTick_Handler
    startup_n32wb03x.o(RESET) refers to n32wb03x_it.o(i.RTC_IRQHandler) for RTC_IRQHandler
    startup_n32wb03x.o(RESET) refers to xpt2046.o(i.EXTI4_12_IRQHandler) for EXTI4_12_IRQHandler
    startup_n32wb03x.o(RESET) refers to n32wb03x_it.o(i.DMA_Channel1_2_3_4_IRQHandler) for DMA_Channel1_2_3_4_IRQHandler
    startup_n32wb03x.o(RESET) refers to n32wb03x_it.o(i.TIM3_IRQHandler) for TIM3_IRQHandler
    startup_n32wb03x.o(RESET) refers to i2c_eeprom.o(i.I2C1_IRQHandler) for I2C1_IRQHandler
    startup_n32wb03x.o(.text) refers to system_n32wb03x.o(i.SystemInit) for SystemInit
    startup_n32wb03x.o(.text) refers to entry.o(.ARM.Collect$$$$00000000) for __main
    system_n32wb03x.o(i.RCC_HsiCalib) refers to system_n32wb03x.o(.emb_text) for system_delay_cycles
    system_n32wb03x.o(i.SystemCoreClockUpdate) refers to system_n32wb03x.o(.data) for .data
    system_n32wb03x.o(i.SystemGetMacAddr) refers to system_n32wb03x.o(i.SystemTrimValueRead) for SystemTrimValueRead
    system_n32wb03x.o(i.SystemGetMacAddr) refers to system_n32wb03x.o(.bss) for .bss
    system_n32wb03x.o(i.SystemGetUUID) refers to system_n32wb03x.o(i.SystemTrimValueRead) for SystemTrimValueRead
    system_n32wb03x.o(i.SystemGetUUID) refers to system_n32wb03x.o(.bss) for .bss
    system_n32wb03x.o(i.SystemInit) refers to system_n32wb03x.o(i.SystemTrimValueRead) for SystemTrimValueRead
    system_n32wb03x.o(i.SystemInit) refers to system_n32wb03x.o(i.RCC_HsiCalib) for RCC_HsiCalib
    system_n32wb03x.o(i.SystemInit) refers to system_n32wb03x.o(.bss) for .bss
    system_n32wb03x.o(i.SystemTrimValueGet) refers to system_n32wb03x.o(i.SystemTrimValueRead) for SystemTrimValueRead
    system_n32wb03x.o(i.SystemTrimValueGet) refers to system_n32wb03x.o(.bss) for .bss
    system_n32wb03x.o(i.SystemTrimValueRead) refers to memmovea.o(.text) for __aeabi_memcpy
    system_n32wb03x.o(i.SystemTrimValueRead) refers to system_n32wb03x.o(.constdata) for .constdata
    system_n32wb03x.o(i.system_delay_n_10us) refers to system_n32wb03x.o(.emb_text) for system_delay_cycles
    n32wb03x_adc.o(i.ADC16Bit_ConverValueToVoltage) refers to system_n32wb03x.o(i.SystemTrimValueGet) for SystemTrimValueGet
    n32wb03x_adc.o(i.ADC16Bit_ConverValueToVoltage) refers to idiv.o(.text) for __aeabi_idivmod
    n32wb03x_adc.o(i.ADC_ConverValueToTemperature) refers to system_n32wb03x.o(i.SystemTrimValueGet) for SystemTrimValueGet
    n32wb03x_adc.o(i.ADC_ConverValueToTemperature) refers to ffltui.o(.text) for __aeabi_ui2f
    n32wb03x_adc.o(i.ADC_ConverValueToTemperature) refers to fadd.o(.text) for __aeabi_frsub
    n32wb03x_adc.o(i.ADC_ConverValueToTemperature) refers to f2d.o(.text) for __aeabi_f2d
    n32wb03x_adc.o(i.ADC_ConverValueToTemperature) refers to ddiv.o(.text) for __aeabi_ddiv
    n32wb03x_adc.o(i.ADC_ConverValueToTemperature) refers to dadd.o(.text) for __aeabi_dadd
    n32wb03x_adc.o(i.ADC_ConverValueToTemperature) refers to d2f.o(.text) for __aeabi_d2f
    n32wb03x_adc.o(i.ADC_ConverValueToVoltage) refers to system_n32wb03x.o(i.SystemTrimValueGet) for SystemTrimValueGet
    n32wb03x_adc.o(i.ADC_ConverValueToVoltage) refers to idiv.o(.text) for __aeabi_idivmod
    n32wb03x_adc.o(i.ADC_DeInit) refers to n32wb03x_rcc.o(i.RCC_EnableAHBPeriphReset) for RCC_EnableAHBPeriphReset
    n32wb03x_adc.o(i.ADC_DeInit) refers to n32wb03x_rcc.o(i.RCC_EnableAHBPeriphClk) for RCC_EnableAHBPeriphClk
    n32wb03x_gpio.o(i.GPIO_AFIOInitDefault) refers to n32wb03x_rcc.o(i.RCC_EnableAPB2PeriphReset) for RCC_EnableAPB2PeriphReset
    n32wb03x_gpio.o(i.GPIO_ConfigEXTILine) refers to n32wb03x_gpio.o(i.__ARM_common_switch8) for __ARM_common_switch8
    n32wb03x_gpio.o(i.GPIO_DeInit) refers to n32wb03x_rcc.o(i.RCC_EnableAPB2PeriphReset) for RCC_EnableAPB2PeriphReset
    n32wb03x_rcc.o(i.RCC_GetClocksFreqValue) refers to n32wb03x_rcc.o(.constdata) for .constdata
    n32wb03x_rcc.o(i.RCC_WaitHseStable) refers to n32wb03x_rcc.o(i.RCC_GetFlagStatus) for RCC_GetFlagStatus
    n32wb03x_rcc.o(i.RCC_WaitHsiStable) refers to n32wb03x_rcc.o(i.RCC_GetFlagStatus) for RCC_GetFlagStatus
    n32wb03x_rtc.o(i.RTC_ConfigAlarmSubSecond) refers to n32wb03x_rtc.o(i.RTC_EnableWriteProtection) for RTC_EnableWriteProtection
[...]
    ns_ble_prf_task_register                 0x01007689   Thumb Code    32  ns_ble.o(i.ns_ble_prf_task_register)
    ns_ble_scan_data_find                    0x010076ad   Thumb Code    70  ns_ble.o(i.ns_ble_scan_data_find)
    ns_ble_stack_init                        0x010076f5   Thumb Code   134  ns_ble.o(i.ns_ble_stack_init)
    ns_ble_start_init                        0x01007865   Thumb Code   230  ns_ble.o(i.ns_ble_start_init)
    ns_ble_start_scan                        0x01007969   Thumb Code   164  ns_ble.o(i.ns_ble_start_scan)
    ns_ble_stop_init                         0x01007a25   Thumb Code    54  ns_ble.o(i.ns_ble_stop_init)
    ns_ble_stop_scan                         0x01007a85   Thumb Code    60  ns_ble.o(i.ns_ble_stop_scan)
    ns_ble_update_param                      0x01007ad5   Thumb Code   126  ns_ble.o(i.ns_ble_update_param)
    ns_bond_last_bonded_peer_id              0x01007c59   Thumb Code    50  ns_sec.o(i.ns_bond_last_bonded_peer_id)
    ns_bond_last_bonded_ral_info             0x01007c8d   Thumb Code   100  ns_sec.o(i.ns_bond_last_bonded_ral_info)
    ns_bond_resolv_addr_start                0x01007d05   Thumb Code   108  ns_sec.o(i.ns_bond_resolv_addr_start)
    ns_bond_search_addr_irk                  0x01007d91   Thumb Code   116  ns_sec.o(i.ns_bond_search_addr_irk)
    ns_iwdg_config                           0x01007e45   Thumb Code    52  ns_ble.o(i.ns_iwdg_config)
    ns_log_usart_init                        0x01007e91   Thumb Code    90  ns_log_usart.o(i.ns_log_usart_init)
    ns_peripheral_config                     0x01007ef5   Thumb Code   128  ns_ble.o(i.ns_peripheral_config)
    ns_sec_bond_store_evt_handler            0x01007fad   Thumb Code   184  ns_sec.o(i.ns_sec_bond_store_evt_handler)
    ns_sec_get_bond_status                   0x01008099   Thumb Code    12  ns_sec.o(i.ns_sec_get_bond_status)
    ns_sec_get_iocap                         0x010080a9   Thumb Code     6  ns_sec.o(i.ns_sec_get_iocap)
    ns_sec_init                              0x010080b5   Thumb Code    84  ns_sec.o(i.ns_sec_init)
    ns_sleep_lock_acquire                    0x01008119   Thumb Code    20  ns_sleep.o(i.ns_sleep_lock_acquire)
    ns_sleep_lock_release                    0x01008131   Thumb Code    20  ns_sleep.o(i.ns_sleep_lock_release)
    prf_add_profile                          0x01008491   Thumb Code   126  prf.o(i.prf_add_profile)
    prf_dst_task_get                         0x01008515   Thumb Code    16  prf.o(i.prf_dst_task_get)
    prf_env_get                              0x01008525   Thumb Code    42  prf.o(i.prf_env_get)
    prf_get_id_from_task                     0x01008555   Thumb Code    48  prf.o(i.prf_get_id_from_task)
    prf_get_itf_func_register                0x01008589   Thumb Code    32  prf.o(i.prf_get_itf_func_register)
    prf_get_task_from_id                     0x010085ad   Thumb Code    48  prf.o(i.prf_get_task_from_id)
    prf_init                                 0x010085e1   Thumb Code   124  prf.o(i.prf_init)
    pxPortInitialiseStack                    0x0100883d   Thumb Code    28  port.o(i.pxPortInitialiseStack)
    qr_encode_bytes                          0x0100885d   Thumb Code   726  qrcodegen.o(i.qr_encode_bytes)
    qr_get_module                            0x01008b5d   Thumb Code    34  qrcodegen.o(i.qr_get_module)
    radio_freq_cal_from_trim                 0x01008b81   Thumb Code    30  rwip_driver.o(i.radio_freq_cal_from_trim)
    rdtss_get_att_handle                     0x01008d45   Thumb Code    28  rdts_common.o(i.rdtss_get_att_handle)
    rdtss_get_att_idx                        0x01008d61   Thumb Code    38  rdts_common.o(i.rdtss_get_att_idx)
    rdtss_init_ccc_values                    0x01008e1d   Thumb Code    62  rdtss_task.o(i.rdtss_init_ccc_values)
    rdtss_prf_itf_get                        0x01008e61   Thumb Code     4  rdtss.o(i.rdtss_prf_itf_get)
    rdtss_set_ccc_value                      0x01008e69   Thumb Code    48  rdtss_task.o(i.rdtss_set_ccc_value)
    rdtss_task_init                          0x01008e99   Thumb Code    28  rdtss_task.o(i.rdtss_task_init)
    rf_tx_power_set                          0x01009739   Thumb Code    98  rwip_driver.o(i.rf_tx_power_set)
    rwip_init                                0x0100983d   Thumb Code   200  rwip.o(i.rwip_init)
    rwip_slp_isr                             0x01009951   Thumb Code    56  rwip_driver.o(i.rwip_slp_isr)
    sEE_TIMEOUT_UserCallback                 0x01009a4d   Thumb Code     8  i2c_eeprom.o(i.sEE_TIMEOUT_UserCallback)
    sc_create_canvas                         0x01009a61   Thumb Code    62  sc_canvas.o(i.sc_create_canvas)
    sc_create_frame                          0x01009aa5   Thumb Code    66  sc_frame.o(i.sc_create_frame)
    sc_create_label                          0x01009aed   Thumb Code    46  sc_label.o(i.sc_create_label)
    sc_create_slider                         0x01009b21   Thumb Code    66  sc_slider.o(i.sc_create_slider)
    sc_create_task                           0x01009b69   Thumb Code    50  sc_event_task.o(i.sc_create_task)
    sc_obj_create                            0x01009ba5   Thumb Code    56  sc_obj_list.o(i.sc_obj_create)
    sc_obj_list_add                          0x01009bdd   Thumb Code   118  sc_obj_list.o(i.sc_obj_list_add)
    sc_obj_set_geometry                      0x01009c53   Thumb Code    76  sc_obj_list.o(i.sc_obj_set_geometry)
    sc_set_label_text                        0x01009c9f   Thumb Code    36  sc_label.o(i.sc_set_label_text)
    sc_set_slider_value                      0x01009cc3   Thumb Code     4  sc_slider.o(i.sc_set_slider_value)
    sc_task_loop                             0x01009cc9   Thumb Code   192  sc_event_task.o(i.sc_task_loop)
    sc_widget_draw_actice                    0x01009d91   Thumb Code   394  sc_obj_widget.o(i.sc_widget_draw_actice)
    sc_widget_draw_screen                    0x01009f25   Thumb Code   118  sc_obj_widget.o(i.sc_widget_draw_screen)
    sc_widget_move_pos                       0x01009fa1   Thumb Code   138  sc_obj_widget.o(i.sc_widget_move_pos)
    slider_handle_draw                       0x0100a305   Thumb Code    68  sc_slider.o(i.slider_handle_draw)
    slider_handle_key                        0x0100a349   Thumb Code     4  sc_slider.o(i.slider_handle_key)
    slider_handle_touch                      0x0100a34d   Thumb Code   116  sc_slider.o(i.slider_handle_touch)
    totp_compute                             0x0100a3c1   Thumb Code   130  app_totp.o(i.totp_compute)
    totp_counter_of                          0x0100a443   Thumb Code    12  app_totp.o(i.totp_counter_of)
    totp_task                                0x0100a44f   Thumb Code    18  app_tasks.o(i.totp_task)
    ulTaskNotifyTake                         0x0100a461   Thumb Code    90  tasks.o(i.ulTaskNotifyTake)
    uxListRemove                             0x0100a4c1   Thumb Code    38  list.o(i.uxListRemove)
    vApplicationGetIdleTaskMemory            0x0100a4e9   Thumb Code    16  app_tasks.o(i.vApplicationGetIdleTaskMemory)
    vListInitialise                          0x0100a4fd   Thumb Code    22  list.o(i.vListInitialise)
    vListInitialiseItem                      0x0100a513   Thumb Code     6  list.o(i.vListInitialiseItem)
    vListInsert                              0x0100a519   Thumb Code    48  list.o(i.vListInsert)
    vListInsertEnd                           0x0100a549   Thumb Code    24  list.o(i.vListInsertEnd)
    vPortEnterCritical                       0x0100a561   Thumb Code    20  port.o(i.vPortEnterCritical)
    vPortExitCritical                        0x0100a579   Thumb Code    14  port.o(i.vPortExitCritical)
    vPortYield                               0x0100a58d   Thumb Code    18  port.o(i.vPortYield)
    vTaskNotifyGiveFromISR                   0x0100a5a5   Thumb Code   110  tasks.o(i.vTaskNotifyGiveFromISR)
    vTaskStartScheduler                      0x0100a61d   Thumb Code    72  tasks.o(i.vTaskStartScheduler)
    vTaskSwitchContext                       0x0100a675   Thumb Code    70  tasks.o(i.vTaskSwitchContext)
    xPortStartScheduler                      0x0100a6c5   Thumb Code    50  port.o(i.xPortStartScheduler)
    xTaskCreateStatic                        0x0100a709   Thumb Code    60  tasks.o(i.xTaskCreateStatic)
    xTaskIncrementTick                       0x0100a745   Thumb Code   168  tasks.o(i.xTaskIncrementTick)
    TRIM_READ_CMD_CODE                       0x0100a7f4   Data         320  system_n32wb03x.o(.constdata)
    const_qflash_cmd                         0x0100a940   Data         804  n32wb03x_qflash.o(.constdata)
    TRIM_WRITE_CMD_CODE                      0x0100ac64   Data         512  n32wb03x_qflash.o(.constdata)
    TRIM_ERASE_CMD_CODE                      0x0100ae64   Data         384  n32wb03x_qflash.o(.constdata)
    OTP_LOCK                                 0x0100afe4   Data         320  n32wb03x_qflash.o(.constdata)
    diss_att_db                              0x0100b144   Data         152  diss.o(.constdata)
    diss_itf                                 0x0100b1dc   Data          16  diss.o(.constdata)
    rdtss_itf                                0x0100b254   Data          16  rdtss.o(.constdata)
    app_sec_msg_handler_list                 0x0100b2ac   Data          40  ns_sec.o(.constdata)
    app_sec_handlers                         0x0100b2d4   Data           8  ns_sec.o(.constdata)
    TASK_DESC_APP_M                          0x0100bd18   Data          12  ns_ble_task.o(.constdata)
    app_dis_msg_handler_list                 0x0100bd24   Data           8  app_dis.o(.constdata)
    app_dis_handlers                         0x0100bd2c   Data           8  app_dis.o(.constdata)
    canvas_vtbl                              0x0100f994   Data          12  sc_canvas.o(.constdata)
    frame_vtbl                               0x0100f9a0   Data          12  sc_frame.o(.constdata)
    label_vtbl                               0x0100f9ac   Data          12  sc_label.o(.constdata)
    slider_vtbl                              0x0100f9b8   Data          12  sc_slider.o(.constdata)
    Region$$Table$$Base                      0x0100fa0c   Number         0  anon$$obj.o(Region$$Table)
    Region$$Table$$Limit                     0x0100fa2c   Number         0  anon$$obj.o(Region$$Table)
    rwip_rst_state                           0x20000000   Data           0  symbol_g15.obj ABSOLUTE
    ecc_env                                  0x20000004   Data           0  symbol_g15.obj ABSOLUTE
    aa_gen                                   0x20000010   Data           0  symbol_g15.obj ABSOLUTE
    lld_exp_sync_pos_tab                     0x20000018   Data           0  symbol_g15.obj ABSOLUTE
    sch_slice_params                         0x2000004c   Data           0  symbol_g15.obj ABSOLUTE
    hci_ext_host                             0x20000054   Data           0  symbol_g15.obj ABSOLUTE
    g_modem_flag                             0x20000060   Data           0  symbol_g15.obj ABSOLUTE
    g_clock_src                              0x20000061   Data           0  symbol_g15.obj ABSOLUTE
    g_hci_transport_onff                     0x20000062   Data           0  symbol_g15.obj ABSOLUTE
    g_delay_div_param                        0x20000063   Data           0  symbol_g15.obj ABSOLUTE
    g_delay_us_div_param                     0x20000064   Data           0  symbol_g15.obj ABSOLUTE
    g_loop_test                              0x20000065   Data           0  symbol_g15.obj ABSOLUTE
    g_ota_test                               0x20000066   Data           0  symbol_g15.obj ABSOLUTE
    g_ota_test_mtu_247_dle                   0x20000067   Data           0  symbol_g15.obj ABSOLUTE
    g_cal_hsi_cnt_value                      0x20000068   Data           0  symbol_g15.obj ABSOLUTE
    g_system_hsi_clk                         0x2000006c   Data           0  symbol_g15.obj ABSOLUTE
    g_user_set_stack_start                   0x20000070   Data           0  symbol_g15.obj ABSOLUTE
    g_rwip_patch_addr                        0x20000074   Data           0  symbol_g15.obj ABSOLUTE
    g_phy_2mbps_support                      0x20000078   Data           0  symbol_g15.obj ABSOLUTE
    g_auto_start_data_length_req             0x20000079   Data           0  symbol_g15.obj ABSOLUTE
    g_sleep_sleep_enable                     0x2000007a   Data           0  symbol_g15.obj ABSOLUTE
    g_status_io_stat                         0x2000007b   Data           0  symbol_g15.obj ABSOLUTE
    g_timeoutcnt                             0x2000007c   Data           0  symbol_g15.obj ABSOLUTE
    g_sleep_status_flag                      0x20000080   Data           0  symbol_g15.obj ABSOLUTE
    g_lsi_count_n_syscle                     0x20000084   Data           0  symbol_g15.obj ABSOLUTE
    g_lsi_accuracy                           0x20000088   Data           0  symbol_g15.obj ABSOLUTE
    g_lsi_1_syscle_cal_value                 0x2000008c   Data           0  symbol_g15.obj ABSOLUTE
    g_lsi_1_syscle_cnt_value                 0x20000090   Data           0  symbol_g15.obj ABSOLUTE
    g_recalib_hsi_flag                       0x20000094   Data           0  symbol_g15.obj ABSOLUTE
    g_hsi_accuracy                           0x20000098   Data           0  symbol_g15.obj ABSOLUTE
    g_hci_transport_type                     0x2000009c   Data           0  symbol_g15.obj ABSOLUTE
    g_hci_transport_process                  0x2000009d   Data           0  symbol_g15.obj ABSOLUTE
    acl_flow_ctrl_num                        0x2000009e   Data           0  symbol_g15.obj ABSOLUTE
    acl_flow_ctrl                            0x2000009f   Data           0  symbol_g15.obj ABSOLUTE
    g_acl_tx_sch_interval                    0x200000a0   Data           0  symbol_g15.obj ABSOLUTE
    dma_recv_data_time_window_size           0x200000a4   Data           0  symbol_g15.obj ABSOLUTE
    g_length_2_data_intv                     0x200000a8   Data           0  symbol_g15.obj ABSOLUTE
    g_soft_flow_tx_dummy                     0x200000ac   Data           0  symbol_g15.obj ABSOLUTE
    g_soft_flow_rx_len                       0x200000b0   Data           0  symbol_g15.obj ABSOLUTE
    g_hci_ch_type                            0x200000b2   Data           0  symbol_g15.obj ABSOLUTE
    g_uart_bps                               0x200000b4   Data           0  symbol_g15.obj ABSOLUTE
    g_uart_irq_wakeup_time                   0x200000b8   Data           0  symbol_g15.obj ABSOLUTE
    g_spi_data_ready_2_irq_rise              0x200000bc   Data           0  symbol_g15.obj ABSOLUTE
    g_lpclk_drift                            0x200000c0   Data           0  symbol_g15.obj ABSOLUTE
    g_rc32k_trim                             0x200000c4   Data           0  symbol_g15.obj ABSOLUTE
    g_sch_prog_fifo_iar_branch               0x200000c6   Data           0  symbol_g15.obj ABSOLUTE
    g_sch_arb_insert_branch                  0x200000c7   Data           0  symbol_g15.obj ABSOLUTE
    g_le_coded_phy_500                       0x200000c8   Data           0  symbol_g15.obj ABSOLUTE
    g_app_init_branch                        0x200000c9   Data           0  symbol_g15.obj ABSOLUTE
    g_adv_intv                               0x200000ca   Data           0  symbol_g15.obj ABSOLUTE
    g_twrm                                   0x200000d2   Data           0  symbol_g15.obj ABSOLUTE
    g_twosc                                  0x200000d4   Data           0  symbol_g15.obj ABSOLUTE
    g_twext                                  0x200000d6   Data           0  symbol_g15.obj ABSOLUTE
    rwip_prog_delay                          0x200000d8   Data           0  symbol_g15.obj ABSOLUTE
    g_ramcode_work_flag                      0x200000d9   Data           0  symbol_g15.obj ABSOLUTE
    prf_add_profile_ptr                      0x200000dc   Data           0  symbol_g15.obj ABSOLUTE
    prf_get_task_from_id_ptr                 0x200000e0   Data           0  symbol_g15.obj ABSOLUTE
    prf_get_id_from_task_ptr                 0x200000e4   Data           0  symbol_g15.obj ABSOLUTE
    g_co_default_bdaddr                      0x200000fc   Data           0  symbol_g15.obj ABSOLUTE
    BLE_NORMAL_WIN_SIZE                      0x20000102   Data           0  symbol_g15.obj ABSOLUTE
    BLE_RX_DESC_NB                           0x20000103   Data           0  symbol_g15.obj ABSOLUTE
    RWIP_MINIMUM_SLEEP_TIME                  0x20000104   Data           0  symbol_g15.obj ABSOLUTE
    SCH_SCAN_EVT_DUR_DFT                     0x20000106   Data           0  symbol_g15.obj ABSOLUTE
    llm_local_le_feats                       0x20000108   Data           0  symbol_g15.obj ABSOLUTE
    g_attr_table                             0x20000110   Data           0  symbol_g15.obj ABSOLUTE
    ATTR_TABLE_LENGTH                        0x20000114   Data           0  symbol_g15.obj ABSOLUTE
    g_rwip_heap_env                          0x20000118   Data           0  symbol_g15.obj ABSOLUTE
    g_rwip_heap_env_size                     0x2000011c   Data           0  symbol_g15.obj ABSOLUTE
    g_rwip_heap_db                           0x20000120   Data           0  symbol_g15.obj ABSOLUTE
    g_rwip_heap_db_size                      0x20000124   Data           0  symbol_g15.obj ABSOLUTE
    g_rwip_heap_non_ret                      0x20000128   Data           0  symbol_g15.obj ABSOLUTE
    g_rwip_heap_non_ret_size                 0x2000012c   Data           0  symbol_g15.obj ABSOLUTE
    g_rwip_heap_msg                          0x20000130   Data           0  symbol_g15.obj ABSOLUTE
    g_rwip_heap_msg_size                     0x20000134   Data           0  symbol_g15.obj ABSOLUTE
    utils_recv_buf_ptr                       0x20000138   Data           0  symbol_g15.obj ABSOLUTE
    utils_max_buf_len                        0x2000013c   Data           0  symbol_g15.obj ABSOLUTE
    g_soft_flow_tx_buf                       0x20000140   Data           0  symbol_g15.obj ABSOLUTE
    g_soft_flow_tx_len                       0x20000144   Data           0  symbol_g15.obj ABSOLUTE
    g_app_tx_buf_ptr                         0x20000148   Data           0  symbol_g15.obj ABSOLUTE
    g_app_tx_buf_len                         0x2000014c   Data           0  symbol_g15.obj ABSOLUTE
    g_app_bone_table_ptr                     0x20000150   Data           0  symbol_g15.obj ABSOLUTE
    g_app_bone_table_size                    0x20000154   Data           0  symbol_g15.obj ABSOLUTE
    g_soft_flow_tx_callback                  0x2000015c   Data           0  symbol_g15.obj ABSOLUTE
    utils_recv_len                           0x20000160   Data           0  symbol_g15.obj ABSOLUTE
    g_recv_len                               0x20000162   Data           0  symbol_g15.obj ABSOLUTE
    s_dma_spis_set_rx_len                    0x2000018c   Data           0  symbol_g15.obj ABSOLUTE
    s_dma_spis_set_tx_len                    0x2000018e   Data           0  symbol_g15.obj ABSOLUTE
    s_dma_lpuart_set_len                     0x20000190   Data           0  symbol_g15.obj ABSOLUTE
    TASK_DESC_APP_SEC                        0x20000194   Data           0  symbol_g15.obj ABSOLUTE
    g_version                                0x200001a1   Data           0  symbol_g15.obj ABSOLUTE
    ota_test_mode                            0x200001a8   Data           0  symbol_g15.obj ABSOLUTE
    ota_send_num_idx                         0x200001ac   Data           0  symbol_g15.obj ABSOLUTE
    gattc_state                              0x200001b0   Data           0  symbol_g15.obj ABSOLUTE
    gattm_state                              0x200001b4   Data           0  symbol_g15.obj ABSOLUTE
    gapc_state                               0x200001b5   Data           0  symbol_g15.obj ABSOLUTE
    gapm_state                               0x200001b9   Data           0  symbol_g15.obj ABSOLUTE
    l2cc_state                               0x200001ba   Data           0  symbol_g15.obj ABSOLUTE
    ahi_state                                0x200001be   Data           0  symbol_g15.obj ABSOLUTE
    __stdout                                 0x200001c4   Data           0  symbol_g15.obj ABSOLUTE
    ke_env                                   0x200001c8   Data           0  symbol_g15.obj ABSOLUTE
    rwip_rf                                  0x20000274   Data           0  symbol_g15.obj ABSOLUTE
    rwip_env                                 0x200002a8   Data           0  symbol_g15.obj ABSOLUTE
    aes_env                                  0x200002c8   Data           0  symbol_g15.obj ABSOLUTE
    llc_env                                  0x200002fc   Data           0  symbol_g15.obj ABSOLUTE
    lld_env                                  0x2000030c   Data           0  symbol_g15.obj ABSOLUTE
    lld_sync_env                             0x20000430   Data           0  symbol_g15.obj ABSOLUTE
    llm_env                                  0x20000440   Data           0  symbol_g15.obj ABSOLUTE
    hci_env                                  0x20000978   Data           0  symbol_g15.obj ABSOLUTE
    hci_tl_acl_env                           0x200009b4   Data           0  symbol_g15.obj ABSOLUTE
    utils_env                                0x20000a3c   Data           0  symbol_g15.obj ABSOLUTE
    user_prf_env                             0x20000b30   Data           0  symbol_g15.obj ABSOLUTE
    gattc_env                                0x20000b58   Data           0  symbol_g15.obj ABSOLUTE
    gattm_env                                0x20000b68   Data           0  symbol_g15.obj ABSOLUTE
    gapc_env                                 0x20000ba0   Data           0  symbol_g15.obj ABSOLUTE
    gapm_env                                 0x20000bb0   Data           0  symbol_g15.obj ABSOLUTE
    l2cc_env                                 0x20000c00   Data           0  symbol_g15.obj ABSOLUTE
    l2cm_env                                 0x20000c10   Data           0  symbol_g15.obj ABSOLUTE
    ahi_env                                  0x20000ce4   Data           0  symbol_g15.obj ABSOLUTE
    CMD_FLASH_SE                             0x20004000   Data           4  n32wb03x_qflash.o(.data)
    CMD_FLASH_WRITE                          0x20004004   Data           4  n32wb03x_qflash.o(.data)
    CMD_FLASH_READ                           0x20004008   Data           4  n32wb03x_qflash.o(.data)
    g_rf_tx_power                            0x2000400c   Data           1  rwip_driver.o(.data)
    ns_sleep_lock                            0x20004020   Data           4  ns_sleep.o(.data)
    user_HardFault_Handler                   0x20004040   Data           4  ns_ble.o(.data)
    user_EXTI4_12_IRQHandler                 0x20004044   Data           4  ns_ble.o(.data)
    app_state                                0x20004136   Data           1  ns_ble_task.o(.data)
    g_ble_task_handle                        0x20004160   Data           4  app_tasks.o(.data)
    g_gui_task_handle                        0x20004164   Data           4  app_tasks.o(.data)
    g_totp_task_handle                       0x20004168   Data           4  app_tasks.o(.data)
    pxCurrentTCB                             0x20004170   Data           4  tasks.o(.data)
    spi_dma_tx_complete                      0x200041ac   Data           1  lcd.o(.data)
    POINT_COLOR                              0x200041ae   Data           2  lcd.o(.data)
    BACK_COLOR                               0x200041b0   Data           2  lcd.o(.data)
    lv_font_12                               0x200041d0   Data          20  lv_font_12.o(.data)
    lv_font_16                               0x20004200   Data          20  lv_font_16.o(.data)
    lv_font_20                               0x20004230   Data          20  lv_font_20.o(.data)
    g_dirty_area                             0x20004250   Data           8  sc_obj_widget.o(.data)
    system_tick                              0x2000425c   Data           4  sc_event_task.o(.data)
    sc_tick                                  0x20004260   Data           4  sc_event_task.o(.data)
    gui                                      0x20004264   Data           4  sc_gui.o(.data)
    I2C_NumByteWritingNow                    0x2000428c   Data           1  i2c_eeprom.o(.data)
    i2c_comm_state                           0x2000428d   Data           1  i2c_eeprom.o(.data)
    I2C_NumByteToWrite                       0x20004290   Data           2  i2c_eeprom.o(.data)
    I2C_WriteAddr                            0x20004292   Data           2  i2c_eeprom.o(.data)
    sEETimeout                               0x2000429c   Data           4  i2c_eeprom.o(.data)
    I2C_pBuffer                              0x200042a0   Data           4  i2c_eeprom.o(.data)
    key                                      0x200042a8   Data           1  xpt2046.o(.data)
    key_flag                                 0x200042a9   Data           1  xpt2046.o(.data)
    __microlib_freelist                      0x200042b0   Data           4  mvars.o(.data)
    __microlib_freelist_initialised          0x200042b4   Data           4  mvars.o(.data)
    trim_stored                              0x200042b8   Data          52  system_n32wb03x.o(.bss)
    prf_env                                  0x20004614   Data         200  prf.o(.bss)
    get_itf                                  0x200046dc   Data          84  prf.o(.bss)
    app_sec_bond_data                        0x20004730   Data          58  ns_sec.o(.bss)
    app_sec_env                              0x2000476c   Data          32  ns_sec.o(.bss)
    add_prf_evn                              0x2000478c   Data          44  ns_ble.o(.bss)
    ble_prf_evn                              0x200047b8   Data          84  ns_ble.o(.bss)
    app_env                                  0x2000480c   Data         128  ns_ble.o(.bss)
    gap_env                                  0x2000488c   Data          42  ns_ble.o(.bss)
    adv_env                                  0x200048b8   Data         324  ns_ble.o(.bss)
    scan_env                                 0x200049fc   Data          32  ns_ble.o(.bss)
    TIM_TimeBaseStructure                    0x20004a6c   Data          14  main.o(.bss)
    main_screen                              0x20004a7c   Data          32  main.o(.bss)
    g_ble_tcb                                0x20004ab0   Data          68  app_tasks.o(.bss)
    g_ble_stack                              0x20004af4   Data        8192  app_tasks.o(.bss)
    g_gui_tcb                                0x20006af4   Data          68  app_tasks.o(.bss)
    g_gui_stack                              0x20006b38   Data        6384  app_tasks.o(.bss)
    g_totp_tcb                               0x20008428   Data          68  app_tasks.o(.bss)
    g_totp_stack                             0x2000846c   Data         384  app_tasks.o(.bss)
    lcddev                                   0x20009078   Data          14  lcd.o(.bss)
    sc_task                                  0x20009088   Data          80  sc_event_task.o(.bss)
    eventQueue                               0x200090d8   Data          84  sc_event_task.o(.bss)
    SC_pfb_buf                               0x20009150   Data        8192  sc_gui.o(.bss)
    __heap_base                              0x2000b4d8   Data           0  startup_n32wb03x.o(HEAP)
    __heap_limit                             0x2000b6d8   Data           0  startup_n32wb03x.o(HEAP)
    __initial_sp                             0x2000bed8   Data           0  startup_n32wb03x.o(STACK)



==============================================================================

Memory Map of the image

  Image Entry point : 0x010000c1

  Load Region LR_IROM1 (Base: 0x01000000, Size: 0x0000fce4, Max: 0x00080000, ABSOLUTE, COMPRESSED[0x0000fb5c])

    Execution Region ER_IROM1 (Exec base: 0x01000000, Load base: 0x01000000, Size: 0x0000fa2c, Max: 0x00080000, ABSOLUTE)

    Exec Addr    Load Addr    Size         Type   Attr      Idx    E Section Name        Object

    0x01000000   0x01000000   0x000000c0   Data   RO            3    RESET               startup_n32wb03x.o
    0x010000c0   0x010000c0   0x00000000   Code   RO         7774  * .ARM.Collect$$$$00000000  mc_p.l(entry.o)
    0x010000c0   0x010000c0   0x00000004   Code   RO         8127    .ARM.Collect$$$$00000001  mc_p.l(entry2.o)
    0x010000c4   0x010000c4   0x00000004   Code   RO         8130    .ARM.Collect$$$$00000004  mc_p.l(entry5.o)
    0x010000c8   0x010000c8   0x00000000   Code   RO         8132    .ARM.Collect$$$$00000008  mc_p.l(entry7b.o)
    0x010000c8   0x010000c8   0x00000000   Code   RO         8134    .ARM.Collect$$$$0000000A  mc_p.l(entry8b.o)
    0x010000c8   0x010000c8   0x00000008   Code   RO         8135    .ARM.Collect$$$$0000000B  mc_p.l(entry9a.o)
    0x010000d0   0x010000d0   0x00000000   Code   RO         8137    .ARM.Collect$$$$0000000D  mc_p.l(entry10a.o)
    0x010000d0   0x010000d0   0x00000000   Code   RO         8139    .ARM.Collect$$$$0000000F  mc_p.l(entry11a.o)
    0x010000d0   0x010000d0   0x00000004   Code   RO         8128    .ARM.Collect$$$$00002712  mc_p.l(entry2.o)
    0x010000d4   0x010000d4   0x0000000e   Code   RO           10    .emb_text           system_n32wb03x.o
    0x010000e2   0x010000e2   0x00000002   PAD
    0x010000e4   0x010000e4   0x00000078   Code   RO         5558    .emb_text           port.o
    0x0100015c   0x0100015c   0x0000001c   Code   RO            4    .text               startup_n32wb03x.o
    0x01000178   0x01000178   0x0000002c   Code   RO         7777    .text               mc_p.l(uidiv.o)
    0x010001a4   0x010001a4   0x00000028   Code   RO         7779    .text               mc_p.l(idiv.o)
    0x010001cc   0x010001cc   0x00000060   Code   RO         7781    .text               mc_p.l(uldiv.o)
    0x0100022c   0x0100022c   0x0000004c   Code   RO         7783    .text               mc_p.l(ldiv.o)
    0x01000278   0x01000278   0x00000024   Code   RO         7785    .text               mc_p.l(rand.o)
    0x0100029c   0x0100029c   0x00000040   Code   RO         7790    .text               mc_p.l(memmovea.o)
    0x010002dc   0x010002dc   0x00000024   Code   RO         7792    .text               mc_p.l(memseta.o)
    0x01000300   0x01000300   0x0000001a   Code   RO         7796    .text               mc_p.l(memcmp.o)
    0x0100031a   0x0100031a   0x00000014   Code   RO         8091    .text               mc_p.l(uread4.o)
    0x0100032e   0x0100032e   0x0000007a   Code   RO         8095    .text               mf_p.l(fmul.o)
    0x010003a8   0x010003a8   0x0000007c   Code   RO         8097    .text               mf_p.l(fdiv.o)
    0x01000424   0x01000424   0x0000000e   Code   RO         8107    .text               mf_p.l(ffltui.o)
    0x01000432   0x01000432   0x0000001c   Code   RO         8109    .text               mf_p.l(ffltul.o)
    0x0100044e   0x0100044e   0x00000030   Code   RO         8119    .text               mf_p.l(ffixul.o)
    0x0100047e   0x0100047e   0x00000020   Code   RO         8141    .text               mc_p.l(llshl.o)
    0x0100049e   0x0100049e   0x00000022   Code   RO         8143    .text               mc_p.l(llushr.o)
    0x010004c0   0x010004c0   0x00000000   Code   RO         8149    .text               mc_p.l(iusefp.o)
    0x010004c0   0x010004c0   0x00000082   Code   RO         8150    .text               mf_p.l(fepilogue.o)
    0x01000542   0x01000542   0x00000002   PAD
    0x01000544   0x01000544   0x00000024   Code   RO         8160    .text               mc_p.l(init.o)
    0x01000568   0x01000568   0x00000056   Code   RO         8164    .text               mc_p.l(__dczerorl2.o)
    0x010005be   0x010005be   0x00000002   PAD
    0x010005c0   0x010005c0   0x0000000c   Ven    RO         8166    Veneer$$Code        anon$$obj.o
    0x010005cc   0x010005cc   0x0000000c   Ven    RO         8167    Veneer$$Code        anon$$obj.o
    0x010005d8   0x010005d8   0x0000000c   Ven    RO         8168    Veneer$$Code        anon$$obj.o
    0x010005e4   0x010005e4   0x0000000c   Ven    RO         8169    Veneer$$Code        anon$$obj.o
    0x010005f0   0x010005f0   0x0000000c   Ven    RO         8170    Veneer$$Code        anon$$obj.o
    0x010005fc   0x010005fc   0x0000000c   Ven    RO         8171    Veneer$$Code        anon$$obj.o
    0x01000608   0x01000608   0x0000000c   Ven    RO         8172    Veneer$$Code        anon$$obj.o
    0x01000614   0x01000614   0x0000000c   Ven    RO         8173    Veneer$$Code        anon$$obj.o
    0x01000620   0x01000620   0x0000000c   Ven    RO         8174    Veneer$$Code        anon$$obj.o
    0x0100062c   0x0100062c   0x0000000c   Ven    RO         8175    Veneer$$Code        anon$$obj.o
    0x01000638   0x01000638   0x0000000c   Ven    RO         8176    Veneer$$Code        anon$$obj.o
    0x01000644   0x01000644   0x0000000c   Ven    RO         8177    Veneer$$Code        anon$$obj.o
    0x01000650   0x01000650   0x0000000c   Ven    RO         8178    Veneer$$Code        anon$$obj.o
    0x0100065c   0x0100065c   0x0000000c   Ven    RO         8179    Veneer$$Code        anon$$obj.o
    0x01000668   0x01000668   0x0000000c   Ven    RO         8180    Veneer$$Code        anon$$obj.o
    0x01000674   0x01000674   0x0000000c   Ven    RO         8181    Veneer$$Code        anon$$obj.o
    0x01000680   0x01000680   0x00000044   Code   RO         4826    i.DMA_Channel1_2_3_4_IRQHandler  n32wb03x_it.o
    0x010006c4   0x010006c4   0x00000004   Code   RO          486    i.DMA_ClearFlag     n32wb03x_dma.o
    0x010006c8   0x010006c8   0x00000004   Code   RO          487    i.DMA_ClrIntPendingBit  n32wb03x_dma.o
    0x010006cc   0x010006cc   0x00000010   Code   RO          488    i.DMA_ConfigInt     n32wb03x_dma.o
    0x010006dc   0x010006dc   0x0000006c   Code   RO          489    i.DMA_DeInit        n32wb03x_dma.o
    0x01000748   0x01000748   0x00000018   Code   RO          490    i.DMA_EnableChannel  n32wb03x_dma.o
    0x01000760   0x01000760   0x0000000e   Code   RO          492    i.DMA_GetFlagStatus  n32wb03x_dma.o
    0x0100076e   0x0100076e   0x0000000e   Code   RO          493    i.DMA_GetIntStatus  n32wb03x_dma.o
    0x0100077c   0x0100077c   0x0000003c   Code   RO          494    i.DMA_Init          n32wb03x_dma.o
    0x010007b8   0x010007b8   0x0000000c   Code   RO          495    i.DMA_RequestRemap  n32wb03x_dma.o
    0x010007c4   0x010007c4   0x000000b0   Code   RO         7729    i.EXTI4_12_IRQHandler  xpt2046.o
    0x01000874   0x01000874   0x0000000c   Code   RO          568    i.EXTI_ClrITPendBit  n32wb03x_exti.o
    0x01000880   0x01000880   0x0000001c   Code   RO          571    i.EXTI_GetITStatus  n32wb03x_exti.o
    0x0100089c   0x0100089c   0x0000006c   Code   RO          573    i.EXTI_InitPeripheral  n32wb03x_exti.o
    0x01000908   0x01000908   0x00000032   Code   RO         6813    i.EventQueue_Pop    sc_event_task.o
    0x0100093a   0x0100093a   0x00000002   PAD
    0x0100093c   0x0100093c   0x0000012c   Code   RO          628    i.GPIO_ConfigEXTILine  n32wb03x_gpio.o
    0x01000a68   0x01000a68   0x000000ba   Code   RO          633    i.GPIO_InitPeripheral  n32wb03x_gpio.o
    0x01000b22   0x01000b22   0x00000002   PAD
    0x01000b24   0x01000b24   0x0000001c   Code   RO          634    i.GPIO_InitStruct   n32wb03x_gpio.o
    0x01000b40   0x01000b40   0x0000000e   Code   RO          636    i.GPIO_ReadInputDataBit  n32wb03x_gpio.o
    0x01000b4e   0x01000b4e   0x00000004   Code   RO          639    i.GPIO_ResetBits    n32wb03x_gpio.o
    0x01000b52   0x01000b52   0x00000004   Code   RO          640    i.GPIO_SetBits      n32wb03x_gpio.o
    0x01000b56   0x01000b56   0x00000002   Code   RO         4827    i.HardFault_Handler  n32wb03x_it.o
    0x01000b58   0x01000b58   0x000001bc   Code   RO         7647    i.I2C1_IRQHandler   i2c_eeprom.o
    0x01000d14   0x01000d14   0x00000006   Code   RO         2237    i.I2C_ClrFlag       n32wb03x_i2c.o
    0x01000d1a   0x01000d1a   0x00000002   PAD
    0x01000d1c   0x01000d1c   0x0000001c   Code   RO         2240    i.I2C_ConfigAck     n32wb03x_i2c.o
    0x01000d38   0x01000d38   0x00000010   Code   RO         2242    i.I2C_ConfigInt     n32wb03x_i2c.o
    0x01000d48   0x01000d48   0x0000001c   Code   RO         2256    i.I2C_GenerateStart  n32wb03x_i2c.o
    0x01000d64   0x01000d64   0x0000001c   Code   RO         2257    i.I2C_GenerateStop  n32wb03x_i2c.o
    0x01000d80   0x01000d80   0x0000002c   Code   RO         2258    i.I2C_GetFlag       n32wb03x_i2c.o
    0x01000dac   0x01000dac   0x0000000e   Code   RO         2260    i.I2C_GetLastEvent  n32wb03x_i2c.o
    0x01000dba   0x01000dba   0x00000006   Code   RO         2265    i.I2C_RecvData      n32wb03x_i2c.o
    0x01000dc0   0x01000dc0   0x00000012   Code   RO         2266    i.I2C_SendAddr7bit  n32wb03x_i2c.o
    0x01000dd2   0x01000dd2   0x00000004   Code   RO         2267    i.I2C_SendData      n32wb03x_i2c.o
    0x01000dd6   0x01000dd6   0x00000002   PAD
    0x01000dd8   0x01000dd8   0x0000005c   Code   RO         5626    i.LCD_Clear         lcd.o
    0x01000e34   0x01000e34   0x0000004c   Code   RO         5627    i.LCD_Color_Fill    lcd.o
    0x01000e80   0x01000e80   0x00000064   Code   RO         5628    i.LCD_DMA_Init      lcd.o
    0x01000ee4   0x01000ee4   0x00000014   Code   RO         7131    i.LCD_DMA_color     sc_lcd.o
    0x01000ef8   0x01000ef8   0x000000a0   Code   RO         5631    i.LCD_Display_Dir   lcd.o
    0x01000f98   0x01000f98   0x00000018   Code   RO         5636    i.LCD_Fast_DrawPoint  lcd.o
    0x01000fb0   0x01000fb0   0x0000003c   Code   RO         5637    i.LCD_Fill          lcd.o
    0x01000fec   0x01000fec   0x00000248   Code   RO         5638    i.LCD_Init          lcd.o
    0x01001234   0x01001234   0x0000008c   Code   RO         5643    i.LCD_SPI_DMA_Send  lcd.o
    0x010012c0   0x010012c0   0x0000007c   Code   RO         5644    i.LCD_SPI_DMA_Send_Fast  lcd.o
    0x0100133c   0x0100133c   0x000000cc   Code   RO         5645    i.LCD_SPI_Init      lcd.o
    0x01001408   0x01001408   0x00000028   Code   RO         5647    i.LCD_SetCursor     lcd.o
    0x01001430   0x01001430   0x00000040   Code   RO         5648    i.LCD_Set_Window    lcd.o
    0x01001470   0x01001470   0x00000074   Code   RO         5654    i.LCD_WR_DATA_16_Fast  lcd.o
    0x010014e4   0x010014e4   0x00000050   Code   RO         5655    i.LCD_WR_DATA_Fast  lcd.o
    0x01001534   0x01001534   0x00000050   Code   RO         5657    i.LCD_WR_REG_Fast   lcd.o
    0x01001584   0x01001584   0x00000010   Code   RO         5659    i.LCD_WriteRAM_Prepare  lcd.o
    0x01001594   0x01001594   0x00000010   Code   RO         5660    i.LCD_WriteReg      lcd.o
    0x010015a4   0x010015a4   0x00000002   Code   RO         4828    i.NMI_Handler       n32wb03x_it.o
    0x010015a6   0x010015a6   0x00000002   PAD
    0x010015a8   0x010015a8   0x00000094   Code   RO         3864    i.NS_BLE_STACK_INIT  ns_ble.o
    0x0100163c   0x0100163c   0x00000074   Code   RO          158    i.NVIC_Init         misc.o
    0x010016b0   0x010016b0   0x00000044   Code   RO         3865    i.NVIC_SetPriority  ns_ble.o
    0x010016f4   0x010016f4   0x00000018   Code   RO         3866    i.NVIC_SystemReset  ns_ble.o
    0x0100170c   0x0100170c   0x00000024   Code   RO         2028    i.Qflash_Erase_Sector  n32wb03x_qflash.o
    0x01001730   0x01001730   0x00000030   Code   RO         2029    i.Qflash_Init       n32wb03x_qflash.o
    0x01001760   0x01001760   0x00000024   Code   RO         2031    i.Qflash_Write      n32wb03x_qflash.o
    0x01001784   0x01001784   0x00000018   Code   RO          763    i.RCC_EnableAHBPeriphClk  n32wb03x_rcc.o
    0x0100179c   0x0100179c   0x00000018   Code   RO          765    i.RCC_EnableAPB1PeriphClk  n32wb03x_rcc.o
    0x010017b4   0x010017b4   0x00000018   Code   RO          767    i.RCC_EnableAPB2PeriphClk  n32wb03x_rcc.o
    0x010017cc   0x010017cc   0x00000018   Code   RO          768    i.RCC_EnableAPB2PeriphReset  n32wb03x_rcc.o
    0x010017e4   0x010017e4   0x0000001c   Code   RO          773    i.RCC_EnableRtcClk  n32wb03x_rcc.o
    0x01001800   0x01001800   0x00000070   Code   RO          775    i.RCC_GetClocksFreqValue  n32wb03x_rcc.o
    0x01001870   0x01001870   0x000000b0   Code   RO           11    i.RCC_HsiCalib      system_n32wb03x.o
    0x01001920   0x01001920   0x0000001c   Code   RO          984    i.RTC_ClrIntPendingBit  n32wb03x_rtc.o
    0x0100193c   0x0100193c   0x00000028   Code   RO          987    i.RTC_ConfigInt     n32wb03x_rtc.o
    0x01001964   0x01001964   0x00000048   Code   RO          988    i.RTC_ConfigSmoothCalib  n32wb03x_rtc.o
    0x010019ac   0x010019ac   0x00000028   Code   RO          991    i.RTC_ConfigWakeUpClock  n32wb03x_rtc.o
    0x010019d4   0x010019d4   0x00000054   Code   RO          996    i.RTC_EnableWakeUp  n32wb03x_rtc.o
    0x01001a28   0x01001a28   0x00000024   Code   RO          997    i.RTC_EnableWriteProtection  n32wb03x_rtc.o
    0x01001a4c   0x01001a4c   0x00000040   Code   RO          998    i.RTC_EnterInitMode  n32wb03x_rtc.o
    0x01001a8c   0x01001a8c   0x00000010   Code   RO          999    i.RTC_ExitInitMode  n32wb03x_rtc.o
    0x01001a9c   0x01001a9c   0x00000024   Code   RO         1004    i.RTC_GetITStatus   n32wb03x_rtc.o
    0x01001ac0   0x01001ac0   0x00000048   Code   RO         4829    i.RTC_IRQHandler    n32wb03x_it.o
    0x01001b08   0x01001b08   0x00000048   Code   RO         1009    i.RTC_Init          n32wb03x_rtc.o
    0x01001b50   0x01001b50   0x0000001c   Code   RO         1012    i.RTC_SetWakeUpCounter  n32wb03x_rtc.o
    0x01001b6c   0x01001b6c   0x00000044   Code   RO         1015    i.RTC_WaitForSynchro  n32wb03x_rtc.o
    0x01001bb0   0x01001bb0   0x00000020   Code   RO         7132    i.SC_Clear          sc_lcd.o
    0x01001bd0   0x01001bd0   0x00000038   Code   RO         6983    i.SC_GUI_Init       sc_gui.o
    0x01001c08   0x01001c08   0x0000003a   Code   RO         7135    i.SC_Refresh        sc_lcd.o
    0x01001c42   0x01001c42   0x00000002   PAD
    0x01001c44   0x01001c44   0x000000d0   Code   RO         7136    i.SC_pfb_DrawFill   sc_lcd.o
    0x01001d14   0x01001d14   0x000000d4   Code   RO         7138    i.SC_pfb_Refresh    sc_lcd.o
    0x01001de8   0x01001de8   0x0000009c   Code   RO         6991    i.SC_pfb_RoundBar   sc_gui.o
    0x01001e84   0x01001e84   0x000002d8   Code   RO         6992    i.SC_pfb_RoundFrame  sc_gui.o
    0x0100215c   0x0100215c   0x000000b8   Code   RO         7139    i.SC_pfb_clip       sc_lcd.o
    0x01002214   0x01002214   0x00000094   Code   RO         7140    i.SC_pfb_intersection  sc_lcd.o
    0x010022a8   0x010022a8   0x00000026   Code   RO         6899    i.SC_pfb_label      sc_font.o
    0x010022ce   0x010022ce   0x00000002   PAD
    0x010022d0   0x010022d0   0x00000204   Code   RO         6901    i.SC_pfb_lv_letter  sc_font.o
    0x010024d4   0x010024d4   0x00000128   Code   RO         6903    i.SC_pfb_str        sc_font.o
    0x010025fc   0x010025fc   0x00000072   Code   RO         6906    i.SC_set_align      sc_font.o
    0x0100266e   0x0100266e   0x0000000e   Code   RO         6907    i.SC_set_label_text  sc_font.o
    0x0100267c   0x0100267c   0x00000012   Code   RO         2093    i.SPI_Enable        n32wb03x_spi.o
    0x0100268e   0x0100268e   0x00000002   PAD
    0x01002690   0x01002690   0x00000028   Code   RO         2099    i.SPI_I2S_DeInit    n32wb03x_spi.o
    0x010026b8   0x010026b8   0x00000010   Code   RO         2100    i.SPI_I2S_EnableDma  n32wb03x_spi.o
    0x010026c8   0x010026c8   0x0000000e   Code   RO         2103    i.SPI_I2S_GetStatus  n32wb03x_spi.o
    0x010026d6   0x010026d6   0x00000004   Code   RO         2105    i.SPI_I2S_TransmitData  n32wb03x_spi.o
    0x010026da   0x010026da   0x00000002   PAD
    0x010026dc   0x010026dc   0x00000040   Code   RO         2106    i.SPI_Init          n32wb03x_spi.o
    0x0100271c   0x0100271c   0x00000002   Code   RO         5559    i.SVC_Handler       port.o
    0x0100271e   0x0100271e   0x00000002   PAD
    0x01002720   0x01002720   0x00000024   Code   RO         5560    i.SysTick_Handler   port.o
    0x01002744   0x01002744   0x00000030   Code   RO           13    i.SystemGetMacAddr  system_n32wb03x.o
    0x01002774   0x01002774   0x000000d4   Code   RO           15    i.SystemInit        system_n32wb03x.o
    0x01002848   0x01002848   0x00000038   Code   RO           17    i.SystemTrimValueRead  system_n32wb03x.o
    0x01002880   0x01002880   0x0000002c   Code   RO         4830    i.TIM3_IRQHandler   n32wb03x_it.o
    0x010028ac   0x010028ac   0x00000008   Code   RO         1207    i.TIM_ClrIntPendingBit  n32wb03x_tim.o
    0x010028b4   0x010028b4   0x00000010   Code   RO         1225    i.TIM_ConfigInt     n32wb03x_tim.o
    0x010028c4   0x010028c4   0x00000014   Code   RO         1246    i.TIM_Enable        n32wb03x_tim.o
    0x010028d8   0x010028d8   0x00000018   Code   RO         1261    i.TIM_GetIntStatus  n32wb03x_tim.o
    0x010028f0   0x010028f0   0x000000a8   Code   RO         1272    i.TIM_InitTimeBase  n32wb03x_tim.o
    0x01002998   0x01002998   0x0000001c   Code   RO         1750    i.USART_Enable      n32wb03x_usart.o
    0x010029b4   0x010029b4   0x0000000e   Code   RO         1757    i.USART_GetFlagStatus  n32wb03x_usart.o
    0x010029c2   0x010029c2   0x00000002   PAD
    0x010029c4   0x010029c4   0x00000088   Code   RO         1759    i.USART_Init        n32wb03x_usart.o
    0x01002a4c   0x01002a4c   0x00000008   Code   RO         1762    i.USART_SendData    n32wb03x_usart.o
    0x01002a54   0x01002a54   0x00000020   Code   RO         8009    i.__0printf$8       mc_p.l(printf8.o)
    0x01002a74   0x01002a74   0x00000034   Code   RO         8010    i.__0snprintf$8     mc_p.l(printf8.o)
    0x01002aa8   0x01002aa8   0x0000001a   Code   RO          740    i.__ARM_common_switch8  n32wb03x_gpio.o
    0x01002ac2   0x01002ac2   0x00000046   Code   RO         5912    i.__user_font_get_bitmap  lv_font_12.o
    0x01002b08   0x01002b08   0x00000046   Code   RO         5944    i.__user_font_get_bitmap  lv_font_16.o
    0x01002b4e   0x01002b4e   0x00000046   Code   RO         5973    i.__user_font_get_bitmap  lv_font_20.o
    0x01002b94   0x01002b94   0x00000062   Code   RO         5913    i.__user_font_get_glyph_dsc  lv_font_12.o
    0x01002bf6   0x01002bf6   0x00000062   Code   RO         5945    i.__user_font_get_glyph_dsc  lv_font_16.o
    0x01002c58   0x01002c58   0x00000062   Code   RO         5974    i.__user_font_get_glyph_dsc  lv_font_20.o
    0x01002cba   0x01002cba   0x00000002   PAD
    0x01002cbc   0x01002cbc   0x00000428   Code   RO         8016    i._printf_core      mc_p.l(printf8.o)
    0x010030e4   0x010030e4   0x00000020   Code   RO         8017    i._printf_post_padding  mc_p.l(printf8.o)
    0x01003104   0x01003104   0x0000002c   Code   RO         8018    i._printf_pre_padding  mc_p.l(printf8.o)
    0x01003130   0x01003130   0x00000016   Code   RO         8019    i._snputc           mc_p.l(printf8.o)
    0x01003146   0x01003146   0x00000002   PAD
    0x01003148   0x01003148   0x00000038   Code   RO         6997    i.alphaBlend        sc_gui.o
    0x01003180   0x01003180   0x00000080   Code   RO         4497    i.app_ble_adv_init  app_ble.o
    0x01003200   0x01003200   0x00000002   Code   RO         4498    i.app_ble_adv_msg_handler  app_ble.o
    0x01003202   0x01003202   0x00000002   PAD
    0x01003204   0x01003204   0x00000078   Code   RO         4499    i.app_ble_gap_params_init  app_ble.o
    0x0100327c   0x0100327c   0x00000038   Code   RO         4500    i.app_ble_init      app_ble.o
    0x010032b4   0x010032b4   0x000000a4   Code   RO         4501    i.app_ble_msg_handler  app_ble.o
    0x01003358   0x01003358   0x00000018   Code   RO         4502    i.app_ble_prf_init  app_ble.o
    0x01003370   0x01003370   0x00000050   Code   RO         4503    i.app_ble_sec_init  app_ble.o
    0x010033c0   0x010033c0   0x00000024   Code   RO         4293    i.app_conn_params_update_evt_handler  ns_ble_task.o
    0x010033e4   0x010033e4   0x000000e8   Code   RO         3867    i.app_create_advertising  ns_ble.o
    0x010034cc   0x010034cc   0x0000007c   Code   RO         3868    i.app_delete_activity  ns_ble.o
    0x01003548   0x01003548   0x00000038   Code   RO         4452    i.app_dis_add_dis   app_dis.o
    0x01003580   0x01003580   0x0000002c   Code   RO         4453    i.app_dis_init      app_dis.o
    0x010035ac   0x010035ac   0x00000030   Code   RO         4294    i.app_entry_point_handler  ns_ble_task.o
    0x010035dc   0x010035dc   0x00000064   Code   RO         4295    i.app_get_handler   ns_ble_task.o
    0x01003640   0x01003640   0x000001c8   Code   RO         7352    i.app_gui_init      app_gui.o
    0x01003808   0x01003808   0x000000cc   Code   RO         7353    i.app_gui_task      app_gui.o
    0x010038d4   0x010038d4   0x00000030   Code   RO         4296    i.app_init_timeout_evt_handler  ns_ble_task.o
    0x01003904   0x01003904   0x000000dc   Code   RO         7733    i.app_key_configuration  xpt2046.o
    0x010039e0   0x010039e0   0x000000c8   Code   RO         4297    i.app_lsi_calib_evt_handler  ns_ble_task.o
    0x01003aa8   0x01003aa8   0x00000090   Code   RO         4298    i.app_msg_handler   ns_ble_task.o
    0x01003b38   0x01003b38   0x00000010   Code   RO         4946    i.app_rtc_get_unix  app_rtc.o
    0x01003b48   0x01003b48   0x000000b0   Code   RO         4947    i.app_rtc_init      app_rtc.o
    0x01003bf8   0x01003bf8   0x0000000c   Code   RO         4948    i.app_rtc_is_time_set  app_rtc.o
    0x01003c04   0x01003c04   0x00000018   Code   RO         4949    i.app_rtc_on_wakeup  app_rtc.o
    0x01003c1c   0x01003c1c   0x00000014   Code   RO         4952    i.app_rtc_set_unix  app_rtc.o
    0x01003c30   0x01003c30   0x0000001c   Code   RO         3614    i.app_sec_msg_dflt_handler  ns_sec.o
    0x01003c4c   0x01003c4c   0x00000090   Code   RO         3869    i.app_set_adv_data  ns_ble.o
    0x01003cdc   0x01003cdc   0x000000d0   Code   RO         3870    i.app_set_scan_rsp_data  ns_ble.o
    0x01003dac   0x01003dac   0x000000f0   Code   RO         3871    i.app_start_advertising  ns_ble.o
    0x01003e9c   0x01003e9c   0x00000048   Code   RO         3872    i.app_stop_advertising  ns_ble.o
    0x01003ee4   0x01003ee4   0x0000000c   Code   RO         4587    i.app_totp_ble_add_count  app_totp_ble.o
    0x01003ef0   0x01003ef0   0x000000a0   Code   RO         4588    i.app_totp_ble_add_service  app_totp_ble.o
    0x01003f90   0x01003f90   0x00000008   Code   RO         4589    i.app_totp_ble_get_key  app_totp_ble.o
    0x01003f98   0x01003f98   0x0000000c   Code   RO         4590    i.app_totp_ble_get_keylen  app_totp_ble.o
    0x01003fa4   0x01003fa4   0x0000000c   Code   RO         4591    i.app_totp_ble_get_tz_offset  app_totp_ble.o
    0x01003fb0   0x01003fb0   0x0000000c   Code   RO         4592    i.app_totp_ble_is_connected  app_totp_ble.o
    0x01003fbc   0x01003fbc   0x00000008   Code   RO         4593    i.app_totp_ble_last_rx_data  app_totp_ble.o
    0x01003fc4   0x01003fc4   0x0000000c   Code   RO         4594    i.app_totp_ble_last_rx_handle  app_totp_ble.o
    0x01003fd0   0x01003fd0   0x0000000c   Code   RO         4595    i.app_totp_ble_last_rx_len  app_totp_ble.o
    0x01003fdc   0x01003fdc   0x0000000c   Code   RO         4597    i.app_totp_ble_rx_count  app_totp_ble.o
    0x01003fe8   0x01003fe8   0x00000058   Code   RO         4598    i.app_totp_ble_set_connected  app_totp_ble.o
    0x01004040   0x01004040   0x0000009c   Code   RO         4883    i.app_totp_refresh  app_totp.o
    0x010040dc   0x010040dc   0x00000002   Code   RO         4504    i.app_user_msg_handler  app_ble.o
    0x010040de   0x010040de   0x0000005a   Code   RO         5067    i.apply_mask        qrcodegen.o
    0x01004138   0x01004138   0x000000bc   Code   RO         3486    i.attm_att_set_value  lib_att.o
    0x010041f4   0x010041f4   0x00000074   Code   RO         5068    i.base32_encode     qrcodegen.o
    0x01004268   0x01004268   0x0000002a   Code   RO         5914    i.binsearch         lv_font_12.o
    0x01004292   0x01004292   0x0000002a   Code   RO         5946    i.binsearch         lv_font_16.o
    0x010042bc   0x010042bc   0x0000002a   Code   RO         5975    i.binsearch         lv_font_20.o
    0x010042e6   0x010042e6   0x00000014   Code   RO         5069    i.bit_get           qrcodegen.o
    0x010042fa   0x010042fa   0x0000002a   Code   RO         5070    i.bit_set           qrcodegen.o
    0x01004324   0x01004324   0x00000006   Code   RO         5010    i.ble_task          app_tasks.o
    0x0100432a   0x0100432a   0x00000044   Code   RO         5071    i.bs_append         qrcodegen.o
    0x0100436e   0x0100436e   0x00000002   PAD
    0x01004370   0x01004370   0x0000003c   Code   RO         6306    i.canvas_handle_draw  sc_canvas.o
    0x010043ac   0x010043ac   0x0000009c   Code   RO         6307    i.canvas_handle_key  sc_canvas.o
    0x01004448   0x01004448   0x0000014c   Code   RO         6308    i.canvas_handle_touch  sc_canvas.o
    0x01004594   0x01004594   0x0000002a   Code   RO         3269    i.check_client_char_cfg  rdts_common.o
    0x010045be   0x010045be   0x00000002   PAD
    0x010045c0   0x010045c0   0x00000308   Code   RO         4599    i.decode_cmd        app_totp_ble.o
    0x010048c8   0x010048c8   0x0000002a   Code   RO         3100    i.diss_check_val_len  diss.o
    0x010048f2   0x010048f2   0x00000002   Code   RO         3101    i.diss_cleanup      diss.o
    0x010048f4   0x010048f4   0x00000026   Code   RO         3102    i.diss_compute_cfg_flag  diss.o
    0x0100491a   0x0100491a   0x00000002   Code   RO         3103    i.diss_create       diss.o
    0x0100491c   0x0100491c   0x00000024   Code   RO         3104    i.diss_destroy      diss.o
    0x01004940   0x01004940   0x00000030   Code   RO         3105    i.diss_handle_to_value  diss.o
    0x01004970   0x01004970   0x00000088   Code   RO         3106    i.diss_init         diss.o
    0x010049f8   0x010049f8   0x00000008   Code   RO         3107    i.diss_prf_itf_get  diss.o
    0x01004a00   0x01004a00   0x000000b0   Code   RO         3199    i.diss_set_value_req_handler  diss_task.o
    0x01004ab0   0x01004ab0   0x00000020   Code   RO         3200    i.diss_task_init    diss_task.o
    0x01004ad0   0x01004ad0   0x00000090   Code   RO         3201    i.diss_value_cfm_handler  diss_task.o
    0x01004b60   0x01004b60   0x000000d4   Code   RO         4454    i.diss_value_req_ind_handler  app_dis.o
    0x01004c34   0x01004c34   0x00000034   Code   RO         3108    i.diss_value_to_handle  diss.o
    0x01004c68   0x01004c68   0x00000068   Code   RO         5072    i.draw_alignment    qrcodegen.o
    0x01004cd0   0x01004cd0   0x00000088   Code   RO         5073    i.draw_finder       qrcodegen.o
    0x01004d58   0x01004d58   0x000000e8   Code   RO         5074    i.draw_format_info  qrcodegen.o
    0x01004e40   0x01004e40   0x00000188   Code   RO         5075    i.draw_function_patterns  qrcodegen.o
    0x01004fc8   0x01004fc8   0x00000068   Code   RO         5076    i.draw_version_info  qrcodegen.o
    0x01005030   0x01005030   0x00000030   Code   RO         4600    i.dump_hex          app_totp_ble.o
    0x01005060   0x01005060   0x000000ac   Code   RO         7354    i.force_redraw_widgets  app_gui.o
    0x0100510c   0x0100510c   0x00000018   Code   RO         7355    i.format_code       app_gui.o
    0x01005124   0x01005124   0x00000038   Code   RO         3585    i.fputc             ns_log_usart.o
    0x0100515c   0x0100515c   0x00000048   Code   RO         6379    i.frame_handle_draw  sc_frame.o
    0x010051a4   0x010051a4   0x00000004   Code   RO         6380    i.frame_handle_key  sc_frame.o
    0x010051a8   0x010051a8   0x00000054   Code   RO         8063    i.free              mc_p.l(malloc.o)
    0x010051fc   0x010051fc   0x00000188   Code   RO         3615    i.gapc_bond_ind_handler  ns_sec.o
    0x01005384   0x01005384   0x00000204   Code   RO         3616    i.gapc_bond_req_ind_handler  ns_sec.o
    0x01005588   0x01005588   0x00000058   Code   RO         4299    i.gapc_cmp_evt_handler  ns_ble_task.o
    0x010055e0   0x010055e0   0x00000088   Code   RO         4300    i.gapc_conn_rssi_ind_handler  ns_ble_task.o
    0x01005668   0x01005668   0x0000016c   Code   RO         4301    i.gapc_connection_req_ind_handler  ns_ble_task.o
    0x010057d4   0x010057d4   0x00000088   Code   RO         4302    i.gapc_disconnect_ind_handler  ns_ble_task.o
    0x0100585c   0x0100585c   0x0000003c   Code   RO         3617    i.gapc_encrypt_ind_handler  ns_sec.o
    0x01005898   0x01005898   0x00000170   Code   RO         3618    i.gapc_encrypt_req_ind_handler  ns_sec.o
    0x01005a08   0x01005a08   0x000000a0   Code   RO         4303    i.gapc_get_dev_info_req_ind_handler  ns_ble_task.o
    0x01005aa8   0x01005aa8   0x00000044   Code   RO         4304    i.gapc_le_phy_ind_handler  ns_ble_task.o
    0x01005aec   0x01005aec   0x00000034   Code   RO         4305    i.gapc_le_pkt_size_ind_handler  ns_ble_task.o
    0x01005b20   0x01005b20   0x00000074   Code   RO         4306    i.gapc_param_update_req_ind_handler  ns_ble_task.o
    0x01005b94   0x01005b94   0x0000004c   Code   RO         4307    i.gapc_param_updated_ind_handler  ns_ble_task.o
    0x01005be0   0x01005be0   0x00000054   Code   RO         4308    i.gapc_set_dev_info_req_ind_handler  ns_ble_task.o
    0x01005c34   0x01005c34   0x0000004c   Code   RO         4309    i.gapm_activity_created_ind_handler  ns_ble_task.o
    0x01005c80   0x01005c80   0x000000cc   Code   RO         4310    i.gapm_activity_stopped_ind_handler  ns_ble_task.o
    0x01005d4c   0x01005d4c   0x00000044   Code   RO         4311    i.gapm_addr_solved_ind_handler  ns_ble_task.o
    0x01005d90   0x01005d90   0x000003a4   Code   RO         4312    i.gapm_cmp_evt_handler  ns_ble_task.o
    0x01006134   0x01006134   0x000000dc   Code   RO         4313    i.gapm_ext_adv_repoer_ind_handler  ns_ble_task.o
    0x01006210   0x01006210   0x0000002c   Code   RO         4314    i.gapm_gen_rand_nb_ind_handler  ns_ble_task.o
    0x0100623c   0x0100623c   0x0000002c   Code   RO         4315    i.gapm_profile_added_ind_handler  ns_ble_task.o
    0x01006268   0x01006268   0x00000040   Code   RO         3363    i.gattc_att_info_req_ind_handler  rdtss_task.o
    0x010062a8   0x010062a8   0x00000068   Code   RO         3364    i.gattc_cmp_evt_handler  rdtss_task.o
    0x01006310   0x01006310   0x0000008c   Code   RO         4316    i.gattc_cmp_evt_handler  ns_ble_task.o
    0x0100639c   0x0100639c   0x00000074   Code   RO         4317    i.gattc_mtu_changed_ind_handler  ns_ble_task.o
    0x01006410   0x01006410   0x000000d8   Code   RO         3202    i.gattc_read_req_ind_handler  diss_task.o
    0x010064e8   0x010064e8   0x000000e0   Code   RO         3365    i.gattc_read_req_ind_handler  rdtss_task.o
    0x010065c8   0x010065c8   0x000000ec   Code   RO         3366    i.gattc_write_req_ind_handler  rdtss_task.o
    0x010066b4   0x010066b4   0x00000068   Code   RO         3270    i.get_cfg_handle    rdts_common.o
    0x0100671c   0x0100671c   0x00000050   Code   RO         3271    i.get_value_handle  rdts_common.o
    0x0100676c   0x0100676c   0x00000024   Code   RO         5077    i.gf_mul            qrcodegen.o
    0x01006790   0x01006790   0x00000010   Code   RO         5011    i.gui_task          app_tasks.o
    0x010067a0   0x010067a0   0x000000a8   Code   RO         4885    i.hmac_sha1         app_totp.o
    0x01006848   0x01006848   0x00000008   Code   RO         5078    i.iabs_             qrcodegen.o
    0x01006850   0x01006850   0x00000034   Code   RO         6516    i.label_handle_draw  sc_label.o
    0x01006884   0x01006884   0x00000004   Code   RO         6517    i.label_handle_key  sc_label.o
    0x01006888   0x01006888   0x00000030   Code   RO         2780    i.llhwc_modem_setmode  rwip_driver.o
    0x010068b8   0x010068b8   0x00000100   Code   RO         2781    i.llhwc_phy_prerx_flash  rwip_driver.o
    0x010069b8   0x010069b8   0x00000088   Code   RO         2782    i.llhwc_setmode_reg_config  rwip_driver.o
    0x01006a40   0x01006a40   0x00000080   Code   RO         6909    i.lv_txt_utf8_next  sc_font.o
    0x01006ac0   0x01006ac0   0x000003e8   Code   RO         4710    i.main              main.o
    0x01006ea8   0x01006ea8   0x0000006c   Code   RO         8064    i.malloc            mc_p.l(malloc.o)
    0x01006f14   0x01006f14   0x00000084   Code   RO         5079    i.mask_bit          qrcodegen.o
    0x01006f98   0x01006f98   0x00000070   Code   RO         3873    i.ns_EXTI4_12_IRQHandler  ns_ble.o
    0x01007008   0x01007008   0x0000012c   Code   RO         3874    i.ns_HardFault_Handler  ns_ble.o
    0x01007134   0x01007134   0x00000020   Code   RO         3876    i.ns_ble_add_prf_func_register  ns_ble.o
    0x01007154   0x01007154   0x00000040   Code   RO         3877    i.ns_ble_add_svc    ns_ble.o
    0x01007194   0x01007194   0x00000088   Code   RO         3879    i.ns_ble_adv_fsm_next  ns_ble.o
    0x0100721c   0x0100721c   0x00000048   Code   RO         3880    i.ns_ble_adv_init   ns_ble.o
    0x01007264   0x01007264   0x00000050   Code   RO         3881    i.ns_ble_adv_start  ns_ble.o
    0x010072b4   0x010072b4   0x00000028   Code   RO         3882    i.ns_ble_adv_stop   ns_ble.o
    0x010072dc   0x010072dc   0x00000044   Code   RO         3883    i.ns_ble_create_init  ns_ble.o
    0x01007320   0x01007320   0x00000044   Code   RO         3884    i.ns_ble_create_scan  ns_ble.o
    0x01007364   0x01007364   0x0000004c   Code   RO         3885    i.ns_ble_delete_init  ns_ble.o
    0x010073b0   0x010073b0   0x00000048   Code   RO         3886    i.ns_ble_delete_scan  ns_ble.o
    0x010073f8   0x010073f8   0x00000044   Code   RO         3887    i.ns_ble_disconnect  ns_ble.o
    0x0100743c   0x0100743c   0x00000064   Code   RO         3889    i.ns_ble_evn_init   ns_ble.o
    0x010074a0   0x010074a0   0x00000064   Code   RO         3891    i.ns_ble_gap_init   ns_ble.o
    0x01007504   0x01007504   0x00000024   Code   RO         3894    i.ns_ble_get_connection_num  ns_ble.o
    0x01007528   0x01007528   0x000000ac   Code   RO         3897    i.ns_ble_list_set_ral  ns_ble.o
    0x010075d4   0x010075d4   0x00000080   Code   RO         3899    i.ns_ble_lsc_config  ns_ble.o
    0x01007654   0x01007654   0x00000034   Code   RO         3901    i.ns_ble_mtu_set    ns_ble.o
    0x01007688   0x01007688   0x00000024   Code   RO         3903    i.ns_ble_prf_task_register  ns_ble.o
    0x010076ac   0x010076ac   0x00000046   Code   RO         3908    i.ns_ble_scan_data_find  ns_ble.o
    0x010076f2   0x010076f2   0x00000002   PAD
    0x010076f4   0x010076f4   0x000000ac   Code   RO         3915    i.ns_ble_stack_init  ns_ble.o
    0x010077a0   0x010077a0   0x000000c4   Code   RO         3916    i.ns_ble_stack_vtor_init  ns_ble.o
    0x01007864   0x01007864   0x00000104   Code   RO         3917    i.ns_ble_start_init  ns_ble.o
    0x01007968   0x01007968   0x000000bc   Code   RO         3918    i.ns_ble_start_scan  ns_ble.o
    0x01007a24   0x01007a24   0x00000060   Code   RO         3919    i.ns_ble_stop_init  ns_ble.o
    0x01007a84   0x01007a84   0x00000050   Code   RO         3920    i.ns_ble_stop_scan  ns_ble.o
    0x01007ad4   0x01007ad4   0x000000b0   Code   RO         3921    i.ns_ble_update_param  ns_ble.o
    0x01007b84   0x01007b84   0x0000008c   Code   RO         3619    i.ns_bond_db_add_entry  ns_sec.o
    0x01007c10   0x01007c10   0x0000002c   Code   RO         3620    i.ns_bond_db_get_size  ns_sec.o
    0x01007c3c   0x01007c3c   0x0000001c   Code   RO         3621    i.ns_bond_db_load   ns_sec.o
    0x01007c58   0x01007c58   0x00000032   Code   RO         3623    i.ns_bond_last_bonded_peer_id  ns_sec.o
    0x01007c8a   0x01007c8a   0x00000002   PAD
    0x01007c8c   0x01007c8c   0x00000078   Code   RO         3624    i.ns_bond_last_bonded_ral_info  ns_sec.o
    0x01007d04   0x01007d04   0x0000008c   Code   RO         3625    i.ns_bond_resolv_addr_start  ns_sec.o
    0x01007d90   0x01007d90   0x000000b4   Code   RO         3626    i.ns_bond_search_addr_irk  ns_sec.o
    0x01007e44   0x01007e44   0x0000004c   Code   RO         3922    i.ns_iwdg_config    ns_ble.o
    0x01007e90   0x01007e90   0x00000064   Code   RO         3587    i.ns_log_usart_init  ns_log_usart.o
    0x01007ef4   0x01007ef4   0x000000b8   Code   RO         3924    i.ns_peripheral_config  ns_ble.o
    0x01007fac   0x01007fac   0x000000ec   Code   RO         3628    i.ns_sec_bond_store_evt_handler  ns_sec.o
    0x01008098   0x01008098   0x00000010   Code   RO         3629    i.ns_sec_get_bond_status  ns_sec.o
    0x010080a8   0x010080a8   0x0000000c   Code   RO         3630    i.ns_sec_get_iocap  ns_sec.o
    0x010080b4   0x010080b4   0x00000064   Code   RO         3631    i.ns_sec_init       ns_sec.o
    0x01008118   0x01008118   0x00000018   Code   RO         3528    i.ns_sleep_lock_acquire  ns_sleep.o
    0x01008130   0x01008130   0x00000018   Code   RO         3529    i.ns_sleep_lock_release  ns_sleep.o
    0x01008148   0x01008148   0x00000040   Code   RO         3925    i.patchx_enable     ns_ble.o
    0x01008188   0x01008188   0x000001fa   Code   RO         5080    i.penalty_score     qrcodegen.o
    0x01008382   0x01008382   0x00000098   Code   RO         5081    i.place_codewords   qrcodegen.o
    0x0100841a   0x0100841a   0x00000002   PAD
    0x0100841c   0x0100841c   0x00000074   Code   RO         7356    i.poll_keys         app_gui.o
    0x01008490   0x01008490   0x00000084   Code   RO         2965    i.prf_add_profile   prf.o
    0x01008514   0x01008514   0x00000010   Code   RO         2968    i.prf_dst_task_get  prf.o
    0x01008524   0x01008524   0x00000030   Code   RO         2969    i.prf_env_get       prf.o
    0x01008554   0x01008554   0x00000034   Code   RO         2970    i.prf_get_id_from_task  prf.o
    0x01008588   0x01008588   0x00000024   Code   RO         2971    i.prf_get_itf_func_register  prf.o
    0x010085ac   0x010085ac   0x00000034   Code   RO         2972    i.prf_get_task_from_id  prf.o
    0x010085e0   0x010085e0   0x00000080   Code   RO         2973    i.prf_init          prf.o
    0x01008660   0x01008660   0x0000002c   Code   RO         2974    i.prf_itf_get       prf.o
    0x0100868c   0x0100868c   0x00000058   Code   RO         5169    i.prvAddCurrentTaskToDelayedList  tasks.o
    0x010086e4   0x010086e4   0x000000b0   Code   RO         5170    i.prvAddNewTaskToReadyList  tasks.o
    0x01008794   0x01008794   0x00000014   Code   RO         5171    i.prvIdleTask       tasks.o
    0x010087a8   0x010087a8   0x00000070   Code   RO         5172    i.prvInitialiseNewTask  tasks.o
    0x01008818   0x01008818   0x00000020   Code   RO         5173    i.prvResetNextTaskUnblockTime  tasks.o
    0x01008838   0x01008838   0x00000004   Code   RO         5561    i.prvTaskExitError  port.o
    0x0100883c   0x0100883c   0x00000020   Code   RO         5562    i.pxPortInitialiseStack  port.o
    0x0100885c   0x0100885c   0x00000300   Code   RO         5082    i.qr_encode_bytes   qrcodegen.o
    0x01008b5c   0x01008b5c   0x00000022   Code   RO         5083    i.qr_get_module     qrcodegen.o
    0x01008b7e   0x01008b7e   0x00000002   PAD
    0x01008b80   0x01008b80   0x00000030   Code   RO         2783    i.radio_freq_cal_from_trim  rwip_driver.o
    0x01008bb0   0x01008bb0   0x00000038   Code   RO         3367    i.rdtss_att_get_value  rdtss_task.o
    0x01008be8   0x01008be8   0x00000040   Code   RO         3368    i.rdtss_att_info_rsp_handler  rdtss_task.o
    0x01008c28   0x01008c28   0x00000064   Code   RO         3369    i.rdtss_att_set_value  rdtss_task.o
    0x01008c8c   0x01008c8c   0x00000048   Code   RO         3315    i.rdtss_cleanup     rdtss.o
    0x01008cd4   0x01008cd4   0x00000048   Code   RO         3316    i.rdtss_create      rdtss.o
    0x01008d1c   0x01008d1c   0x00000028   Code   RO         3317    i.rdtss_destroy     rdtss.o
    0x01008d44   0x01008d44   0x0000001c   Code   RO         3272    i.rdtss_get_att_handle  rdts_common.o
    0x01008d60   0x01008d60   0x00000026   Code   RO         3273    i.rdtss_get_att_idx  rdts_common.o
    0x01008d86   0x01008d86   0x00000094   Code   RO         3318    i.rdtss_init        rdtss.o
    0x01008e1a   0x01008e1a   0x00000002   PAD
    0x01008e1c   0x01008e1c   0x00000044   Code   RO         3370    i.rdtss_init_ccc_values  rdtss_task.o
    0x01008e60   0x01008e60   0x00000008   Code   RO         3319    i.rdtss_prf_itf_get  rdtss.o
    0x01008e68   0x01008e68   0x00000030   Code   RO         3371    i.rdtss_set_ccc_value  rdtss_task.o
    0x01008e98   0x01008e98   0x00000020   Code   RO         3372    i.rdtss_task_init   rdtss_task.o
    0x01008eb8   0x01008eb8   0x000000ae   Code   RO         3373    i.rdtss_val_ind_req_handler  rdtss_task.o
    0x01008f66   0x01008f66   0x00000004   Code   RO         4601    i.rdtss_val_ntf_cfm_handler  app_totp_ble.o
    0x01008f6a   0x01008f6a   0x00000002   PAD
    0x01008f6c   0x01008f6c   0x000000bc   Code   RO         3374    i.rdtss_val_ntf_req_handler  rdtss_task.o
    0x01009028   0x01009028   0x00000020   Code   RO         3375    i.rdtss_val_set_req_handler  rdtss_task.o
    0x01009048   0x01009048   0x0000017c   Code   RO         4602    i.rdtss_val_write_ind_handler  app_totp_ble.o
    0x010091c4   0x010091c4   0x00000064   Code   RO         4603    i.rdtss_value_req_ind_handler  app_totp_ble.o
    0x01009228   0x01009228   0x0000007c   Code   RO         3376    i.rdtss_value_req_rsp_handler  rdtss_task.o
    0x010092a4   0x010092a4   0x000000ec   Code   RO         7357    i.render_debug      app_gui.o
    0x01009390   0x01009390   0x000000f8   Code   RO         7358    i.render_qr         app_gui.o
    0x01009488   0x01009488   0x00000128   Code   RO         7359    i.render_running    app_gui.o
    0x010095b0   0x010095b0   0x000000a0   Code   RO         7360    i.render_title_clock  app_gui.o
    0x01009650   0x01009650   0x000000e8   Code   RO         7361    i.render_waiting    app_gui.o
    0x01009738   0x01009738   0x00000074   Code   RO         2787    i.rf_tx_power_set   rwip_driver.o
    0x010097ac   0x010097ac   0x00000090   Code   RO         4953    i.rtc_program_smooth_calib  app_rtc.o
    0x0100983c   0x0100983c   0x00000114   Code   RO         2444    i.rwip_init         rwip.o
    0x01009950   0x01009950   0x0000004c   Code   RO         2789    i.rwip_slp_isr      rwip_driver.o
    0x0100999c   0x0100999c   0x000000b0   Code   RO         2790    i.rwip_wakeup       rwip_driver.o
    0x01009a4c   0x01009a4c   0x00000014   Code   RO         7657    i.sEE_TIMEOUT_UserCallback  i2c_eeprom.o
    0x01009a60   0x01009a60   0x00000044   Code   RO         6309    i.sc_create_canvas  sc_canvas.o
    0x01009aa4   0x01009aa4   0x00000048   Code   RO         6381    i.sc_create_frame   sc_frame.o
    0x01009aec   0x01009aec   0x00000034   Code   RO         6518    i.sc_create_label   sc_label.o
    0x01009b20   0x01009b20   0x00000048   Code   RO         6701    i.sc_create_slider  sc_slider.o
    0x01009b68   0x01009b68   0x0000003c   Code   RO         6816    i.sc_create_task    sc_event_task.o
    0x01009ba4   0x01009ba4   0x00000038   Code   RO         6104    i.sc_obj_create     sc_obj_list.o
    0x01009bdc   0x01009bdc   0x00000076   Code   RO         6106    i.sc_obj_list_add   sc_obj_list.o
    0x01009c52   0x01009c52   0x0000004c   Code   RO         6112    i.sc_obj_set_geometry  sc_obj_list.o
    0x01009c9e   0x01009c9e   0x00000024   Code   RO         6519    i.sc_set_label_text  sc_label.o
    0x01009cc2   0x01009cc2   0x00000004   Code   RO         6702    i.sc_set_slider_value  sc_slider.o
    0x01009cc6   0x01009cc6   0x00000002   PAD
    0x01009cc8   0x01009cc8   0x000000c8   Code   RO         6822    i.sc_task_loop      sc_event_task.o
    0x01009d90   0x01009d90   0x00000194   Code   RO         6173    i.sc_widget_draw_actice  sc_obj_widget.o
    0x01009f24   0x01009f24   0x0000007c   Code   RO         6174    i.sc_widget_draw_screen  sc_obj_widget.o
    0x01009fa0   0x01009fa0   0x00000090   Code   RO         6175    i.sc_widget_move_pos  sc_obj_widget.o
    0x0100a030   0x0100a030   0x0000008c   Code   RO         6177    i.sc_widget_touch_rel  sc_obj_widget.o
    0x0100a0bc   0x0100a0bc   0x00000024   Code   RO         7362    i.set_progress      app_gui.o
    0x0100a0e0   0x0100a0e0   0x00000076   Code   RO         4886    i.sha1_final        app_totp.o
    0x0100a156   0x0100a156   0x00000002   PAD
    0x0100a158   0x0100a158   0x0000002c   Code   RO         4887    i.sha1_init         app_totp.o
    0x0100a184   0x0100a184   0x00000114   Code   RO         4888    i.sha1_transform    app_totp.o
    0x0100a298   0x0100a298   0x0000006c   Code   RO         4889    i.sha1_update       app_totp.o
    0x0100a304   0x0100a304   0x00000044   Code   RO         6703    i.slider_handle_draw  sc_slider.o
    0x0100a348   0x0100a348   0x00000004   Code   RO         6704    i.slider_handle_key  sc_slider.o
    0x0100a34c   0x0100a34c   0x00000074   Code   RO         6705    i.slider_handle_touch  sc_slider.o
    0x0100a3c0   0x0100a3c0   0x00000082   Code   RO         4890    i.totp_compute      app_totp.o
    0x0100a442   0x0100a442   0x0000000c   Code   RO         4891    i.totp_counter_of   app_totp.o
    0x0100a44e   0x0100a44e   0x00000012   Code   RO         5012    i.totp_task         app_tasks.o
    0x0100a460   0x0100a460   0x00000060   Code   RO         5174    i.ulTaskNotifyTake  tasks.o
    0x0100a4c0   0x0100a4c0   0x00000026   Code   RO         5397    i.uxListRemove      list.o
    0x0100a4e6   0x0100a4e6   0x00000002   PAD
    0x0100a4e8   0x0100a4e8   0x00000014   Code   RO         5013    i.vApplicationGetIdleTaskMemory  app_tasks.o
    0x0100a4fc   0x0100a4fc   0x00000016   Code   RO         5398    i.vListInitialise   list.o
    0x0100a512   0x0100a512   0x00000006   Code   RO         5399    i.vListInitialiseItem  list.o
    0x0100a518   0x0100a518   0x00000030   Code   RO         5400    i.vListInsert       list.o
    0x0100a548   0x0100a548   0x00000018   Code   RO         5401    i.vListInsertEnd    list.o
    0x0100a560   0x0100a560   0x00000018   Code   RO         5564    i.vPortEnterCritical  port.o
    0x0100a578   0x0100a578   0x00000014   Code   RO         5565    i.vPortExitCritical  port.o
    0x0100a58c   0x0100a58c   0x00000018   Code   RO         5566    i.vPortYield        port.o
    0x0100a5a4   0x0100a5a4   0x00000078   Code   RO         5181    i.vTaskNotifyGiveFromISR  tasks.o
    0x0100a61c   0x0100a61c   0x00000058   Code   RO         5187    i.vTaskStartScheduler  tasks.o
    0x0100a674   0x0100a674   0x00000050   Code   RO         5190    i.vTaskSwitchContext  tasks.o
    0x0100a6c4   0x0100a6c4   0x00000044   Code   RO         5567    i.xPortStartScheduler  port.o
    0x0100a708   0x0100a708   0x0000003c   Code   RO         5192    i.xTaskCreateStatic  tasks.o
    0x0100a744   0x0100a744   0x000000b0   Code   RO         5197    i.xTaskIncrementTick  tasks.o
    0x0100a7f4   0x0100a7f4   0x00000140   Data   RO           20    .constdata          system_n32wb03x.o
    0x0100a934   0x0100a934   0x0000000c   Data   RO          783    .constdata          n32wb03x_rcc.o
    0x0100a940   0x0100a940   0x000007e4   Data   RO         2033    .constdata          n32wb03x_qflash.o
    0x0100b124   0x0100b124   0x0000001e   Data   RO         2791    .constdata          rwip_driver.o
    0x0100b142   0x0100b142   0x00000002   PAD
    0x0100b144   0x0100b144   0x000000a8   Data   RO         3109    .constdata          diss.o
    0x0100b1ec   0x0100b1ec   0x00000065   Data   RO         3203    .constdata          diss_task.o
    0x0100b251   0x0100b251   0x00000003   PAD
    0x0100b254   0x0100b254   0x00000010   Data   RO         3320    .constdata          rdtss.o
    0x0100b264   0x0100b264   0x00000048   Data   RO         3377    .constdata          rdtss_task.o
    0x0100b2ac   0x0100b2ac   0x00000028   Data   RO         3637    .constdata          ns_sec.o
    0x0100b2d4   0x0100b2d4   0x00000008   Data   RO         3638    .constdata          ns_sec.o
    0x0100b2dc   0x0100b2dc   0x0000015b   Data   RO         3639    .constdata          ns_sec.o
    0x0100b437   0x0100b437   0x00000001   PAD
    0x0100b438   0x0100b438   0x00000537   Data   RO         3927    .constdata          ns_ble.o
    0x0100b96f   0x0100b96f   0x00000001   PAD
    0x0100b970   0x0100b970   0x000002e8   Data   RO         4318    .constdata          ns_ble_task.o
    0x0100bc58   0x0100bc58   0x000000c0   Data   RO         4319    .constdata          ns_ble_task.o
    0x0100bd18   0x0100bd18   0x0000000c   Data   RO         4320    .constdata          ns_ble_task.o
    0x0100bd24   0x0100bd24   0x00000008   Data   RO         4455    .constdata          app_dis.o
    0x0100bd2c   0x0100bd2c   0x00000023   Data   RO         4456    .constdata          app_dis.o
    0x0100bd4f   0x0100bd4f   0x00000001   PAD
    0x0100bd50   0x0100bd50   0x000000b2   Data   RO         4605    .constdata          app_totp_ble.o
    0x0100be02   0x0100be02   0x00000002   PAD
    0x0100be04   0x0100be04   0x00000018   Data   RO         4606    .constdata          app_totp_ble.o
    0x0100be1c   0x0100be1c   0x00000060   Data   RO         5085    .constdata          qrcodegen.o
    0x0100be7c   0x0100be7c   0x000012d6   Data   RO         5915    .constdata          lv_font_12.o
    0x0100d152   0x0100d152   0x00000002   PAD
    0x0100d154   0x0100d154   0x00000480   Data   RO         5916    .constdata          lv_font_12.o
    0x0100d5d4   0x0100d5d4   0x00000122   Data   RO         5917    .constdata          lv_font_12.o
    0x0100d6f6   0x0100d6f6   0x00000002   PAD
    0x0100d6f8   0x0100d6f8   0x00000014   Data   RO         5918    .constdata          lv_font_12.o
    0x0100d70c   0x0100d70c   0x00000aa6   Data   RO         5947    .constdata          lv_font_16.o
    0x0100e1b2   0x0100e1b2   0x00000002   PAD
    0x0100e1b4   0x0100e1b4   0x00000318   Data   RO         5948    .constdata          lv_font_16.o
    0x0100e4cc   0x0100e4cc   0x000000c8   Data   RO         5949    .constdata          lv_font_16.o
    0x0100e594   0x0100e594   0x00000014   Data   RO         5950    .constdata          lv_font_16.o
    0x0100e5a8   0x0100e5a8   0x00000ff8   Data   RO         5976    .constdata          lv_font_20.o
    0x0100f5a0   0x0100f5a0   0x00000318   Data   RO         5977    .constdata          lv_font_20.o
    0x0100f8b8   0x0100f8b8   0x000000c8   Data   RO         5978    .constdata          lv_font_20.o
    0x0100f980   0x0100f980   0x00000014   Data   RO         5979    .constdata          lv_font_20.o
    0x0100f994   0x0100f994   0x0000000c   Data   RO         6310    .constdata          sc_canvas.o
    0x0100f9a0   0x0100f9a0   0x0000000c   Data   RO         6383    .constdata          sc_frame.o
    0x0100f9ac   0x0100f9ac   0x0000000c   Data   RO         6520    .constdata          sc_label.o
    0x0100f9b8   0x0100f9b8   0x0000000c   Data   RO         6706    .constdata          sc_slider.o
    0x0100f9c4   0x0100f9c4   0x00000048   Data   RO         7364    .conststring        app_gui.o
    0x0100fa0c   0x0100fa0c   0x00000020   Data   RO         8162    Region$$Table       anon$$obj.o


    Execution Region RW_IRAM1 (Exec base: 0x20004000, Load base: 0x0100fa2c, Size: 0x00007ed8, Max: 0x00008000, ABSOLUTE, COMPRESSED[0x00000130])

    Exec Addr    Load Addr    Size         Type   Attr      Idx    E Section Name        Object

    0x20004000   COMPRESSED   0x0000000c   Data   RW         2034    .data               n32wb03x_qflash.o
    0x2000400c   COMPRESSED   0x00000014   Data   RW         2792    .data               rwip_driver.o
    0x20004020   COMPRESSED   0x00000004   Data   RW         3530    .data               ns_sleep.o
    0x20004024   COMPRESSED   0x00000001   Data   RW         3588    .data               ns_log_usart.o
    0x20004025   COMPRESSED   0x0000001b   PAD
    0x20004040   COMPRESSED   0x000000f4   Data   RW         3928    .data               ns_ble.o
    0x20004134   COMPRESSED   0x00000002   Data   RW         4321    .data               ns_ble_task.o
    0x20004136   COMPRESSED   0x00000001   Data   RW         4322    .data               ns_ble_task.o
    0x20004137   COMPRESSED   0x00000001   PAD
    0x20004138   COMPRESSED   0x00000018   Data   RW         4607    .data               app_totp_ble.o
    0x20004150   COMPRESSED   0x00000010   Data   RW         4954    .data               app_rtc.o
    0x20004160   COMPRESSED   0x00000004   Data   RW         5021    .data               app_tasks.o
    0x20004164   COMPRESSED   0x00000004   Data   RW         5022    .data               app_tasks.o
    0x20004168   COMPRESSED   0x00000004   Data   RW         5023    .data               app_tasks.o
    0x2000416c   COMPRESSED   0x00000001   Data   RW         5086    .data               qrcodegen.o
    0x2000416d   COMPRESSED   0x00000003   PAD
    0x20004170   COMPRESSED   0x00000038   Data   RW         5203    .data               tasks.o
    0x200041a8   COMPRESSED   0x00000004   Data   RW         5568    .data               port.o
    0x200041ac   COMPRESSED   0x00000006   Data   RW         5671    .data               lcd.o
    0x200041b2   COMPRESSED   0x00000002   PAD
    0x200041b4   COMPRESSED   0x0000001c   Data   RW         5919    .data               lv_font_12.o
    0x200041d0   COMPRESSED   0x00000014   Data   RW         5920    .data               lv_font_12.o
    0x200041e4   COMPRESSED   0x0000001c   Data   RW         5951    .data               lv_font_16.o
    0x20004200   COMPRESSED   0x00000014   Data   RW         5952    .data               lv_font_16.o
    0x20004214   COMPRESSED   0x0000001c   Data   RW         5980    .data               lv_font_20.o
    0x20004230   COMPRESSED   0x00000014   Data   RW         5981    .data               lv_font_20.o
    0x20004244   COMPRESSED   0x00000014   Data   RW         6178    .data               sc_obj_widget.o
    0x20004258   COMPRESSED   0x0000000c   Data   RW         6825    .data               sc_event_task.o
    0x20004264   COMPRESSED   0x00000004   Data   RW         7002    .data               sc_gui.o
    0x20004268   COMPRESSED   0x00000020   Data   RW         7365    .data               app_gui.o
    0x20004288   COMPRESSED   0x00000020   Data   RW         7659    .data               i2c_eeprom.o
    0x200042a8   COMPRESSED   0x00000002   Data   RW         7734    .data               xpt2046.o
    0x200042aa   COMPRESSED   0x00000002   PAD
    0x200042ac   COMPRESSED   0x00000004   Data   RW         7786    .data               mc_p.l(rand.o)
    0x200042b0   COMPRESSED   0x00000004   Data   RW         8147    .data               mc_p.l(mvars.o)
    0x200042b4   COMPRESSED   0x00000004   Data   RW         8148    .data               mc_p.l(mvars.o)
    0x200042b8        -       0x00000034   Zero   RW           19    .bss                system_n32wb03x.o
    0x200042ec        -       0x00000328   Zero   RW         2032    .bss                n32wb03x_qflash.o
    0x20004614        -       0x0000011c   Zero   RW         2976    .bss                prf.o
    0x20004730        -       0x0000005c   Zero   RW         3636    .bss                ns_sec.o
    0x2000478c        -       0x00000290   Zero   RW         3926    .bss                ns_ble.o
    0x20004a1c        -       0x00000050   Zero   RW         4604    .bss                app_totp_ble.o
    0x20004a6c        -       0x00000030   Zero   RW         4711    .bss                main.o
    0x20004a9c        -       0x00000014   Zero   RW         4892    .bss                app_totp.o
    0x20004ab0        -       0x00000044   Zero   RW         5014    .bss                app_tasks.o
    0x20004af4        -       0x00002000   Zero   RW         5015    .bss                app_tasks.o
    0x20006af4        -       0x00000044   Zero   RW         5016    .bss                app_tasks.o
    0x20006b38        -       0x000018f0   Zero   RW         5017    .bss                app_tasks.o
    0x20008428        -       0x00000044   Zero   RW         5018    .bss                app_tasks.o
    0x2000846c        -       0x00000180   Zero   RW         5019    .bss                app_tasks.o
    0x200085ec        -       0x000001c4   Zero   RW         5020    .bss                app_tasks.o
    0x200087b0        -       0x00000828   Zero   RW         5084    .bss                qrcodegen.o
    0x20008fd8        -       0x000000a0   Zero   RW         5202    .bss                tasks.o
    0x20009078        -       0x0000000e   Zero   RW         5666    .bss                lcd.o
    0x20009086   COMPRESSED   0x00000002   PAD
    0x20009088        -       0x000000a4   Zero   RW         6824    .bss                sc_event_task.o
    0x2000912c        -       0x00002024   Zero   RW         7000    .bss                sc_gui.o
    0x2000b150        -       0x00000364   Zero   RW         7363    .bss                app_gui.o
    0x2000b4b4        -       0x00000020   Zero   RW         7658    .bss                i2c_eeprom.o
    0x2000b4d4   COMPRESSED   0x00000004   PAD
    0x2000b4d8        -       0x00000200   Zero   RW            2    HEAP                startup_n32wb03x.o
    0x2000b6d8        -       0x00000800   Zero   RW            1    STACK               startup_n32wb03x.o


==============================================================================

Image component sizes


      Code (inc. data)   RO Data    RW Data    ZI Data      Debug   Object Name

       576        178          0          0          0      11751   app_ble.o
       312        118         43          0          0       8656   app_dis.o
      2180        420         72         32        868      12173   app_gui.o
       392         56          0         16          0       3844   app_rtc.o
        60          8          0         12      15616       5024   app_tasks.o
      1012         32          0          0         20       7008   app_totp.o
      1656        914        202         24         80      11112   app_totp_ble.o
       364         14        168          0          0      16718   diss.o
       568         60        101          0          0      18262   diss_task.o
       464         44          0         32         32       3728   i2c_eeprom.o
      1976        132          0          6         14      17617   lcd.o
       188         10          0          0          0       1445   lib_att.o
       138          0          0          0          0       3178   list.o
       210          0       6284         48          0       4737   lv_font_12.o
       210          0       3738         48          0       2833   lv_font_16.o
       210          0       5100         48          0       2833   lv_font_20.o
      1000        566          0          0         48      23650   main.o
       116         14          0          0          0       6808   misc.o
       256         16          0          0          0       6309   n32wb03x_dma.o
       148         16          0          0          0       2197   n32wb03x_exti.o
       562         38          0          0          0       4622   n32wb03x_gpio.o
       192         18          0          0          0       7407   n32wb03x_i2c.o
       188         28          0          0          0       9789   n32wb03x_it.o
       120         26       2020         12        808       4012   n32wb03x_qflash.o
       236         52         12          0          0       4149   n32wb03x_rcc.o
       584         64          0          0          0       8574   n32wb03x_rtc.o
       156         12          0          0          0       4436   n32wb03x_spi.o
       236         12          0          0          0       4570   n32wb03x_tim.o
       186         22          0          0          0       3987   n32wb03x_usart.o
      4634       1216       1335        244        656      94279   ns_ble.o
      3700        916        948          3          0      27521   ns_ble_task.o
       156         20          0          1          0       1292   ns_log_usart.o
      2430        538        395          0         92     105149   ns_sec.o
        48          8          0          4          0       1376   ns_sleep.o
       330         52          0          4          0       6512   port.o
       508         32          0          0        284       7938   prf.o
      2940         86         96          1       2088      17650   qrcodegen.o
       292         10          0          0          0       6067   rdts_common.o
       340         16         16          0          0       8036   rdtss.o
      1514         74         72          0          0      28893   rdtss_task.o
       276         76          0          0          0     110707   rwip.o
       856        230         30         20          0      65712   rwip_driver.o
         0          0          0          0          0       2067   sc_arc.o
       616         26         12          0          0       7655   sc_canvas.o
       310         18          0         12        164       3530   sc_event_task.o
      1106          8          0          0          0       6897   sc_font.o
       148         10         12          0          0       2426   sc_frame.o
       996         22          0          4       8228       9271   sc_gui.o
         0          0          0          0          0      12880   sc_gui_demo.o
       144         10         12          0          0       2894   sc_label.o
       862         26          0          0          0       6139   sc_lcd.o
       250          0          0          0          0       3648   sc_obj_list.o
       812         26          0         20          0       7848   sc_obj_widget.o
       264          6         12          0          0       3914   sc_slider.o
        28          8        192          0       2560        660   startup_n32wb03x.o
       506         62        320          0         52     172535   system_n32wb03x.o
      1048         78          0         56        160      20798   tasks.o
       396         12          0          2          0       1797   xpt2046.o

    ----------------------------------------------------------------------
     40248       6520      21240        684      31776     967520   Object Totals
       192         64         32          0          0          0   (incl. Generated)
        50          0         16         35          6          0   (incl. Padding)

    ----------------------------------------------------------------------

      Code (inc. data)   RO Data    RW Data    ZI Data      Debug   Library Member Name

        86          0          0          0          0          0   __dczerorl2.o
         0          0          0          0          0          0   entry.o
         0          0          0          0          0          0   entry10a.o
         0          0          0          0          0          0   entry11a.o
         8          4          0          0          0          0   entry2.o
         4          0          0          0          0          0   entry5.o
         0          0          0          0          0          0   entry7b.o
         0          0          0          0          0          0   entry8b.o
         8          4          0          0          0          0   entry9a.o
        40          0          0          0          0         72   idiv.o
        36          8          0          0          0         68   init.o
         0          0          0          0          0          0   iusefp.o
        76          0          0          0          0         76   ldiv.o
        32          0          0          0          0         68   llshl.o
        34          0          0          0          0         68   llushr.o
       192         20          0          0          0        144   malloc.o
        26          0          0          0          0         72   memcmp.o
        64          0          0          0          0         68   memmovea.o
        36          0          0          0          0        100   memseta.o
         0          0          0          8          0          0   mvars.o
      1246         58          0          0          0        468   printf8.o
        36         12          0          4          0        120   rand.o
        44          0          0          0          0         72   uidiv.o
        96          0          0          0          0         84   uldiv.o
        20          0          0          0          0         60   uread4.o
       124          0          0          0          0         72   fdiv.o
       130          0          0          0          0        144   fepilogue.o
        48          0          0          0          0         68   ffixul.o
        14          0          0          0          0         68   ffltui.o
        28          0          0          0          0         68   ffltul.o
       122          0          0          0          0         72   fmul.o

    ----------------------------------------------------------------------
      2556        106          0         12          0       2032   Library Totals
         6          0          0          0          0          0   (incl. Padding)

    ----------------------------------------------------------------------

      Code (inc. data)   RO Data    RW Data    ZI Data      Debug   Library Name

      2084        106          0         12          0       1540   mc_p.l
       466          0          0          0          0        492   mf_p.l

    ----------------------------------------------------------------------
      2556        106          0         12          0       2032   Library Totals

    ----------------------------------------------------------------------

==============================================================================


      Code (inc. data)   RO Data    RW Data    ZI Data      Debug   

     42804       6626      21240        696      31776     951604   Grand Totals
     42804       6626      21240        304      31776     951604   ELF Image Totals (compressed)
     42804       6626      21240        304          0          0   ROM Totals

==============================================================================

    Total RO  Size (Code + RO Data)                64044 (  62.54kB)
    Total RW  Size (RW Data + ZI Data)             32472 (  31.71kB)
    Total ROM Size (Code + RO Data + RW Data)      64348 (  62.84kB)

==============================================================================

