<!doctype html public "-//w3c//dtd html 4.0 transitional//en">
<html><head>
<title>Static Call Graph - [.\Objects\beacon.axf]</title></head>
<body><HR>
<H1>Static Call Graph for image .\Objects\beacon.axf</H1><HR>
<BR><P>#&#060CALLGRAPH&#062# ARM Linker, 5060528: Last Updated: Wed Apr 22 15:00:51 2026
<BR><P>
<H3>Maximum Stack Usage =        880 bytes + Unknown(Cycles, Untraceable Function Pointers)</H3><H3>
Call chain for Maximum Stack Depth:</H3>
app_gui_task &rArr; render_running &rArr; totp_compute &rArr; hmac_sha1 &rArr; sha1_final &rArr; sha1_update &rArr; sha1_transform
<P>
<H3>
Mutually Recursive functions
</H3> <LI><a href="#[21]">ADC_IRQHandler</a>&nbsp;&nbsp;&nbsp;&rArr;&nbsp;&nbsp;&nbsp;<a href="#[21]">ADC_IRQHandler</a><BR>
 <LI><a href="#[8]">HardFault_Handler</a>&nbsp;&nbsp;&nbsp;&rArr;&nbsp;&nbsp;&nbsp;<a href="#[8]">HardFault_Handler</a><BR>
 <LI><a href="#[86]">system_delay_cycles</a>&nbsp;&nbsp;&nbsp;&rArr;&nbsp;&nbsp;&nbsp;<a href="#[86]">system_delay_cycles</a><BR>
 <LI><a href="#[3d]">ble_task</a>&nbsp;&nbsp;&nbsp;&rArr;&nbsp;&nbsp;&nbsp;<a href="#[3d]">ble_task</a><BR>
 <LI><a href="#[3e]">gui_task</a>&nbsp;&nbsp;&nbsp;&rArr;&nbsp;&nbsp;&nbsp;<a href="#[3e]">gui_task</a><BR>
</UL>
<P>
<H3>
Function Pointers
</H3><UL>
 <LI><a href="#[21]">ADC_IRQHandler</a> from startup_n32wb03x.o(.text) referenced from startup_n32wb03x.o(RESET)
 <LI><a href="#[1e]">BLE_CRYPT_IRQHandler</a> from startup_n32wb03x.o(.text) referenced from startup_n32wb03x.o(RESET)
 <LI><a href="#[1d]">BLE_ERROR_IRQHandler</a> from startup_n32wb03x.o(.text) referenced from startup_n32wb03x.o(RESET)
 <LI><a href="#[16]">BLE_FIFO_IRQHandler</a> from startup_n32wb03x.o(.text) referenced from startup_n32wb03x.o(RESET)
 <LI><a href="#[15]">BLE_FINETGT_IRQHandler</a> from startup_n32wb03x.o(.text) referenced from startup_n32wb03x.o(RESET)
 <LI><a href="#[f]">BLE_HSLOT_IRQHandler</a> from startup_n32wb03x.o(.text) referenced from startup_n32wb03x.o(RESET)
 <LI><a href="#[26]">BLE_SLP_IRQHandler</a> from startup_n32wb03x.o(.text) referenced from startup_n32wb03x.o(RESET)
 <LI><a href="#[d]">BLE_SW_IRQHandler</a> from startup_n32wb03x.o(.text) referenced from startup_n32wb03x.o(RESET)
 <LI><a href="#[1f]">BLE_TIMESTAMP_TGT1_IRQHandler</a> from startup_n32wb03x.o(.text) referenced from startup_n32wb03x.o(RESET)
 <LI><a href="#[24]">BLE_TIMESTAMP_TGT2_IRQHandler</a> from startup_n32wb03x.o(.text) referenced from startup_n32wb03x.o(RESET)
 <LI><a href="#[17]">DMA_Channel1_2_3_4_IRQHandler</a> from n32wb03x_it.o(i.DMA_Channel1_2_3_4_IRQHandler) referenced from startup_n32wb03x.o(RESET)
 <LI><a href="#[18]">DMA_Channel5_IRQHandler</a> from startup_n32wb03x.o(.text) referenced from startup_n32wb03x.o(RESET)
 <LI><a href="#[12]">EXTI0_1_IRQHandler</a> from startup_n32wb03x.o(.text) referenced from startup_n32wb03x.o(RESET)
 <LI><a href="#[13]">EXTI2_3_IRQHandler</a> from startup_n32wb03x.o(.text) referenced from startup_n32wb03x.o(RESET)
 <LI><a href="#[14]">EXTI4_12_IRQHandler</a> from xpt2046.o(i.EXTI4_12_IRQHandler) referenced from startup_n32wb03x.o(RESET)
 <LI><a href="#[10]">FLASH_IRQHandler</a> from startup_n32wb03x.o(.text) referenced from startup_n32wb03x.o(RESET)
 <LI><a href="#[8]">HardFault_Handler</a> from n32wb03x_it.o(i.HardFault_Handler) referenced from startup_n32wb03x.o(RESET)
 <LI><a href="#[23]">I2C1_IRQHandler</a> from i2c_eeprom.o(i.I2C1_IRQHandler) referenced from startup_n32wb03x.o(RESET)
 <LI><a href="#[2b]">IRC_IRQHandler</a> from startup_n32wb03x.o(.text) referenced from startup_n32wb03x.o(RESET)
 <LI><a href="#[27]">KEYSCAN_IRQHandler</a> from startup_n32wb03x.o(.text) referenced from startup_n32wb03x.o(RESET)
 <LI><a href="#[3b]">LCD_Fast_DrawPoint</a> from lcd.o(i.LCD_Fast_DrawPoint) referenced from main.o(i.main)
 <LI><a href="#[29]">LPUART1_IRQHandler</a> from startup_n32wb03x.o(.text) referenced from startup_n32wb03x.o(RESET)
 <LI><a href="#[7]">NMI_Handler</a> from n32wb03x_it.o(i.NMI_Handler) referenced from startup_n32wb03x.o(RESET)
 <LI><a href="#[a]">PendSV_Handler</a> from port.o(.emb_text) referenced from startup_n32wb03x.o(RESET)
 <LI><a href="#[11]">RCC_IRQHandler</a> from startup_n32wb03x.o(.text) referenced from startup_n32wb03x.o(RESET)
 <LI><a href="#[1b]">RESERVED_IRQHandler</a> from startup_n32wb03x.o(.text) referenced from startup_n32wb03x.o(RESET)
 <LI><a href="#[e]">RTC_IRQHandler</a> from n32wb03x_it.o(i.RTC_IRQHandler) referenced from startup_n32wb03x.o(RESET)
 <LI><a href="#[6]">Reset_Handler</a> from startup_n32wb03x.o(.text) referenced from startup_n32wb03x.o(RESET)
 <LI><a href="#[25]">SPI1_IRQHandler</a> from startup_n32wb03x.o(.text) referenced from startup_n32wb03x.o(RESET)
 <LI><a href="#[22]">SPI2_IRQHandler</a> from startup_n32wb03x.o(.text) referenced from startup_n32wb03x.o(RESET)
 <LI><a href="#[9]">SVC_Handler</a> from port.o(i.SVC_Handler) referenced from startup_n32wb03x.o(RESET)
 <LI><a href="#[b]">SysTick_Handler</a> from port.o(i.SysTick_Handler) referenced from startup_n32wb03x.o(RESET)
 <LI><a href="#[2d]">SystemInit</a> from system_n32wb03x.o(i.SystemInit) referenced from startup_n32wb03x.o(.text)
 <LI><a href="#[19]">TIM1_BRK_UP_TRG_COM_IRQHandler</a> from startup_n32wb03x.o(.text) referenced from startup_n32wb03x.o(RESET)
 <LI><a href="#[1a]">TIM1_CC_IRQHandler</a> from startup_n32wb03x.o(.text) referenced from startup_n32wb03x.o(RESET)
 <LI><a href="#[1c]">TIM3_IRQHandler</a> from n32wb03x_it.o(i.TIM3_IRQHandler) referenced from startup_n32wb03x.o(RESET)
 <LI><a href="#[20]">TIM6_IRQHandler</a> from startup_n32wb03x.o(.text) referenced from startup_n32wb03x.o(RESET)
 <LI><a href="#[28]">USART1_IRQHandler</a> from startup_n32wb03x.o(.text) referenced from startup_n32wb03x.o(RESET)
 <LI><a href="#[2a]">USART2_IRQHandler</a> from startup_n32wb03x.o(.text) referenced from startup_n32wb03x.o(RESET)
 <LI><a href="#[c]">WWDG_IRQHandler</a> from startup_n32wb03x.o(.text) referenced from startup_n32wb03x.o(RESET)
 <LI><a href="#[2e]">__main</a> from entry.o(.ARM.Collect$$$$00000000) referenced from startup_n32wb03x.o(.text)
 <LI><a href="#[1]">__user_font_get_bitmap</a> from lv_font_12.o(i.__user_font_get_bitmap) referenced 6 times from lv_font_12.o(.data)
 <LI><a href="#[0]">__user_font_get_glyph_dsc</a> from lv_font_12.o(i.__user_font_get_glyph_dsc) referenced 6 times from lv_font_12.o(.data)
 <LI><a href="#[33]">_snputc</a> from printf8.o(i._snputc) referenced from printf8.o(i.__0snprintf$8)
 <LI><a href="#[34]">app_ble_adv_msg_handler</a> from app_ble.o(i.app_ble_adv_msg_handler) referenced from app_ble.o(i.app_ble_adv_init)
 <LI><a href="#[35]">app_ble_msg_handler</a> from app_ble.o(i.app_ble_msg_handler) referenced from app_ble.o(i.app_ble_init)
 <LI><a href="#[73]">app_conn_params_update_evt_handler</a> from ns_ble_task.o(i.app_conn_params_update_evt_handler) referenced from ns_ble_task.o(.constdata)
 <LI><a href="#[37]">app_dis_add_dis</a> from app_dis.o(i.app_dis_add_dis) referenced from app_ble.o(i.app_ble_prf_init)
 <LI><a href="#[5e]">app_entry_point_handler</a> from ns_ble_task.o(i.app_entry_point_handler) referenced from ns_ble_task.o(.constdata)
 <LI><a href="#[3c]">app_gui_task</a> from app_gui.o(i.app_gui_task) referenced from main.o(i.main)
 <LI><a href="#[74]">app_init_timeout_evt_handler</a> from ns_ble_task.o(i.app_init_timeout_evt_handler) referenced from ns_ble_task.o(.constdata)
 <LI><a href="#[72]">app_lsi_calib_evt_handler</a> from ns_ble_task.o(i.app_lsi_calib_evt_handler) referenced from ns_ble_task.o(.constdata)
 <LI><a href="#[59]">app_sec_msg_dflt_handler</a> from ns_sec.o(i.app_sec_msg_dflt_handler) referenced from ns_sec.o(.constdata)
 <LI><a href="#[38]">app_totp_ble_add_service</a> from app_totp_ble.o(i.app_totp_ble_add_service) referenced from app_ble.o(i.app_ble_prf_init)
 <LI><a href="#[36]">app_user_msg_handler</a> from app_ble.o(i.app_user_msg_handler) referenced from app_ble.o(i.app_ble_init)
 <LI><a href="#[3d]">ble_task</a> from app_tasks.o(i.ble_task) referenced from main.o(i.main)
 <LI><a href="#[7a]">canvas_handle_draw</a> from sc_canvas.o(i.canvas_handle_draw) referenced from sc_canvas.o(.constdata)
 <LI><a href="#[7b]">canvas_handle_key</a> from sc_canvas.o(i.canvas_handle_key) referenced from sc_canvas.o(.constdata)
 <LI><a href="#[7c]">canvas_handle_touch</a> from sc_canvas.o(i.canvas_handle_touch) referenced from sc_canvas.o(.constdata)
 <LI><a href="#[48]">diss_cleanup</a> from diss.o(i.diss_cleanup) referenced from diss.o(.constdata)
 <LI><a href="#[47]">diss_create</a> from diss.o(i.diss_create) referenced from diss.o(.constdata)
 <LI><a href="#[46]">diss_destroy</a> from diss.o(i.diss_destroy) referenced from diss.o(.constdata)
 <LI><a href="#[45]">diss_init</a> from diss.o(i.diss_init) referenced from diss.o(.constdata)
 <LI><a href="#[39]">diss_prf_itf_get</a> from diss.o(i.diss_prf_itf_get) referenced from app_dis.o(i.app_dis_init)
 <LI><a href="#[49]">diss_set_value_req_handler</a> from diss_task.o(i.diss_set_value_req_handler) referenced from diss_task.o(.constdata)
 <LI><a href="#[4b]">diss_value_cfm_handler</a> from diss_task.o(i.diss_value_cfm_handler) referenced from diss_task.o(.constdata)
 <LI><a href="#[76]">diss_value_req_ind_handler</a> from app_dis.o(i.diss_value_req_ind_handler) referenced from app_dis.o(.constdata)
 <LI><a href="#[32]">fputc</a> from ns_log_usart.o(i.fputc) referenced from printf8.o(i.__0printf$8)
 <LI><a href="#[7d]">frame_handle_draw</a> from sc_frame.o(i.frame_handle_draw) referenced from sc_frame.o(.constdata)
 <LI><a href="#[7e]">frame_handle_key</a> from sc_frame.o(i.frame_handle_key) referenced from sc_frame.o(.constdata)
 <LI><a href="#[5b]">gapc_bond_ind_handler</a> from ns_sec.o(i.gapc_bond_ind_handler) referenced from ns_sec.o(.constdata)
 <LI><a href="#[5a]">gapc_bond_req_ind_handler</a> from ns_sec.o(i.gapc_bond_req_ind_handler) referenced from ns_sec.o(.constdata)
 <LI><a href="#[70]">gapc_cmp_evt_handler</a> from ns_ble_task.o(i.gapc_cmp_evt_handler) referenced from ns_ble_task.o(.constdata)
 <LI><a href="#[71]">gapc_conn_rssi_ind_handler</a> from ns_ble_task.o(i.gapc_conn_rssi_ind_handler) referenced from ns_ble_task.o(.constdata)
 <LI><a href="#[68]">gapc_connection_req_ind_handler</a> from ns_ble_task.o(i.gapc_connection_req_ind_handler) referenced from ns_ble_task.o(.constdata)
 <LI><a href="#[6c]">gapc_disconnect_ind_handler</a> from ns_ble_task.o(i.gapc_disconnect_ind_handler) referenced from ns_ble_task.o(.constdata)
 <LI><a href="#[5d]">gapc_encrypt_ind_handler</a> from ns_sec.o(i.gapc_encrypt_ind_handler) referenced from ns_sec.o(.constdata)
 <LI><a href="#[5c]">gapc_encrypt_req_ind_handler</a> from ns_sec.o(i.gapc_encrypt_req_ind_handler) referenced from ns_sec.o(.constdata)
 <LI><a href="#[6d]">gapc_get_dev_info_req_ind_handler</a> from ns_ble_task.o(i.gapc_get_dev_info_req_ind_handler) referenced from ns_ble_task.o(.constdata)
 <LI><a href="#[6e]">gapc_le_phy_ind_handler</a> from ns_ble_task.o(i.gapc_le_phy_ind_handler) referenced from ns_ble_task.o(.constdata)
 <LI><a href="#[6b]">gapc_le_pkt_size_ind_handler</a> from ns_ble_task.o(i.gapc_le_pkt_size_ind_handler) referenced from ns_ble_task.o(.constdata)
 <LI><a href="#[69]">gapc_param_update_req_ind_handler</a> from ns_ble_task.o(i.gapc_param_update_req_ind_handler) referenced from ns_ble_task.o(.constdata)
 <LI><a href="#[6a]">gapc_param_updated_ind_handler</a> from ns_ble_task.o(i.gapc_param_updated_ind_handler) referenced from ns_ble_task.o(.constdata)
 <LI><a href="#[6f]">gapc_set_dev_info_req_ind_handler</a> from ns_ble_task.o(i.gapc_set_dev_info_req_ind_handler) referenced from ns_ble_task.o(.constdata)
 <LI><a href="#[5f]">gapm_activity_created_ind_handler</a> from ns_ble_task.o(i.gapm_activity_created_ind_handler) referenced from ns_ble_task.o(.constdata)
 <LI><a href="#[60]">gapm_activity_stopped_ind_handler</a> from ns_ble_task.o(i.gapm_activity_stopped_ind_handler) referenced from ns_ble_task.o(.constdata)
 <LI><a href="#[62]">gapm_addr_solved_ind_handler</a> from ns_ble_task.o(i.gapm_addr_solved_ind_handler) referenced from ns_ble_task.o(.constdata)
 <LI><a href="#[63]">gapm_cmp_evt_handler</a> from ns_ble_task.o(i.gapm_cmp_evt_handler) referenced from ns_ble_task.o(.constdata)
 <LI><a href="#[65]">gapm_ext_adv_repoer_ind_handler</a> from ns_ble_task.o(i.gapm_ext_adv_repoer_ind_handler) referenced from ns_ble_task.o(.constdata)
 <LI><a href="#[61]">gapm_gen_rand_nb_ind_handler</a> from ns_ble_task.o(i.gapm_gen_rand_nb_ind_handler) referenced from ns_ble_task.o(.constdata)
 <LI><a href="#[64]">gapm_profile_added_ind_handler</a> from ns_ble_task.o(i.gapm_profile_added_ind_handler) referenced from ns_ble_task.o(.constdata)
 <LI><a href="#[52]">gattc_att_info_req_ind_handler</a> from rdtss_task.o(i.gattc_att_info_req_ind_handler) referenced from rdtss_task.o(.constdata)
 <LI><a href="#[53]">gattc_cmp_evt_handler</a> from rdtss_task.o(i.gattc_cmp_evt_handler) referenced 2 times from rdtss_task.o(.constdata)
 <LI><a href="#[66]">gattc_mtu_changed_ind_handler</a> from ns_ble_task.o(i.gattc_mtu_changed_ind_handler) referenced from ns_ble_task.o(.constdata)
 <LI><a href="#[4a]">gattc_read_req_ind_handler</a> from diss_task.o(i.gattc_read_req_ind_handler) referenced 2 times from diss_task.o(.constdata)
 <LI><a href="#[51]">gattc_write_req_ind_handler</a> from rdtss_task.o(i.gattc_write_req_ind_handler) referenced from rdtss_task.o(.constdata)
 <LI><a href="#[3e]">gui_task</a> from app_tasks.o(i.gui_task) referenced from main.o(i.main)
 <LI><a href="#[7f]">label_handle_draw</a> from sc_label.o(i.label_handle_draw) referenced from sc_label.o(.constdata)
 <LI><a href="#[80]">label_handle_key</a> from sc_label.o(i.label_handle_key) referenced from sc_label.o(.constdata)
 <LI><a href="#[2c]">main</a> from main.o(i.main) referenced from entry9a.o(.ARM.Collect$$$$0000000B)
 <LI><a href="#[42]">ns_EXTI4_12_IRQHandler</a> from ns_ble.o(i.ns_EXTI4_12_IRQHandler) referenced from ns_ble.o(i.ns_ble_stack_vtor_init)
 <LI><a href="#[40]">ns_HardFault_Handler</a> from ns_ble.o(i.ns_HardFault_Handler) referenced from ns_ble.o(i.ns_ble_stack_vtor_init)
 <LI><a href="#[75]">ns_sec_bond_store_evt_handler</a> from ns_sec.o(i.ns_sec_bond_store_evt_handler) referenced from ns_ble_task.o(.constdata)
 <LI><a href="#[2f]">prf_add_profile</a> from prf.o(i.prf_add_profile) referenced from ns_ble.o(i.NS_BLE_STACK_INIT)
 <LI><a href="#[31]">prf_get_id_from_task</a> from prf.o(i.prf_get_id_from_task) referenced from ns_ble.o(i.NS_BLE_STACK_INIT)
 <LI><a href="#[30]">prf_get_task_from_id</a> from prf.o(i.prf_get_task_from_id) referenced from ns_ble.o(i.NS_BLE_STACK_INIT)
 <LI><a href="#[44]">prvIdleTask</a> from tasks.o(i.prvIdleTask) referenced from tasks.o(i.vTaskStartScheduler)
 <LI><a href="#[43]">prvTaskExitError</a> from port.o(i.prvTaskExitError) referenced from port.o(i.pxPortInitialiseStack)
 <LI><a href="#[57]">rdtss_att_info_rsp_handler</a> from rdtss_task.o(i.rdtss_att_info_rsp_handler) referenced from rdtss_task.o(.constdata)
 <LI><a href="#[4f]">rdtss_cleanup</a> from rdtss.o(i.rdtss_cleanup) referenced from rdtss.o(.constdata)
 <LI><a href="#[4e]">rdtss_create</a> from rdtss.o(i.rdtss_create) referenced from rdtss.o(.constdata)
 <LI><a href="#[4d]">rdtss_destroy</a> from rdtss.o(i.rdtss_destroy) referenced from rdtss.o(.constdata)
 <LI><a href="#[4c]">rdtss_init</a> from rdtss.o(i.rdtss_init) referenced from rdtss.o(.constdata)
 <LI><a href="#[3a]">rdtss_prf_itf_get</a> from rdtss.o(i.rdtss_prf_itf_get) referenced from app_totp_ble.o(i.app_totp_ble_add_service)
 <LI><a href="#[56]">rdtss_val_ind_req_handler</a> from rdtss_task.o(i.rdtss_val_ind_req_handler) referenced from rdtss_task.o(.constdata)
 <LI><a href="#[79]">rdtss_val_ntf_cfm_handler</a> from app_totp_ble.o(i.rdtss_val_ntf_cfm_handler) referenced from app_totp_ble.o(.constdata)
 <LI><a href="#[54]">rdtss_val_ntf_req_handler</a> from rdtss_task.o(i.rdtss_val_ntf_req_handler) referenced from rdtss_task.o(.constdata)
 <LI><a href="#[55]">rdtss_val_set_req_handler</a> from rdtss_task.o(i.rdtss_val_set_req_handler) referenced from rdtss_task.o(.constdata)
 <LI><a href="#[78]">rdtss_val_write_ind_handler</a> from app_totp_ble.o(i.rdtss_val_write_ind_handler) referenced from app_totp_ble.o(.constdata)
 <LI><a href="#[77]">rdtss_value_req_ind_handler</a> from app_totp_ble.o(i.rdtss_value_req_ind_handler) referenced from app_totp_ble.o(.constdata)
 <LI><a href="#[58]">rdtss_value_req_rsp_handler</a> from rdtss_task.o(i.rdtss_value_req_rsp_handler) referenced from rdtss_task.o(.constdata)
 <LI><a href="#[41]">rwip_slp_isr</a> from rwip_driver.o(i.rwip_slp_isr) referenced from ns_ble.o(i.ns_ble_stack_vtor_init)
 <LI><a href="#[81]">slider_handle_draw</a> from sc_slider.o(i.slider_handle_draw) referenced from sc_slider.o(.constdata)
 <LI><a href="#[82]">slider_handle_key</a> from sc_slider.o(i.slider_handle_key) referenced from sc_slider.o(.constdata)
 <LI><a href="#[83]">slider_handle_touch</a> from sc_slider.o(i.slider_handle_touch) referenced from sc_slider.o(.constdata)
 <LI><a href="#[3f]">totp_task</a> from app_tasks.o(i.totp_task) referenced from main.o(i.main)
</UL>
<P>
<H3>
Global Symbols
</H3>
<P><STRONG><a name="[1e4]"></a>__ARM_common_ll_muluu</STRONG> (Thumb, 0 bytes, Stack size 0 bytes, symbol_g15.obj(ABSOLUTE))
<BR><BR>[Called By]<UL><LI><a href="#[1e1]">&gt;&gt;</a>&nbsp;&nbsp;&nbsp;rwip_wakeup (via Veneer)
</UL>

<P><STRONG><a name="[1dd]"></a>ahi_init</STRONG> (Thumb, 0 bytes, Stack size 0 bytes, symbol_g15.obj(ABSOLUTE))
<BR><BR>[Called By]<UL><LI><a href="#[d4]">&gt;&gt;</a>&nbsp;&nbsp;&nbsp;rwip_init (via Veneer)
</UL>

<P><STRONG><a name="[156]"></a>attm_svc_create_db</STRONG> (Thumb, 0 bytes, Stack size 0 bytes, symbol_g15.obj(ABSOLUTE))
<BR><BR>[Called By]<UL><LI><a href="#[45]">&gt;&gt;</a>&nbsp;&nbsp;&nbsp;diss_init (via Veneer)
<LI><a href="#[63]">&gt;&gt;</a>&nbsp;&nbsp;&nbsp;gapm_cmp_evt_handler (via Veneer)
</UL>

<P><STRONG><a name="[1cb]"></a>attm_svc_create_db_128</STRONG> (Thumb, 0 bytes, Stack size 0 bytes, symbol_g15.obj(ABSOLUTE))
<BR><BR>[Called By]<UL><LI><a href="#[4c]">&gt;&gt;</a>&nbsp;&nbsp;&nbsp;rdtss_init (via Veneer)
</UL>

<P><STRONG><a name="[18a]"></a>attmdb_att_get_permission</STRONG> (Thumb, 0 bytes, Stack size 0 bytes, symbol_g15.obj(ABSOLUTE))
<BR><BR>[Called By]<UL><LI><a href="#[51]">&gt;&gt;</a>&nbsp;&nbsp;&nbsp;gattc_write_req_ind_handler (via Veneer)
</UL>

<P><STRONG><a name="[14b]"></a>attmdb_get_attribute</STRONG> (Thumb, 0 bytes, Stack size 0 bytes, symbol_g15.obj(ABSOLUTE))
<BR><BR>[Called By]<UL><LI><a href="#[14a]">&gt;&gt;</a>&nbsp;&nbsp;&nbsp;attm_att_set_value (via Veneer)
<LI><a href="#[189]">&gt;&gt;</a>&nbsp;&nbsp;&nbsp;get_value_handle (via Veneer)
<LI><a href="#[18d]">&gt;&gt;</a>&nbsp;&nbsp;&nbsp;get_cfg_handle (via Veneer)
</UL>

<P><STRONG><a name="[18e]"></a>attmdb_get_service</STRONG> (Thumb, 0 bytes, Stack size 0 bytes, symbol_g15.obj(ABSOLUTE))
<BR><BR>[Called By]<UL><LI><a href="#[189]">&gt;&gt;</a>&nbsp;&nbsp;&nbsp;get_value_handle (via Veneer)
<LI><a href="#[18d]">&gt;&gt;</a>&nbsp;&nbsp;&nbsp;get_cfg_handle (via Veneer)
</UL>

<P><STRONG><a name="[18f]"></a>attmdb_get_uuid</STRONG> (Thumb, 0 bytes, Stack size 0 bytes, symbol_g15.obj(ABSOLUTE))
<BR><BR>[Called By]<UL><LI><a href="#[189]">&gt;&gt;</a>&nbsp;&nbsp;&nbsp;get_value_handle (via Veneer)
<LI><a href="#[18d]">&gt;&gt;</a>&nbsp;&nbsp;&nbsp;get_cfg_handle (via Veneer)
</UL>

<P><STRONG><a name="[14c]"></a>attmdb_uuid16_comp</STRONG> (Thumb, 0 bytes, Stack size 0 bytes, symbol_g15.obj(ABSOLUTE))
<BR><BR>[Called By]<UL><LI><a href="#[14a]">&gt;&gt;</a>&nbsp;&nbsp;&nbsp;attm_att_set_value (via Veneer)
</UL>

<P><STRONG><a name="[1a8]"></a>calib_lsi_clk</STRONG> (Thumb, 0 bytes, Stack size 0 bytes, symbol_g15.obj(ABSOLUTE))
<BR><BR>[Called By]<UL><LI><a href="#[135]">&gt;&gt;</a>&nbsp;&nbsp;&nbsp;ns_ble_lsc_config (via Veneer)
</UL>

<P><STRONG><a name="[15e]"></a>co_list_extract</STRONG> (Thumb, 0 bytes, Stack size 0 bytes, symbol_g15.obj(ABSOLUTE))
<BR><BR>[Called By]<UL><LI><a href="#[1c9]">&gt;&gt;</a>&nbsp;&nbsp;&nbsp;rdtss_att_set_value (via Veneer)
<LI><a href="#[49]">&gt;&gt;</a>&nbsp;&nbsp;&nbsp;diss_set_value_req_handler (via Veneer)
</UL>

<P><STRONG><a name="[159]"></a>co_list_init</STRONG> (Thumb, 0 bytes, Stack size 0 bytes, symbol_g15.obj(ABSOLUTE))
<BR><BR>[Called By]<UL><LI><a href="#[45]">&gt;&gt;</a>&nbsp;&nbsp;&nbsp;diss_init (via Veneer)
<LI><a href="#[4c]">&gt;&gt;</a>&nbsp;&nbsp;&nbsp;rdtss_init (via Veneer)
</UL>

<P><STRONG><a name="[153]"></a>co_list_pop_front</STRONG> (Thumb, 0 bytes, Stack size 0 bytes, symbol_g15.obj(ABSOLUTE))
<BR><BR>[Called By]<UL><LI><a href="#[46]">&gt;&gt;</a>&nbsp;&nbsp;&nbsp;diss_destroy (via Veneer)
<LI><a href="#[4d]">&gt;&gt;</a>&nbsp;&nbsp;&nbsp;rdtss_destroy (via Veneer)
</UL>

<P><STRONG><a name="[15f]"></a>co_list_push_back</STRONG> (Thumb, 0 bytes, Stack size 0 bytes, symbol_g15.obj(ABSOLUTE))
<BR><BR>[Called By]<UL><LI><a href="#[1c9]">&gt;&gt;</a>&nbsp;&nbsp;&nbsp;rdtss_att_set_value (via Veneer)
<LI><a href="#[49]">&gt;&gt;</a>&nbsp;&nbsp;&nbsp;diss_set_value_req_handler (via Veneer)
</UL>

<P><STRONG><a name="[9d]"></a>delay_n_10us</STRONG> (Thumb, 0 bytes, Stack size 0 bytes, symbol_g15.obj(ABSOLUTE))
<BR><BR>[Called By]<UL><LI><a href="#[2c]">&gt;&gt;</a>&nbsp;&nbsp;&nbsp;main (via Veneer)
<LI><a href="#[14]">&gt;&gt;</a>&nbsp;&nbsp;&nbsp;EXTI4_12_IRQHandler (via Veneer)
</UL>

<P><STRONG><a name="[1d9]"></a>ecc_init</STRONG> (Thumb, 0 bytes, Stack size 0 bytes, symbol_g15.obj(ABSOLUTE))
<BR><BR>[Called By]<UL><LI><a href="#[d4]">&gt;&gt;</a>&nbsp;&nbsp;&nbsp;rwip_init (via Veneer)
</UL>

<P><STRONG><a name="[1db]"></a>h4tl_init</STRONG> (Thumb, 0 bytes, Stack size 0 bytes, symbol_g15.obj(ABSOLUTE))
<BR><BR>[Called By]<UL><LI><a href="#[d4]">&gt;&gt;</a>&nbsp;&nbsp;&nbsp;rwip_init
</UL>

<P><STRONG><a name="[1dc]"></a>hci_init</STRONG> (Thumb, 0 bytes, Stack size 0 bytes, symbol_g15.obj(ABSOLUTE))
<BR><BR>[Called By]<UL><LI><a href="#[d4]">&gt;&gt;</a>&nbsp;&nbsp;&nbsp;rwip_init
</UL>

<P><STRONG><a name="[171]"></a>ke_event_set</STRONG> (Thumb, 0 bytes, Stack size 0 bytes, symbol_g15.obj(ABSOLUTE))
<BR><BR>[Called By]<UL><LI><a href="#[6c]">&gt;&gt;</a>&nbsp;&nbsp;&nbsp;gapc_disconnect_ind_handler
</UL>

<P><STRONG><a name="[154]"></a>ke_free</STRONG> (Thumb, 0 bytes, Stack size 0 bytes, symbol_g15.obj(ABSOLUTE))
<BR><BR>[Called By]<UL><LI><a href="#[46]">&gt;&gt;</a>&nbsp;&nbsp;&nbsp;diss_destroy
<LI><a href="#[54]">&gt;&gt;</a>&nbsp;&nbsp;&nbsp;rdtss_val_ntf_req_handler
<LI><a href="#[56]">&gt;&gt;</a>&nbsp;&nbsp;&nbsp;rdtss_val_ind_req_handler
<LI><a href="#[1c9]">&gt;&gt;</a>&nbsp;&nbsp;&nbsp;rdtss_att_set_value
<LI><a href="#[53]">&gt;&gt;</a>&nbsp;&nbsp;&nbsp;gattc_cmp_evt_handler
<LI><a href="#[4d]">&gt;&gt;</a>&nbsp;&nbsp;&nbsp;rdtss_destroy
<LI><a href="#[49]">&gt;&gt;</a>&nbsp;&nbsp;&nbsp;diss_set_value_req_handler
</UL>

<P><STRONG><a name="[1d6]"></a>ke_init</STRONG> (Thumb, 0 bytes, Stack size 0 bytes, symbol_g15.obj(ABSOLUTE))
<BR><BR>[Called By]<UL><LI><a href="#[d4]">&gt;&gt;</a>&nbsp;&nbsp;&nbsp;rwip_init
</UL>

<P><STRONG><a name="[157]"></a>ke_malloc</STRONG> (Thumb, 0 bytes, Stack size 0 bytes, symbol_g15.obj(ABSOLUTE))
<BR><BR>[Called By]<UL><LI><a href="#[45]">&gt;&gt;</a>&nbsp;&nbsp;&nbsp;diss_init
<LI><a href="#[1c9]">&gt;&gt;</a>&nbsp;&nbsp;&nbsp;rdtss_att_set_value
<LI><a href="#[4c]">&gt;&gt;</a>&nbsp;&nbsp;&nbsp;rdtss_init
<LI><a href="#[49]">&gt;&gt;</a>&nbsp;&nbsp;&nbsp;diss_set_value_req_handler
</UL>

<P><STRONG><a name="[1d7]"></a>ke_mem_init</STRONG> (Thumb, 0 bytes, Stack size 0 bytes, symbol_g15.obj(ABSOLUTE))
<BR><BR>[Called By]<UL><LI><a href="#[d4]">&gt;&gt;</a>&nbsp;&nbsp;&nbsp;rwip_init
</UL>

<P><STRONG><a name="[116]"></a>ke_msg_alloc</STRONG> (Thumb, 0 bytes, Stack size 0 bytes, symbol_g15.obj(ABSOLUTE))
<BR><BR>[Called By]<UL><LI><a href="#[140]">&gt;&gt;</a>&nbsp;&nbsp;&nbsp;app_stop_advertising
<LI><a href="#[13e]">&gt;&gt;</a>&nbsp;&nbsp;&nbsp;app_start_advertising
<LI><a href="#[13d]">&gt;&gt;</a>&nbsp;&nbsp;&nbsp;app_set_scan_rsp_data
<LI><a href="#[13c]">&gt;&gt;</a>&nbsp;&nbsp;&nbsp;app_set_adv_data
<LI><a href="#[11a]">&gt;&gt;</a>&nbsp;&nbsp;&nbsp;app_delete_activity
<LI><a href="#[115]">&gt;&gt;</a>&nbsp;&nbsp;&nbsp;app_create_advertising
<LI><a href="#[17c]">&gt;&gt;</a>&nbsp;&nbsp;&nbsp;ns_ble_list_set_ral
<LI><a href="#[169]">&gt;&gt;</a>&nbsp;&nbsp;&nbsp;ns_ble_disconnect
<LI><a href="#[180]">&gt;&gt;</a>&nbsp;&nbsp;&nbsp;ns_bond_resolv_addr_start
<LI><a href="#[5c]">&gt;&gt;</a>&nbsp;&nbsp;&nbsp;gapc_encrypt_req_ind_handler
<LI><a href="#[5a]">&gt;&gt;</a>&nbsp;&nbsp;&nbsp;gapc_bond_req_ind_handler
<LI><a href="#[58]">&gt;&gt;</a>&nbsp;&nbsp;&nbsp;rdtss_value_req_rsp_handler
<LI><a href="#[54]">&gt;&gt;</a>&nbsp;&nbsp;&nbsp;rdtss_val_ntf_req_handler
<LI><a href="#[56]">&gt;&gt;</a>&nbsp;&nbsp;&nbsp;rdtss_val_ind_req_handler
<LI><a href="#[57]">&gt;&gt;</a>&nbsp;&nbsp;&nbsp;rdtss_att_info_rsp_handler
<LI><a href="#[51]">&gt;&gt;</a>&nbsp;&nbsp;&nbsp;gattc_write_req_ind_handler
<LI><a href="#[50]">&gt;&gt;</a>&nbsp;&nbsp;&nbsp;gattc_read_req_ind_handler
<LI><a href="#[53]">&gt;&gt;</a>&nbsp;&nbsp;&nbsp;gattc_cmp_evt_handler
<LI><a href="#[52]">&gt;&gt;</a>&nbsp;&nbsp;&nbsp;gattc_att_info_req_ind_handler
<LI><a href="#[4a]">&gt;&gt;</a>&nbsp;&nbsp;&nbsp;gattc_read_req_ind_handler
<LI><a href="#[4b]">&gt;&gt;</a>&nbsp;&nbsp;&nbsp;diss_value_cfm_handler
<LI><a href="#[49]">&gt;&gt;</a>&nbsp;&nbsp;&nbsp;diss_set_value_req_handler
<LI><a href="#[77]">&gt;&gt;</a>&nbsp;&nbsp;&nbsp;rdtss_value_req_ind_handler
<LI><a href="#[38]">&gt;&gt;</a>&nbsp;&nbsp;&nbsp;app_totp_ble_add_service
<LI><a href="#[37]">&gt;&gt;</a>&nbsp;&nbsp;&nbsp;app_dis_add_dis
<LI><a href="#[76]">&gt;&gt;</a>&nbsp;&nbsp;&nbsp;diss_value_req_ind_handler
<LI><a href="#[63]">&gt;&gt;</a>&nbsp;&nbsp;&nbsp;gapm_cmp_evt_handler
<LI><a href="#[6f]">&gt;&gt;</a>&nbsp;&nbsp;&nbsp;gapc_set_dev_info_req_ind_handler
<LI><a href="#[69]">&gt;&gt;</a>&nbsp;&nbsp;&nbsp;gapc_param_update_req_ind_handler
<LI><a href="#[6d]">&gt;&gt;</a>&nbsp;&nbsp;&nbsp;gapc_get_dev_info_req_ind_handler
<LI><a href="#[68]">&gt;&gt;</a>&nbsp;&nbsp;&nbsp;gapc_connection_req_ind_handler
<LI><a href="#[71]">&gt;&gt;</a>&nbsp;&nbsp;&nbsp;gapc_conn_rssi_ind_handler
<LI><a href="#[114]">&gt;&gt;</a>&nbsp;&nbsp;&nbsp;ns_ble_update_param
<LI><a href="#[183]">&gt;&gt;</a>&nbsp;&nbsp;&nbsp;ns_ble_stop_scan
<LI><a href="#[131]">&gt;&gt;</a>&nbsp;&nbsp;&nbsp;ns_ble_stop_init
<LI><a href="#[17e]">&gt;&gt;</a>&nbsp;&nbsp;&nbsp;ns_ble_start_scan
<LI><a href="#[181]">&gt;&gt;</a>&nbsp;&nbsp;&nbsp;ns_ble_start_init
<LI><a href="#[10c]">&gt;&gt;</a>&nbsp;&nbsp;&nbsp;ns_ble_stack_init
<LI><a href="#[111]">&gt;&gt;</a>&nbsp;&nbsp;&nbsp;ns_ble_mtu_set
<LI><a href="#[176]">&gt;&gt;</a>&nbsp;&nbsp;&nbsp;ns_ble_delete_scan
<LI><a href="#[177]">&gt;&gt;</a>&nbsp;&nbsp;&nbsp;ns_ble_delete_init
<LI><a href="#[1a6]">&gt;&gt;</a>&nbsp;&nbsp;&nbsp;ns_ble_create_scan
<LI><a href="#[1a5]">&gt;&gt;</a>&nbsp;&nbsp;&nbsp;ns_ble_create_init
</UL>

<P><STRONG><a name="[16c]"></a>ke_msg_free</STRONG> (Thumb, 0 bytes, Stack size 0 bytes, symbol_g15.obj(ABSOLUTE))
<BR><BR>[Called By]<UL><LI><a href="#[5a]">&gt;&gt;</a>&nbsp;&nbsp;&nbsp;gapc_bond_req_ind_handler
</UL>

<P><STRONG><a name="[119]"></a>ke_msg_send</STRONG> (Thumb, 0 bytes, Stack size 0 bytes, symbol_g15.obj(ABSOLUTE))
<BR><BR>[Called By]<UL><LI><a href="#[140]">&gt;&gt;</a>&nbsp;&nbsp;&nbsp;app_stop_advertising
<LI><a href="#[13e]">&gt;&gt;</a>&nbsp;&nbsp;&nbsp;app_start_advertising
<LI><a href="#[13d]">&gt;&gt;</a>&nbsp;&nbsp;&nbsp;app_set_scan_rsp_data
<LI><a href="#[13c]">&gt;&gt;</a>&nbsp;&nbsp;&nbsp;app_set_adv_data
<LI><a href="#[11a]">&gt;&gt;</a>&nbsp;&nbsp;&nbsp;app_delete_activity
<LI><a href="#[115]">&gt;&gt;</a>&nbsp;&nbsp;&nbsp;app_create_advertising
<LI><a href="#[17c]">&gt;&gt;</a>&nbsp;&nbsp;&nbsp;ns_ble_list_set_ral
<LI><a href="#[169]">&gt;&gt;</a>&nbsp;&nbsp;&nbsp;ns_ble_disconnect
<LI><a href="#[180]">&gt;&gt;</a>&nbsp;&nbsp;&nbsp;ns_bond_resolv_addr_start
<LI><a href="#[5c]">&gt;&gt;</a>&nbsp;&nbsp;&nbsp;gapc_encrypt_req_ind_handler
<LI><a href="#[5a]">&gt;&gt;</a>&nbsp;&nbsp;&nbsp;gapc_bond_req_ind_handler
<LI><a href="#[58]">&gt;&gt;</a>&nbsp;&nbsp;&nbsp;rdtss_value_req_rsp_handler
<LI><a href="#[54]">&gt;&gt;</a>&nbsp;&nbsp;&nbsp;rdtss_val_ntf_req_handler
<LI><a href="#[56]">&gt;&gt;</a>&nbsp;&nbsp;&nbsp;rdtss_val_ind_req_handler
<LI><a href="#[57]">&gt;&gt;</a>&nbsp;&nbsp;&nbsp;rdtss_att_info_rsp_handler
<LI><a href="#[51]">&gt;&gt;</a>&nbsp;&nbsp;&nbsp;gattc_write_req_ind_handler
<LI><a href="#[50]">&gt;&gt;</a>&nbsp;&nbsp;&nbsp;gattc_read_req_ind_handler
<LI><a href="#[53]">&gt;&gt;</a>&nbsp;&nbsp;&nbsp;gattc_cmp_evt_handler
<LI><a href="#[52]">&gt;&gt;</a>&nbsp;&nbsp;&nbsp;gattc_att_info_req_ind_handler
<LI><a href="#[4a]">&gt;&gt;</a>&nbsp;&nbsp;&nbsp;gattc_read_req_ind_handler
<LI><a href="#[4b]">&gt;&gt;</a>&nbsp;&nbsp;&nbsp;diss_value_cfm_handler
<LI><a href="#[49]">&gt;&gt;</a>&nbsp;&nbsp;&nbsp;diss_set_value_req_handler
<LI><a href="#[77]">&gt;&gt;</a>&nbsp;&nbsp;&nbsp;rdtss_value_req_ind_handler
<LI><a href="#[38]">&gt;&gt;</a>&nbsp;&nbsp;&nbsp;app_totp_ble_add_service
<LI><a href="#[37]">&gt;&gt;</a>&nbsp;&nbsp;&nbsp;app_dis_add_dis
<LI><a href="#[76]">&gt;&gt;</a>&nbsp;&nbsp;&nbsp;diss_value_req_ind_handler
<LI><a href="#[63]">&gt;&gt;</a>&nbsp;&nbsp;&nbsp;gapm_cmp_evt_handler
<LI><a href="#[6f]">&gt;&gt;</a>&nbsp;&nbsp;&nbsp;gapc_set_dev_info_req_ind_handler
<LI><a href="#[69]">&gt;&gt;</a>&nbsp;&nbsp;&nbsp;gapc_param_update_req_ind_handler
<LI><a href="#[6d]">&gt;&gt;</a>&nbsp;&nbsp;&nbsp;gapc_get_dev_info_req_ind_handler
<LI><a href="#[68]">&gt;&gt;</a>&nbsp;&nbsp;&nbsp;gapc_connection_req_ind_handler
<LI><a href="#[71]">&gt;&gt;</a>&nbsp;&nbsp;&nbsp;gapc_conn_rssi_ind_handler
<LI><a href="#[114]">&gt;&gt;</a>&nbsp;&nbsp;&nbsp;ns_ble_update_param
<LI><a href="#[183]">&gt;&gt;</a>&nbsp;&nbsp;&nbsp;ns_ble_stop_scan
<LI><a href="#[131]">&gt;&gt;</a>&nbsp;&nbsp;&nbsp;ns_ble_stop_init
<LI><a href="#[17e]">&gt;&gt;</a>&nbsp;&nbsp;&nbsp;ns_ble_start_scan
<LI><a href="#[181]">&gt;&gt;</a>&nbsp;&nbsp;&nbsp;ns_ble_start_init
<LI><a href="#[10c]">&gt;&gt;</a>&nbsp;&nbsp;&nbsp;ns_ble_stack_init
<LI><a href="#[111]">&gt;&gt;</a>&nbsp;&nbsp;&nbsp;ns_ble_mtu_set
<LI><a href="#[176]">&gt;&gt;</a>&nbsp;&nbsp;&nbsp;ns_ble_delete_scan
<LI><a href="#[177]">&gt;&gt;</a>&nbsp;&nbsp;&nbsp;ns_ble_delete_init
<LI><a href="#[1a6]">&gt;&gt;</a>&nbsp;&nbsp;&nbsp;ns_ble_create_scan
<LI><a href="#[1a5]">&gt;&gt;</a>&nbsp;&nbsp;&nbsp;ns_ble_create_init
</UL>

<P><STRONG><a name="[16d]"></a>ke_msg_send_basic</STRONG> (Thumb, 0 bytes, Stack size 0 bytes, symbol_g15.obj(ABSOLUTE))
<BR><BR>[Called By]<UL><LI><a href="#[68]">&gt;&gt;</a>&nbsp;&nbsp;&nbsp;gapc_connection_req_ind_handler
</UL>

<P><STRONG><a name="[11b]"></a>ke_state_get</STRONG> (Thumb, 0 bytes, Stack size 0 bytes, symbol_g15.obj(ABSOLUTE))
<BR><BR>[Called By]<UL><LI><a href="#[11a]">&gt;&gt;</a>&nbsp;&nbsp;&nbsp;app_delete_activity
<LI><a href="#[58]">&gt;&gt;</a>&nbsp;&nbsp;&nbsp;rdtss_value_req_rsp_handler
<LI><a href="#[54]">&gt;&gt;</a>&nbsp;&nbsp;&nbsp;rdtss_val_ntf_req_handler
<LI><a href="#[56]">&gt;&gt;</a>&nbsp;&nbsp;&nbsp;rdtss_val_ind_req_handler
<LI><a href="#[57]">&gt;&gt;</a>&nbsp;&nbsp;&nbsp;rdtss_att_info_rsp_handler
<LI><a href="#[50]">&gt;&gt;</a>&nbsp;&nbsp;&nbsp;gattc_read_req_ind_handler
<LI><a href="#[52]">&gt;&gt;</a>&nbsp;&nbsp;&nbsp;gattc_att_info_req_ind_handler
<LI><a href="#[4a]">&gt;&gt;</a>&nbsp;&nbsp;&nbsp;gattc_read_req_ind_handler
<LI><a href="#[4b]">&gt;&gt;</a>&nbsp;&nbsp;&nbsp;diss_value_cfm_handler
<LI><a href="#[64]">&gt;&gt;</a>&nbsp;&nbsp;&nbsp;gapm_profile_added_ind_handler
<LI><a href="#[71]">&gt;&gt;</a>&nbsp;&nbsp;&nbsp;gapc_conn_rssi_ind_handler
</UL>

<P><STRONG><a name="[15a]"></a>ke_state_set</STRONG> (Thumb, 0 bytes, Stack size 0 bytes, symbol_g15.obj(ABSOLUTE))
<BR><BR>[Called By]<UL><LI><a href="#[45]">&gt;&gt;</a>&nbsp;&nbsp;&nbsp;diss_init
<LI><a href="#[58]">&gt;&gt;</a>&nbsp;&nbsp;&nbsp;rdtss_value_req_rsp_handler
<LI><a href="#[54]">&gt;&gt;</a>&nbsp;&nbsp;&nbsp;rdtss_val_ntf_req_handler
<LI><a href="#[56]">&gt;&gt;</a>&nbsp;&nbsp;&nbsp;rdtss_val_ind_req_handler
<LI><a href="#[50]">&gt;&gt;</a>&nbsp;&nbsp;&nbsp;gattc_read_req_ind_handler
<LI><a href="#[53]">&gt;&gt;</a>&nbsp;&nbsp;&nbsp;gattc_cmp_evt_handler
<LI><a href="#[4c]">&gt;&gt;</a>&nbsp;&nbsp;&nbsp;rdtss_init
<LI><a href="#[4a]">&gt;&gt;</a>&nbsp;&nbsp;&nbsp;gattc_read_req_ind_handler
<LI><a href="#[4b]">&gt;&gt;</a>&nbsp;&nbsp;&nbsp;diss_value_cfm_handler
<LI><a href="#[63]">&gt;&gt;</a>&nbsp;&nbsp;&nbsp;gapm_cmp_evt_handler
<LI><a href="#[6c]">&gt;&gt;</a>&nbsp;&nbsp;&nbsp;gapc_disconnect_ind_handler
<LI><a href="#[68]">&gt;&gt;</a>&nbsp;&nbsp;&nbsp;gapc_connection_req_ind_handler
<LI><a href="#[10c]">&gt;&gt;</a>&nbsp;&nbsp;&nbsp;ns_ble_stack_init
</UL>

<P><STRONG><a name="[1ab]"></a>ke_task_create</STRONG> (Thumb, 0 bytes, Stack size 0 bytes, symbol_g15.obj(ABSOLUTE))
<BR><BR>[Called By]<UL><LI><a href="#[179]">&gt;&gt;</a>&nbsp;&nbsp;&nbsp;prf_init
<LI><a href="#[10c]">&gt;&gt;</a>&nbsp;&nbsp;&nbsp;ns_ble_stack_init
</UL>

<P><STRONG><a name="[1b8]"></a>ke_task_delete</STRONG> (Thumb, 0 bytes, Stack size 0 bytes, symbol_g15.obj(ABSOLUTE))
<BR><BR>[Called By]<UL><LI><a href="#[179]">&gt;&gt;</a>&nbsp;&nbsp;&nbsp;prf_init
</UL>

<P><STRONG><a name="[1b9]"></a>ke_task_msg_flush</STRONG> (Thumb, 0 bytes, Stack size 0 bytes, symbol_g15.obj(ABSOLUTE))
<BR><BR>[Called By]<UL><LI><a href="#[179]">&gt;&gt;</a>&nbsp;&nbsp;&nbsp;prf_init
</UL>

<P><STRONG><a name="[16f]"></a>ke_timer_clear</STRONG> (Thumb, 0 bytes, Stack size 0 bytes, symbol_g15.obj(ABSOLUTE))
<BR><BR>[Called By]<UL><LI><a href="#[68]">&gt;&gt;</a>&nbsp;&nbsp;&nbsp;gapc_connection_req_ind_handler
</UL>

<P><STRONG><a name="[136]"></a>ke_timer_set</STRONG> (Thumb, 0 bytes, Stack size 0 bytes, symbol_g15.obj(ABSOLUTE))
<BR><BR>[Called By]<UL><LI><a href="#[75]">&gt;&gt;</a>&nbsp;&nbsp;&nbsp;ns_sec_bond_store_evt_handler
<LI><a href="#[5b]">&gt;&gt;</a>&nbsp;&nbsp;&nbsp;gapc_bond_ind_handler
<LI><a href="#[68]">&gt;&gt;</a>&nbsp;&nbsp;&nbsp;gapc_connection_req_ind_handler
<LI><a href="#[71]">&gt;&gt;</a>&nbsp;&nbsp;&nbsp;gapc_conn_rssi_ind_handler
<LI><a href="#[72]">&gt;&gt;</a>&nbsp;&nbsp;&nbsp;app_lsi_calib_evt_handler
<LI><a href="#[17a]">&gt;&gt;</a>&nbsp;&nbsp;&nbsp;ns_peripheral_config
<LI><a href="#[181]">&gt;&gt;</a>&nbsp;&nbsp;&nbsp;ns_ble_start_init
</UL>

<P><STRONG><a name="[1d8]"></a>rf_init</STRONG> (Thumb, 0 bytes, Stack size 0 bytes, symbol_g15.obj(ABSOLUTE))
<BR><BR>[Called By]<UL><LI><a href="#[d4]">&gt;&gt;</a>&nbsp;&nbsp;&nbsp;rwip_init
</UL>

<P><STRONG><a name="[1de]"></a>rwble_hl_init</STRONG> (Thumb, 0 bytes, Stack size 0 bytes, symbol_g15.obj(ABSOLUTE))
<BR><BR>[Called By]<UL><LI><a href="#[d4]">&gt;&gt;</a>&nbsp;&nbsp;&nbsp;rwip_init
</UL>

<P><STRONG><a name="[1df]"></a>rwble_init</STRONG> (Thumb, 0 bytes, Stack size 0 bytes, symbol_g15.obj(ABSOLUTE))
<BR><BR>[Called By]<UL><LI><a href="#[d4]">&gt;&gt;</a>&nbsp;&nbsp;&nbsp;rwip_init
</UL>

<P><STRONG><a name="[1e0]"></a>rwip_driver_init</STRONG> (Thumb, 0 bytes, Stack size 0 bytes, symbol_g15.obj(ABSOLUTE))
<BR><BR>[Called By]<UL><LI><a href="#[d4]">&gt;&gt;</a>&nbsp;&nbsp;&nbsp;rwip_init
</UL>

<P><STRONG><a name="[1da]"></a>rwip_eif_get</STRONG> (Thumb, 0 bytes, Stack size 0 bytes, symbol_g15.obj(ABSOLUTE))
<BR><BR>[Called By]<UL><LI><a href="#[d4]">&gt;&gt;</a>&nbsp;&nbsp;&nbsp;rwip_init
</UL>

<P><STRONG><a name="[1e2]"></a>rwip_prevent_sleep_clear</STRONG> (Thumb, 0 bytes, Stack size 0 bytes, symbol_g15.obj(ABSOLUTE))
<BR><BR>[Called By]<UL><LI><a href="#[1e1]">&gt;&gt;</a>&nbsp;&nbsp;&nbsp;rwip_wakeup
</UL>

<P><STRONG><a name="[1e3]"></a>rwip_prevent_sleep_set</STRONG> (Thumb, 0 bytes, Stack size 0 bytes, symbol_g15.obj(ABSOLUTE))
<BR><BR>[Called By]<UL><LI><a href="#[1e1]">&gt;&gt;</a>&nbsp;&nbsp;&nbsp;rwip_wakeup
</UL>

<P><STRONG><a name="[14e]"></a>rwip_schedule</STRONG> (Thumb, 0 bytes, Stack size 0 bytes, symbol_g15.obj(ABSOLUTE))
<BR><BR>[Called By]<UL><LI><a href="#[3d]">&gt;&gt;</a>&nbsp;&nbsp;&nbsp;ble_task
</UL>

<P><STRONG><a name="[16a]"></a>rwip_time_get</STRONG> (Thumb, 0 bytes, Stack size 0 bytes, symbol_g15.obj(ABSOLUTE))
<BR><BR>[Called By]<UL><LI><a href="#[75]">&gt;&gt;</a>&nbsp;&nbsp;&nbsp;ns_sec_bond_store_evt_handler
<LI><a href="#[5a]">&gt;&gt;</a>&nbsp;&nbsp;&nbsp;gapc_bond_req_ind_handler
<LI><a href="#[17a]">&gt;&gt;</a>&nbsp;&nbsp;&nbsp;ns_peripheral_config
</UL>

<P><STRONG><a name="[2e]"></a>__main</STRONG> (Thumb, 0 bytes, Stack size unknown bytes, entry.o(.ARM.Collect$$$$00000000))
<BR>[Address Reference Count : 1]<UL><LI> startup_n32wb03x.o(.text)
</UL>
<P><STRONG><a name="[1f3]"></a>_main_stk</STRONG> (Thumb, 0 bytes, Stack size unknown bytes, entry2.o(.ARM.Collect$$$$00000001))

<P><STRONG><a name="[84]"></a>_main_scatterload</STRONG> (Thumb, 0 bytes, Stack size unknown bytes, entry5.o(.ARM.Collect$$$$00000004))
<BR><BR>[Calls]<UL><LI><a href="#[85]">&gt;&gt;</a>&nbsp;&nbsp;&nbsp;__scatterload
</UL>

<P><STRONG><a name="[97]"></a>__main_after_scatterload</STRONG> (Thumb, 0 bytes, Stack size unknown bytes, entry5.o(.ARM.Collect$$$$00000004))
<BR><BR>[Called By]<UL><LI><a href="#[85]">&gt;&gt;</a>&nbsp;&nbsp;&nbsp;__scatterload
</UL>

<P><STRONG><a name="[1f4]"></a>_main_clock</STRONG> (Thumb, 0 bytes, Stack size unknown bytes, entry7b.o(.ARM.Collect$$$$00000008))

<P><STRONG><a name="[1f5]"></a>_main_cpp_init</STRONG> (Thumb, 0 bytes, Stack size unknown bytes, entry8b.o(.ARM.Collect$$$$0000000A))

<P><STRONG><a name="[1f6]"></a>_main_init</STRONG> (Thumb, 0 bytes, Stack size unknown bytes, entry9a.o(.ARM.Collect$$$$0000000B))

<P><STRONG><a name="[1f7]"></a>__rt_final_cpp</STRONG> (Thumb, 0 bytes, Stack size unknown bytes, entry10a.o(.ARM.Collect$$$$0000000D))

<P><STRONG><a name="[1f8]"></a>__rt_final_exit</STRONG> (Thumb, 0 bytes, Stack size unknown bytes, entry11a.o(.ARM.Collect$$$$0000000F))

<P><STRONG><a name="[1f9]"></a>__asm___17_system_n32wb03x_c_f233b82c____REV16</STRONG> (Thumb, 4 bytes, Stack size 0 bytes, system_n32wb03x.o(.emb_text), UNUSED)

<P><STRONG><a name="[1fa]"></a>__asm___17_system_n32wb03x_c_f233b82c____REVSH</STRONG> (Thumb, 4 bytes, Stack size 0 bytes, system_n32wb03x.o(.emb_text), UNUSED)

<P><STRONG><a name="[86]"></a>system_delay_cycles</STRONG> (Thumb, 6 bytes, Stack size 0 bytes, system_n32wb03x.o(.emb_text))
<BR><BR>[Calls]<UL><LI><a href="#[86]">&gt;&gt;</a>&nbsp;&nbsp;&nbsp;system_delay_cycles
</UL>
<BR>[Called By]<UL><LI><a href="#[86]">&gt;&gt;</a>&nbsp;&nbsp;&nbsp;system_delay_cycles
<LI><a href="#[d7]">&gt;&gt;</a>&nbsp;&nbsp;&nbsp;RCC_HsiCalib
</UL>

<P><STRONG><a name="[1f1]"></a>__asm___6_port_c_39a90d8d__prvPortStartFirstTask</STRONG> (Thumb, 36 bytes, Stack size 0 bytes, port.o(.emb_text))
<BR><BR>[Called By]<UL><LI><a href="#[1f0]">&gt;&gt;</a>&nbsp;&nbsp;&nbsp;xPortStartScheduler
</UL>

<P><STRONG><a name="[f5]"></a>ulSetInterruptMaskFromISR</STRONG> (Thumb, 8 bytes, Stack size 0 bytes, port.o(.emb_text))
<BR><BR>[Called By]<UL><LI><a href="#[e0]">&gt;&gt;</a>&nbsp;&nbsp;&nbsp;vTaskNotifyGiveFromISR
<LI><a href="#[b]">&gt;&gt;</a>&nbsp;&nbsp;&nbsp;SysTick_Handler
</UL>

<P><STRONG><a name="[f7]"></a>vClearInterruptMaskFromISR</STRONG> (Thumb, 6 bytes, Stack size 0 bytes, port.o(.emb_text))
<BR><BR>[Called By]<UL><LI><a href="#[e0]">&gt;&gt;</a>&nbsp;&nbsp;&nbsp;vTaskNotifyGiveFromISR
<LI><a href="#[b]">&gt;&gt;</a>&nbsp;&nbsp;&nbsp;SysTick_Handler
</UL>

<P><STRONG><a name="[a]"></a>PendSV_Handler</STRONG> (Thumb, 62 bytes, Stack size 0 bytes, port.o(.emb_text))
<BR><BR>[Stack]<UL><LI>Max Depth = 8<LI>Call Chain = PendSV_Handler &rArr; vTaskSwitchContext
</UL>
<BR>[Calls]<UL><LI><a href="#[87]">&gt;&gt;</a>&nbsp;&nbsp;&nbsp;vTaskSwitchContext
</UL>
<BR>[Address Reference Count : 1]<UL><LI> startup_n32wb03x.o(RESET)
</UL>
<P><STRONG><a name="[6]"></a>Reset_Handler</STRONG> (Thumb, 8 bytes, Stack size 0 bytes, startup_n32wb03x.o(.text))
<BR>[Address Reference Count : 1]<UL><LI> startup_n32wb03x.o(RESET)
</UL>
<P><STRONG><a name="[21]"></a>ADC_IRQHandler</STRONG> (Thumb, 0 bytes, Stack size 0 bytes, startup_n32wb03x.o(.text))
<BR><BR>[Calls]<UL><LI><a href="#[21]">&gt;&gt;</a>&nbsp;&nbsp;&nbsp;ADC_IRQHandler
</UL>
<BR>[Called By]<UL><LI><a href="#[21]">&gt;&gt;</a>&nbsp;&nbsp;&nbsp;ADC_IRQHandler
</UL>
<BR>[Address Reference Count : 1]<UL><LI> startup_n32wb03x.o(RESET)
</UL>
<P><STRONG><a name="[1e]"></a>BLE_CRYPT_IRQHandler</STRONG> (Thumb, 0 bytes, Stack size 0 bytes, startup_n32wb03x.o(.text))
<BR>[Address Reference Count : 1]<UL><LI> startup_n32wb03x.o(RESET)
</UL>
<P><STRONG><a name="[1d]"></a>BLE_ERROR_IRQHandler</STRONG> (Thumb, 0 bytes, Stack size 0 bytes, startup_n32wb03x.o(.text))
<BR>[Address Reference Count : 1]<UL><LI> startup_n32wb03x.o(RESET)
</UL>
<P><STRONG><a name="[16]"></a>BLE_FIFO_IRQHandler</STRONG> (Thumb, 0 bytes, Stack size 0 bytes, startup_n32wb03x.o(.text))
<BR>[Address Reference Count : 1]<UL><LI> startup_n32wb03x.o(RESET)
</UL>
<P><STRONG><a name="[15]"></a>BLE_FINETGT_IRQHandler</STRONG> (Thumb, 0 bytes, Stack size 0 bytes, startup_n32wb03x.o(.text))
<BR>[Address Reference Count : 1]<UL><LI> startup_n32wb03x.o(RESET)
</UL>
<P><STRONG><a name="[f]"></a>BLE_HSLOT_IRQHandler</STRONG> (Thumb, 0 bytes, Stack size 0 bytes, startup_n32wb03x.o(.text))
<BR>[Address Reference Count : 1]<UL><LI> startup_n32wb03x.o(RESET)
</UL>
<P><STRONG><a name="[26]"></a>BLE_SLP_IRQHandler</STRONG> (Thumb, 0 bytes, Stack size 0 bytes, startup_n32wb03x.o(.text))
<BR>[Address Reference Count : 1]<UL><LI> startup_n32wb03x.o(RESET)
</UL>
<P><STRONG><a name="[d]"></a>BLE_SW_IRQHandler</STRONG> (Thumb, 0 bytes, Stack size 0 bytes, startup_n32wb03x.o(.text))
<BR>[Address Reference Count : 1]<UL><LI> startup_n32wb03x.o(RESET)
</UL>
<P><STRONG><a name="[1f]"></a>BLE_TIMESTAMP_TGT1_IRQHandler</STRONG> (Thumb, 0 bytes, Stack size 0 bytes, startup_n32wb03x.o(.text))
<BR>[Address Reference Count : 1]<UL><LI> startup_n32wb03x.o(RESET)
</UL>
<P><STRONG><a name="[24]"></a>BLE_TIMESTAMP_TGT2_IRQHandler</STRONG> (Thumb, 0 bytes, Stack size 0 bytes, startup_n32wb03x.o(.text))
<BR>[Address Reference Count : 1]<UL><LI> startup_n32wb03x.o(RESET)
</UL>
<P><STRONG><a name="[18]"></a>DMA_Channel5_IRQHandler</STRONG> (Thumb, 0 bytes, Stack size 0 bytes, startup_n32wb03x.o(.text))
<BR>[Address Reference Count : 1]<UL><LI> startup_n32wb03x.o(RESET)
</UL>
<P><STRONG><a name="[12]"></a>EXTI0_1_IRQHandler</STRONG> (Thumb, 0 bytes, Stack size 0 bytes, startup_n32wb03x.o(.text))
<BR>[Address Reference Count : 1]<UL><LI> startup_n32wb03x.o(RESET)
</UL>
<P><STRONG><a name="[13]"></a>EXTI2_3_IRQHandler</STRONG> (Thumb, 0 bytes, Stack size 0 bytes, startup_n32wb03x.o(.text))
<BR>[Address Reference Count : 1]<UL><LI> startup_n32wb03x.o(RESET)
</UL>
<P><STRONG><a name="[10]"></a>FLASH_IRQHandler</STRONG> (Thumb, 0 bytes, Stack size 0 bytes, startup_n32wb03x.o(.text))
<BR>[Address Reference Count : 1]<UL><LI> startup_n32wb03x.o(RESET)
</UL>
<P><STRONG><a name="[2b]"></a>IRC_IRQHandler</STRONG> (Thumb, 0 bytes, Stack size 0 bytes, startup_n32wb03x.o(.text))
<BR>[Address Reference Count : 1]<UL><LI> startup_n32wb03x.o(RESET)
</UL>
<P><STRONG><a name="[27]"></a>KEYSCAN_IRQHandler</STRONG> (Thumb, 0 bytes, Stack size 0 bytes, startup_n32wb03x.o(.text))
<BR>[Address Reference Count : 1]<UL><LI> startup_n32wb03x.o(RESET)
</UL>
<P><STRONG><a name="[29]"></a>LPUART1_IRQHandler</STRONG> (Thumb, 0 bytes, Stack size 0 bytes, startup_n32wb03x.o(.text))
<BR>[Address Reference Count : 1]<UL><LI> startup_n32wb03x.o(RESET)
</UL>
<P><STRONG><a name="[11]"></a>RCC_IRQHandler</STRONG> (Thumb, 0 bytes, Stack size 0 bytes, startup_n32wb03x.o(.text))
<BR>[Address Reference Count : 1]<UL><LI> startup_n32wb03x.o(RESET)
</UL>
<P><STRONG><a name="[1b]"></a>RESERVED_IRQHandler</STRONG> (Thumb, 0 bytes, Stack size 0 bytes, startup_n32wb03x.o(.text))
<BR>[Address Reference Count : 1]<UL><LI> startup_n32wb03x.o(RESET)
</UL>
<P><STRONG><a name="[25]"></a>SPI1_IRQHandler</STRONG> (Thumb, 0 bytes, Stack size 0 bytes, startup_n32wb03x.o(.text))
<BR>[Address Reference Count : 1]<UL><LI> startup_n32wb03x.o(RESET)
</UL>
<P><STRONG><a name="[22]"></a>SPI2_IRQHandler</STRONG> (Thumb, 0 bytes, Stack size 0 bytes, startup_n32wb03x.o(.text))
<BR>[Address Reference Count : 1]<UL><LI> startup_n32wb03x.o(RESET)
</UL>
<P><STRONG><a name="[19]"></a>TIM1_BRK_UP_TRG_COM_IRQHandler</STRONG> (Thumb, 0 bytes, Stack size 0 bytes, startup_n32wb03x.o(.text))
<BR>[Address Reference Count : 1]<UL><LI> startup_n32wb03x.o(RESET)
</UL>
<P><STRONG><a name="[1a]"></a>TIM1_CC_IRQHandler</STRONG> (Thumb, 0 bytes, Stack size 0 bytes, startup_n32wb03x.o(.text))
<BR>[Address Reference Count : 1]<UL><LI> startup_n32wb03x.o(RESET)
</UL>
<P><STRONG><a name="[20]"></a>TIM6_IRQHandler</STRONG> (Thumb, 0 bytes, Stack size 0 bytes, startup_n32wb03x.o(.text))
<BR>[Address Reference Count : 1]<UL><LI> startup_n32wb03x.o(RESET)
</UL>
<P><STRONG><a name="[28]"></a>USART1_IRQHandler</STRONG> (Thumb, 0 bytes, Stack size 0 bytes, startup_n32wb03x.o(.text))
<BR>[Address Reference Count : 1]<UL><LI> startup_n32wb03x.o(RESET)
</UL>
<P><STRONG><a name="[2a]"></a>USART2_IRQHandler</STRONG> (Thumb, 0 bytes, Stack size 0 bytes, startup_n32wb03x.o(.text))
<BR>[Address Reference Count : 1]<UL><LI> startup_n32wb03x.o(RESET)
</UL>
<P><STRONG><a name="[c]"></a>WWDG_IRQHandler</STRONG> (Thumb, 0 bytes, Stack size 0 bytes, startup_n32wb03x.o(.text))
<BR>[Address Reference Count : 1]<UL><LI> startup_n32wb03x.o(RESET)
</UL>
<P><STRONG><a name="[1fb]"></a>__aeabi_uidiv</STRONG> (Thumb, 0 bytes, Stack size 12 bytes, uidiv.o(.text), UNUSED)

<P><STRONG><a name="[89]"></a>__aeabi_uidivmod</STRONG> (Thumb, 44 bytes, Stack size 12 bytes, uidiv.o(.text))
<BR><BR>[Stack]<UL><LI>Max Depth = 12<LI>Call Chain = __aeabi_uidivmod
</UL>
<BR>[Called By]<UL><LI><a href="#[fc]">&gt;&gt;</a>&nbsp;&nbsp;&nbsp;USART_Init
<LI><a href="#[5a]">&gt;&gt;</a>&nbsp;&nbsp;&nbsp;gapc_bond_req_ind_handler
<LI><a href="#[143]">&gt;&gt;</a>&nbsp;&nbsp;&nbsp;totp_compute
<LI><a href="#[138]">&gt;&gt;</a>&nbsp;&nbsp;&nbsp;app_rtc_init
<LI><a href="#[12e]">&gt;&gt;</a>&nbsp;&nbsp;&nbsp;render_title_clock
<LI><a href="#[12f]">&gt;&gt;</a>&nbsp;&nbsp;&nbsp;render_running
<LI><a href="#[88]">&gt;&gt;</a>&nbsp;&nbsp;&nbsp;__aeabi_idivmod
</UL>

<P><STRONG><a name="[1fc]"></a>__aeabi_idiv</STRONG> (Thumb, 0 bytes, Stack size 16 bytes, idiv.o(.text), UNUSED)

<P><STRONG><a name="[88]"></a>__aeabi_idivmod</STRONG> (Thumb, 40 bytes, Stack size 16 bytes, idiv.o(.text))
<BR><BR>[Stack]<UL><LI>Max Depth = 28<LI>Call Chain = __aeabi_idivmod &rArr; __aeabi_uidivmod
</UL>
<BR>[Calls]<UL><LI><a href="#[89]">&gt;&gt;</a>&nbsp;&nbsp;&nbsp;__aeabi_uidivmod
</UL>
<BR>[Called By]<UL><LI><a href="#[14d]">&gt;&gt;</a>&nbsp;&nbsp;&nbsp;base32_encode
<LI><a href="#[1b3]">&gt;&gt;</a>&nbsp;&nbsp;&nbsp;penalty_score
<LI><a href="#[148]">&gt;&gt;</a>&nbsp;&nbsp;&nbsp;mask_bit
<LI><a href="#[165]">&gt;&gt;</a>&nbsp;&nbsp;&nbsp;draw_version_info
<LI><a href="#[ed]">&gt;&gt;</a>&nbsp;&nbsp;&nbsp;SC_pfb_RoundBar
<LI><a href="#[83]">&gt;&gt;</a>&nbsp;&nbsp;&nbsp;slider_handle_touch
<LI><a href="#[ee]">&gt;&gt;</a>&nbsp;&nbsp;&nbsp;SC_pfb_RoundFrame
<LI><a href="#[eb]">&gt;&gt;</a>&nbsp;&nbsp;&nbsp;SC_pfb_clip
<LI><a href="#[1ea]">&gt;&gt;</a>&nbsp;&nbsp;&nbsp;sc_widget_touch_rel
<LI><a href="#[1b6]">&gt;&gt;</a>&nbsp;&nbsp;&nbsp;render_qr
</UL>

<P><STRONG><a name="[8a]"></a>__aeabi_uldivmod</STRONG> (Thumb, 96 bytes, Stack size 48 bytes, uldiv.o(.text))
<BR><BR>[Stack]<UL><LI>Max Depth = 56<LI>Call Chain = __aeabi_uldivmod &rArr; __aeabi_llsr
</UL>
<BR>[Calls]<UL><LI><a href="#[8b]">&gt;&gt;</a>&nbsp;&nbsp;&nbsp;__aeabi_llsr
<LI><a href="#[8c]">&gt;&gt;</a>&nbsp;&nbsp;&nbsp;__aeabi_llsl
</UL>
<BR>[Called By]<UL><LI><a href="#[1e1]">&gt;&gt;</a>&nbsp;&nbsp;&nbsp;rwip_wakeup
<LI><a href="#[1d3]">&gt;&gt;</a>&nbsp;&nbsp;&nbsp;totp_counter_of
<LI><a href="#[143]">&gt;&gt;</a>&nbsp;&nbsp;&nbsp;totp_compute
<LI><a href="#[141]">&gt;&gt;</a>&nbsp;&nbsp;&nbsp;app_totp_refresh
<LI><a href="#[12f]">&gt;&gt;</a>&nbsp;&nbsp;&nbsp;render_running
<LI><a href="#[8d]">&gt;&gt;</a>&nbsp;&nbsp;&nbsp;__aeabi_ldivmod
<LI><a href="#[ff]">&gt;&gt;</a>&nbsp;&nbsp;&nbsp;_printf_core
</UL>

<P><STRONG><a name="[8d]"></a>__aeabi_ldivmod</STRONG> (Thumb, 76 bytes, Stack size 24 bytes, ldiv.o(.text))
<BR><BR>[Stack]<UL><LI>Max Depth = 80<LI>Call Chain = __aeabi_ldivmod &rArr; __aeabi_uldivmod &rArr; __aeabi_llsr
</UL>
<BR>[Calls]<UL><LI><a href="#[8a]">&gt;&gt;</a>&nbsp;&nbsp;&nbsp;__aeabi_uldivmod
</UL>
<BR>[Called By]<UL><LI><a href="#[13b]">&gt;&gt;</a>&nbsp;&nbsp;&nbsp;rtc_program_smooth_calib
<LI><a href="#[12e]">&gt;&gt;</a>&nbsp;&nbsp;&nbsp;render_title_clock
</UL>

<P><STRONG><a name="[16b]"></a>rand</STRONG> (Thumb, 18 bytes, Stack size 0 bytes, rand.o(.text))
<BR><BR>[Called By]<UL><LI><a href="#[5a]">&gt;&gt;</a>&nbsp;&nbsp;&nbsp;gapc_bond_req_ind_handler
</UL>

<P><STRONG><a name="[184]"></a>srand</STRONG> (Thumb, 6 bytes, Stack size 0 bytes, rand.o(.text))
<BR><BR>[Called By]<UL><LI><a href="#[61]">&gt;&gt;</a>&nbsp;&nbsp;&nbsp;gapm_gen_rand_nb_ind_handler
</UL>

<P><STRONG><a name="[1fd]"></a>___aeabi_memcpy8$move</STRONG> (Thumb, 0 bytes, Stack size 8 bytes, memmovea.o(.text), UNUSED)

<P><STRONG><a name="[d6]"></a>__aeabi_memcpy</STRONG> (Thumb, 64 bytes, Stack size 8 bytes, memmovea.o(.text))
<BR><BR>[Stack]<UL><LI>Max Depth = 8<LI>Call Chain = __aeabi_memcpy
</UL>
<BR>[Called By]<UL><LI><a href="#[f9]">&gt;&gt;</a>&nbsp;&nbsp;&nbsp;SystemTrimValueRead
<LI><a href="#[d5]">&gt;&gt;</a>&nbsp;&nbsp;&nbsp;Qflash_Init
<LI><a href="#[13d]">&gt;&gt;</a>&nbsp;&nbsp;&nbsp;app_set_scan_rsp_data
<LI><a href="#[13c]">&gt;&gt;</a>&nbsp;&nbsp;&nbsp;app_set_adv_data
<LI><a href="#[17c]">&gt;&gt;</a>&nbsp;&nbsp;&nbsp;ns_ble_list_set_ral
<LI><a href="#[75]">&gt;&gt;</a>&nbsp;&nbsp;&nbsp;ns_sec_bond_store_evt_handler
<LI><a href="#[178]">&gt;&gt;</a>&nbsp;&nbsp;&nbsp;ns_bond_search_addr_irk
<LI><a href="#[180]">&gt;&gt;</a>&nbsp;&nbsp;&nbsp;ns_bond_resolv_addr_start
<LI><a href="#[17b]">&gt;&gt;</a>&nbsp;&nbsp;&nbsp;ns_bond_last_bonded_ral_info
<LI><a href="#[118]">&gt;&gt;</a>&nbsp;&nbsp;&nbsp;ns_bond_last_bonded_peer_id
<LI><a href="#[173]">&gt;&gt;</a>&nbsp;&nbsp;&nbsp;ns_bond_db_load
<LI><a href="#[1ac]">&gt;&gt;</a>&nbsp;&nbsp;&nbsp;ns_bond_db_add_entry
<LI><a href="#[5c]">&gt;&gt;</a>&nbsp;&nbsp;&nbsp;gapc_encrypt_req_ind_handler
<LI><a href="#[5a]">&gt;&gt;</a>&nbsp;&nbsp;&nbsp;gapc_bond_req_ind_handler
<LI><a href="#[5b]">&gt;&gt;</a>&nbsp;&nbsp;&nbsp;gapc_bond_ind_handler
<LI><a href="#[14a]">&gt;&gt;</a>&nbsp;&nbsp;&nbsp;attm_att_set_value
<LI><a href="#[58]">&gt;&gt;</a>&nbsp;&nbsp;&nbsp;rdtss_value_req_rsp_handler
<LI><a href="#[54]">&gt;&gt;</a>&nbsp;&nbsp;&nbsp;rdtss_val_ntf_req_handler
<LI><a href="#[56]">&gt;&gt;</a>&nbsp;&nbsp;&nbsp;rdtss_val_ind_req_handler
<LI><a href="#[1c9]">&gt;&gt;</a>&nbsp;&nbsp;&nbsp;rdtss_att_set_value
<LI><a href="#[51]">&gt;&gt;</a>&nbsp;&nbsp;&nbsp;gattc_write_req_ind_handler
<LI><a href="#[50]">&gt;&gt;</a>&nbsp;&nbsp;&nbsp;gattc_read_req_ind_handler
<LI><a href="#[18c]">&gt;&gt;</a>&nbsp;&nbsp;&nbsp;rdtss_set_ccc_value
<LI><a href="#[4a]">&gt;&gt;</a>&nbsp;&nbsp;&nbsp;gattc_read_req_ind_handler
<LI><a href="#[4b]">&gt;&gt;</a>&nbsp;&nbsp;&nbsp;diss_value_cfm_handler
<LI><a href="#[49]">&gt;&gt;</a>&nbsp;&nbsp;&nbsp;diss_set_value_req_handler
<LI><a href="#[78]">&gt;&gt;</a>&nbsp;&nbsp;&nbsp;rdtss_val_write_ind_handler
<LI><a href="#[150]">&gt;&gt;</a>&nbsp;&nbsp;&nbsp;decode_cmd
<LI><a href="#[109]">&gt;&gt;</a>&nbsp;&nbsp;&nbsp;app_ble_gap_params_init
<LI><a href="#[76]">&gt;&gt;</a>&nbsp;&nbsp;&nbsp;diss_value_req_ind_handler
<LI><a href="#[61]">&gt;&gt;</a>&nbsp;&nbsp;&nbsp;gapm_gen_rand_nb_ind_handler
<LI><a href="#[63]">&gt;&gt;</a>&nbsp;&nbsp;&nbsp;gapm_cmp_evt_handler
<LI><a href="#[62]">&gt;&gt;</a>&nbsp;&nbsp;&nbsp;gapm_addr_solved_ind_handler
<LI><a href="#[6f]">&gt;&gt;</a>&nbsp;&nbsp;&nbsp;gapc_set_dev_info_req_ind_handler
<LI><a href="#[6d]">&gt;&gt;</a>&nbsp;&nbsp;&nbsp;gapc_get_dev_info_req_ind_handler
<LI><a href="#[68]">&gt;&gt;</a>&nbsp;&nbsp;&nbsp;gapc_connection_req_ind_handler
<LI><a href="#[181]">&gt;&gt;</a>&nbsp;&nbsp;&nbsp;ns_ble_start_init
<LI><a href="#[10a]">&gt;&gt;</a>&nbsp;&nbsp;&nbsp;ns_ble_gap_init
<LI><a href="#[1c4]">&gt;&gt;</a>&nbsp;&nbsp;&nbsp;qr_encode_bytes
<LI><a href="#[192]">&gt;&gt;</a>&nbsp;&nbsp;&nbsp;hmac_sha1
<LI><a href="#[194]">&gt;&gt;</a>&nbsp;&nbsp;&nbsp;sha1_update
</UL>

<P><STRONG><a name="[a1]"></a>__aeabi_memcpy4</STRONG> (Thumb, 0 bytes, Stack size 8 bytes, memmovea.o(.text))
<BR><BR>[Stack]<UL><LI>Max Depth = 8<LI>Call Chain = __aeabi_memcpy4
</UL>
<BR>[Called By]<UL><LI><a href="#[1a9]">&gt;&gt;</a>&nbsp;&nbsp;&nbsp;ns_ble_stack_vtor_init
<LI><a href="#[113]">&gt;&gt;</a>&nbsp;&nbsp;&nbsp;ns_sec_init
<LI><a href="#[109]">&gt;&gt;</a>&nbsp;&nbsp;&nbsp;app_ble_gap_params_init
<LI><a href="#[106]">&gt;&gt;</a>&nbsp;&nbsp;&nbsp;app_ble_adv_init
<LI><a href="#[108]">&gt;&gt;</a>&nbsp;&nbsp;&nbsp;ns_ble_adv_init
<LI><a href="#[a0]">&gt;&gt;</a>&nbsp;&nbsp;&nbsp;EventQueue_Pop
</UL>

<P><STRONG><a name="[1c7]"></a>__aeabi_memmove</STRONG> (Thumb, 0 bytes, Stack size 8 bytes, memmovea.o(.text))
<BR><BR>[Stack]<UL><LI>Max Depth = 8<LI>Call Chain = __aeabi_memmove
</UL>
<BR>[Called By]<UL><LI><a href="#[1c4]">&gt;&gt;</a>&nbsp;&nbsp;&nbsp;qr_encode_bytes
</UL>

<P><STRONG><a name="[1fe]"></a>__aeabi_memmove4</STRONG> (Thumb, 0 bytes, Stack size 8 bytes, memmovea.o(.text), UNUSED)

<P><STRONG><a name="[1ff]"></a>__aeabi_memmove8</STRONG> (Thumb, 0 bytes, Stack size 8 bytes, memmovea.o(.text), UNUSED)

<P><STRONG><a name="[8f]"></a>__aeabi_memset</STRONG> (Thumb, 14 bytes, Stack size 0 bytes, memseta.o(.text))
<BR><BR>[Called By]<UL><LI><a href="#[90]">&gt;&gt;</a>&nbsp;&nbsp;&nbsp;_memset$wrapper
<LI><a href="#[8e]">&gt;&gt;</a>&nbsp;&nbsp;&nbsp;__aeabi_memclr
</UL>

<P><STRONG><a name="[200]"></a>__aeabi_memset4</STRONG> (Thumb, 0 bytes, Stack size 0 bytes, memseta.o(.text), UNUSED)

<P><STRONG><a name="[201]"></a>__aeabi_memset8</STRONG> (Thumb, 0 bytes, Stack size 0 bytes, memseta.o(.text), UNUSED)

<P><STRONG><a name="[8e]"></a>__aeabi_memclr</STRONG> (Thumb, 4 bytes, Stack size 0 bytes, memseta.o(.text))
<BR><BR>[Calls]<UL><LI><a href="#[8f]">&gt;&gt;</a>&nbsp;&nbsp;&nbsp;__aeabi_memset
</UL>
<BR>[Called By]<UL><LI><a href="#[1a7]">&gt;&gt;</a>&nbsp;&nbsp;&nbsp;ns_ble_evn_init
<LI><a href="#[17b]">&gt;&gt;</a>&nbsp;&nbsp;&nbsp;ns_bond_last_bonded_ral_info
<LI><a href="#[5a]">&gt;&gt;</a>&nbsp;&nbsp;&nbsp;gapc_bond_req_ind_handler
<LI><a href="#[63]">&gt;&gt;</a>&nbsp;&nbsp;&nbsp;gapm_cmp_evt_handler
<LI><a href="#[1c4]">&gt;&gt;</a>&nbsp;&nbsp;&nbsp;qr_encode_bytes
<LI><a href="#[192]">&gt;&gt;</a>&nbsp;&nbsp;&nbsp;hmac_sha1
</UL>

<P><STRONG><a name="[107]"></a>__aeabi_memclr4</STRONG> (Thumb, 0 bytes, Stack size 0 bytes, memseta.o(.text))
<BR><BR>[Called By]<UL><LI><a href="#[1a7]">&gt;&gt;</a>&nbsp;&nbsp;&nbsp;ns_ble_evn_init
<LI><a href="#[75]">&gt;&gt;</a>&nbsp;&nbsp;&nbsp;ns_sec_bond_store_evt_handler
<LI><a href="#[178]">&gt;&gt;</a>&nbsp;&nbsp;&nbsp;ns_bond_search_addr_irk
<LI><a href="#[180]">&gt;&gt;</a>&nbsp;&nbsp;&nbsp;ns_bond_resolv_addr_start
<LI><a href="#[17b]">&gt;&gt;</a>&nbsp;&nbsp;&nbsp;ns_bond_last_bonded_ral_info
<LI><a href="#[118]">&gt;&gt;</a>&nbsp;&nbsp;&nbsp;ns_bond_last_bonded_peer_id
<LI><a href="#[1ac]">&gt;&gt;</a>&nbsp;&nbsp;&nbsp;ns_bond_db_add_entry
<LI><a href="#[5c]">&gt;&gt;</a>&nbsp;&nbsp;&nbsp;gapc_encrypt_req_ind_handler
<LI><a href="#[10d]">&gt;&gt;</a>&nbsp;&nbsp;&nbsp;app_ble_sec_init
<LI><a href="#[109]">&gt;&gt;</a>&nbsp;&nbsp;&nbsp;app_ble_gap_params_init
<LI><a href="#[106]">&gt;&gt;</a>&nbsp;&nbsp;&nbsp;app_ble_adv_init
<LI><a href="#[63]">&gt;&gt;</a>&nbsp;&nbsp;&nbsp;gapm_cmp_evt_handler
<LI><a href="#[191]">&gt;&gt;</a>&nbsp;&nbsp;&nbsp;sc_task_loop
<LI><a href="#[192]">&gt;&gt;</a>&nbsp;&nbsp;&nbsp;hmac_sha1
</UL>

<P><STRONG><a name="[202]"></a>__aeabi_memclr8</STRONG> (Thumb, 0 bytes, Stack size 0 bytes, memseta.o(.text), UNUSED)

<P><STRONG><a name="[90]"></a>_memset$wrapper</STRONG> (Thumb, 18 bytes, Stack size 8 bytes, memseta.o(.text), UNUSED)
<BR><BR>[Calls]<UL><LI><a href="#[8f]">&gt;&gt;</a>&nbsp;&nbsp;&nbsp;__aeabi_memset
</UL>

<P><STRONG><a name="[174]"></a>memcmp</STRONG> (Thumb, 26 bytes, Stack size 12 bytes, memcmp.o(.text))
<BR><BR>[Stack]<UL><LI>Max Depth = 12<LI>Call Chain = memcmp
</UL>
<BR>[Called By]<UL><LI><a href="#[178]">&gt;&gt;</a>&nbsp;&nbsp;&nbsp;ns_bond_search_addr_irk
<LI><a href="#[5c]">&gt;&gt;</a>&nbsp;&nbsp;&nbsp;gapc_encrypt_req_ind_handler
<LI><a href="#[65]">&gt;&gt;</a>&nbsp;&nbsp;&nbsp;gapm_ext_adv_repoer_ind_handler
<LI><a href="#[182]">&gt;&gt;</a>&nbsp;&nbsp;&nbsp;ns_ble_scan_data_find
</UL>

<P><STRONG><a name="[1ed]"></a>__aeabi_uread4</STRONG> (Thumb, 20 bytes, Stack size 0 bytes, uread4.o(.text))
<BR><BR>[Called By]<UL><LI><a href="#[1ec]">&gt;&gt;</a>&nbsp;&nbsp;&nbsp;sha1_transform
</UL>

<P><STRONG><a name="[203]"></a>__rt_uread4</STRONG> (Thumb, 0 bytes, Stack size 0 bytes, uread4.o(.text), UNUSED)

<P><STRONG><a name="[204]"></a>_uread4</STRONG> (Thumb, 0 bytes, Stack size 0 bytes, uread4.o(.text), UNUSED)

<P><STRONG><a name="[1e5]"></a>__aeabi_fmul</STRONG> (Thumb, 122 bytes, Stack size 16 bytes, fmul.o(.text))
<BR><BR>[Stack]<UL><LI>Max Depth = 16<LI>Call Chain = __aeabi_fmul
</UL>
<BR>[Called By]<UL><LI><a href="#[1e1]">&gt;&gt;</a>&nbsp;&nbsp;&nbsp;rwip_wakeup
</UL>

<P><STRONG><a name="[91]"></a>__aeabi_fdiv</STRONG> (Thumb, 124 bytes, Stack size 16 bytes, fdiv.o(.text))
<BR><BR>[Stack]<UL><LI>Max Depth = 16<LI>Call Chain = __aeabi_fdiv
</UL>
<BR>[Calls]<UL><LI><a href="#[92]">&gt;&gt;</a>&nbsp;&nbsp;&nbsp;_float_round
</UL>
<BR>[Called By]<UL><LI><a href="#[1e1]">&gt;&gt;</a>&nbsp;&nbsp;&nbsp;rwip_wakeup
</UL>

<P><STRONG><a name="[93]"></a>__aeabi_ui2f</STRONG> (Thumb, 14 bytes, Stack size 8 bytes, ffltui.o(.text))
<BR><BR>[Stack]<UL><LI>Max Depth = 20<LI>Call Chain = __aeabi_ui2f &rArr; _float_epilogue
</UL>
<BR>[Calls]<UL><LI><a href="#[94]">&gt;&gt;</a>&nbsp;&nbsp;&nbsp;_float_epilogue
</UL>
<BR>[Called By]<UL><LI><a href="#[1e1]">&gt;&gt;</a>&nbsp;&nbsp;&nbsp;rwip_wakeup
</UL>

<P><STRONG><a name="[95]"></a>__aeabi_ul2f</STRONG> (Thumb, 28 bytes, Stack size 8 bytes, ffltul.o(.text))
<BR><BR>[Stack]<UL><LI>Max Depth = 20<LI>Call Chain = __aeabi_ul2f &rArr; _float_epilogue
</UL>
<BR>[Calls]<UL><LI><a href="#[94]">&gt;&gt;</a>&nbsp;&nbsp;&nbsp;_float_epilogue
</UL>
<BR>[Called By]<UL><LI><a href="#[1e1]">&gt;&gt;</a>&nbsp;&nbsp;&nbsp;rwip_wakeup
</UL>

<P><STRONG><a name="[96]"></a>__aeabi_f2ulz</STRONG> (Thumb, 48 bytes, Stack size 8 bytes, ffixul.o(.text))
<BR><BR>[Stack]<UL><LI>Max Depth = 16<LI>Call Chain = __aeabi_f2ulz &rArr; __aeabi_llsl
</UL>
<BR>[Calls]<UL><LI><a href="#[8c]">&gt;&gt;</a>&nbsp;&nbsp;&nbsp;__aeabi_llsl
</UL>
<BR>[Called By]<UL><LI><a href="#[1e1]">&gt;&gt;</a>&nbsp;&nbsp;&nbsp;rwip_wakeup
</UL>

<P><STRONG><a name="[8c]"></a>__aeabi_llsl</STRONG> (Thumb, 32 bytes, Stack size 8 bytes, llshl.o(.text))
<BR><BR>[Stack]<UL><LI>Max Depth = 8<LI>Call Chain = __aeabi_llsl
</UL>
<BR>[Called By]<UL><LI><a href="#[96]">&gt;&gt;</a>&nbsp;&nbsp;&nbsp;__aeabi_f2ulz
<LI><a href="#[8a]">&gt;&gt;</a>&nbsp;&nbsp;&nbsp;__aeabi_uldivmod
</UL>

<P><STRONG><a name="[205]"></a>_ll_shift_l</STRONG> (Thumb, 0 bytes, Stack size 8 bytes, llshl.o(.text), UNUSED)

<P><STRONG><a name="[8b]"></a>__aeabi_llsr</STRONG> (Thumb, 34 bytes, Stack size 8 bytes, llushr.o(.text))
<BR><BR>[Stack]<UL><LI>Max Depth = 8<LI>Call Chain = __aeabi_llsr
</UL>
<BR>[Called By]<UL><LI><a href="#[8a]">&gt;&gt;</a>&nbsp;&nbsp;&nbsp;__aeabi_uldivmod
</UL>

<P><STRONG><a name="[206]"></a>_ll_ushift_r</STRONG> (Thumb, 0 bytes, Stack size 8 bytes, llushr.o(.text), UNUSED)

<P><STRONG><a name="[207]"></a>__I$use$fp</STRONG> (Thumb, 0 bytes, Stack size 0 bytes, iusefp.o(.text), UNUSED)

<P><STRONG><a name="[92]"></a>_float_round</STRONG> (Thumb, 16 bytes, Stack size 0 bytes, fepilogue.o(.text))
<BR><BR>[Called By]<UL><LI><a href="#[91]">&gt;&gt;</a>&nbsp;&nbsp;&nbsp;__aeabi_fdiv
</UL>

<P><STRONG><a name="[94]"></a>_float_epilogue</STRONG> (Thumb, 114 bytes, Stack size 12 bytes, fepilogue.o(.text))
<BR><BR>[Stack]<UL><LI>Max Depth = 12<LI>Call Chain = _float_epilogue
</UL>
<BR>[Called By]<UL><LI><a href="#[93]">&gt;&gt;</a>&nbsp;&nbsp;&nbsp;__aeabi_ui2f
<LI><a href="#[95]">&gt;&gt;</a>&nbsp;&nbsp;&nbsp;__aeabi_ul2f
</UL>

<P><STRONG><a name="[85]"></a>__scatterload</STRONG> (Thumb, 28 bytes, Stack size 0 bytes, init.o(.text))
<BR><BR>[Calls]<UL><LI><a href="#[97]">&gt;&gt;</a>&nbsp;&nbsp;&nbsp;__main_after_scatterload
</UL>
<BR>[Called By]<UL><LI><a href="#[84]">&gt;&gt;</a>&nbsp;&nbsp;&nbsp;_main_scatterload
</UL>

<P><STRONG><a name="[208]"></a>__scatterload_rt2</STRONG> (Thumb, 0 bytes, Stack size 0 bytes, init.o(.text), UNUSED)

<P><STRONG><a name="[209]"></a>__decompress</STRONG> (Thumb, 0 bytes, Stack size unknown bytes, __dczerorl2.o(.text), UNUSED)

<P><STRONG><a name="[20a]"></a>__decompress1</STRONG> (Thumb, 86 bytes, Stack size unknown bytes, __dczerorl2.o(.text), UNUSED)

<P><STRONG><a name="[17]"></a>DMA_Channel1_2_3_4_IRQHandler</STRONG> (Thumb, 58 bytes, Stack size 16 bytes, n32wb03x_it.o(i.DMA_Channel1_2_3_4_IRQHandler))
<BR><BR>[Stack]<UL><LI>Max Depth = 16<LI>Call Chain = DMA_Channel1_2_3_4_IRQHandler
</UL>
<BR>[Calls]<UL><LI><a href="#[98]">&gt;&gt;</a>&nbsp;&nbsp;&nbsp;DMA_GetIntStatus
<LI><a href="#[9a]">&gt;&gt;</a>&nbsp;&nbsp;&nbsp;DMA_EnableChannel
<LI><a href="#[9b]">&gt;&gt;</a>&nbsp;&nbsp;&nbsp;DMA_ConfigInt
<LI><a href="#[99]">&gt;&gt;</a>&nbsp;&nbsp;&nbsp;DMA_ClrIntPendingBit
</UL>
<BR>[Address Reference Count : 1]<UL><LI> startup_n32wb03x.o(RESET)
</UL>
<P><STRONG><a name="[c9]"></a>DMA_ClearFlag</STRONG> (Thumb, 4 bytes, Stack size 0 bytes, n32wb03x_dma.o(i.DMA_ClearFlag))
<BR><BR>[Called By]<UL><LI><a href="#[ba]">&gt;&gt;</a>&nbsp;&nbsp;&nbsp;LCD_SPI_DMA_Send_Fast
<LI><a href="#[b3]">&gt;&gt;</a>&nbsp;&nbsp;&nbsp;LCD_SPI_DMA_Send
</UL>

<P><STRONG><a name="[99]"></a>DMA_ClrIntPendingBit</STRONG> (Thumb, 4 bytes, Stack size 0 bytes, n32wb03x_dma.o(i.DMA_ClrIntPendingBit))
<BR><BR>[Called By]<UL><LI><a href="#[17]">&gt;&gt;</a>&nbsp;&nbsp;&nbsp;DMA_Channel1_2_3_4_IRQHandler
</UL>

<P><STRONG><a name="[9b]"></a>DMA_ConfigInt</STRONG> (Thumb, 16 bytes, Stack size 0 bytes, n32wb03x_dma.o(i.DMA_ConfigInt))
<BR><BR>[Called By]<UL><LI><a href="#[17]">&gt;&gt;</a>&nbsp;&nbsp;&nbsp;DMA_Channel1_2_3_4_IRQHandler
<LI><a href="#[b3]">&gt;&gt;</a>&nbsp;&nbsp;&nbsp;LCD_SPI_DMA_Send
</UL>

<P><STRONG><a name="[bd]"></a>DMA_DeInit</STRONG> (Thumb, 100 bytes, Stack size 0 bytes, n32wb03x_dma.o(i.DMA_DeInit))
<BR><BR>[Called By]<UL><LI><a href="#[ba]">&gt;&gt;</a>&nbsp;&nbsp;&nbsp;LCD_SPI_DMA_Send_Fast
<LI><a href="#[b3]">&gt;&gt;</a>&nbsp;&nbsp;&nbsp;LCD_SPI_DMA_Send
<LI><a href="#[bb]">&gt;&gt;</a>&nbsp;&nbsp;&nbsp;LCD_DMA_Init
</UL>

<P><STRONG><a name="[9a]"></a>DMA_EnableChannel</STRONG> (Thumb, 20 bytes, Stack size 0 bytes, n32wb03x_dma.o(i.DMA_EnableChannel))
<BR><BR>[Called By]<UL><LI><a href="#[17]">&gt;&gt;</a>&nbsp;&nbsp;&nbsp;DMA_Channel1_2_3_4_IRQHandler
<LI><a href="#[ba]">&gt;&gt;</a>&nbsp;&nbsp;&nbsp;LCD_SPI_DMA_Send_Fast
<LI><a href="#[b3]">&gt;&gt;</a>&nbsp;&nbsp;&nbsp;LCD_SPI_DMA_Send
</UL>

<P><STRONG><a name="[ca]"></a>DMA_GetFlagStatus</STRONG> (Thumb, 14 bytes, Stack size 0 bytes, n32wb03x_dma.o(i.DMA_GetFlagStatus))
<BR><BR>[Called By]<UL><LI><a href="#[ba]">&gt;&gt;</a>&nbsp;&nbsp;&nbsp;LCD_SPI_DMA_Send_Fast
</UL>

<P><STRONG><a name="[98]"></a>DMA_GetIntStatus</STRONG> (Thumb, 14 bytes, Stack size 0 bytes, n32wb03x_dma.o(i.DMA_GetIntStatus))
<BR><BR>[Called By]<UL><LI><a href="#[17]">&gt;&gt;</a>&nbsp;&nbsp;&nbsp;DMA_Channel1_2_3_4_IRQHandler
</UL>

<P><STRONG><a name="[be]"></a>DMA_Init</STRONG> (Thumb, 56 bytes, Stack size 12 bytes, n32wb03x_dma.o(i.DMA_Init))
<BR><BR>[Stack]<UL><LI>Max Depth = 12<LI>Call Chain = DMA_Init
</UL>
<BR>[Called By]<UL><LI><a href="#[ba]">&gt;&gt;</a>&nbsp;&nbsp;&nbsp;LCD_SPI_DMA_Send_Fast
<LI><a href="#[b3]">&gt;&gt;</a>&nbsp;&nbsp;&nbsp;LCD_SPI_DMA_Send
<LI><a href="#[bb]">&gt;&gt;</a>&nbsp;&nbsp;&nbsp;LCD_DMA_Init
</UL>

<P><STRONG><a name="[bf]"></a>DMA_RequestRemap</STRONG> (Thumb, 12 bytes, Stack size 0 bytes, n32wb03x_dma.o(i.DMA_RequestRemap))
<BR><BR>[Called By]<UL><LI><a href="#[ba]">&gt;&gt;</a>&nbsp;&nbsp;&nbsp;LCD_SPI_DMA_Send_Fast
<LI><a href="#[b3]">&gt;&gt;</a>&nbsp;&nbsp;&nbsp;LCD_SPI_DMA_Send
<LI><a href="#[bb]">&gt;&gt;</a>&nbsp;&nbsp;&nbsp;LCD_DMA_Init
</UL>

<P><STRONG><a name="[14]"></a>EXTI4_12_IRQHandler</STRONG> (Thumb, 168 bytes, Stack size 16 bytes, xpt2046.o(i.EXTI4_12_IRQHandler))
<BR><BR>[Stack]<UL><LI>Max Depth = 16<LI>Call Chain = EXTI4_12_IRQHandler
</UL>
<BR>[Calls]<UL><LI><a href="#[9e]">&gt;&gt;</a>&nbsp;&nbsp;&nbsp;GPIO_ReadInputDataBit
<LI><a href="#[9c]">&gt;&gt;</a>&nbsp;&nbsp;&nbsp;EXTI_GetITStatus
<LI><a href="#[9f]">&gt;&gt;</a>&nbsp;&nbsp;&nbsp;EXTI_ClrITPendBit
<LI><a href="#[9d]">&gt;&gt;</a>&nbsp;&nbsp;&nbsp;delay_n_10us (via Veneer)
</UL>
<BR>[Address Reference Count : 1]<UL><LI> startup_n32wb03x.o(RESET)
</UL>
<P><STRONG><a name="[9f]"></a>EXTI_ClrITPendBit</STRONG> (Thumb, 6 bytes, Stack size 0 bytes, n32wb03x_exti.o(i.EXTI_ClrITPendBit))
<BR><BR>[Called By]<UL><LI><a href="#[42]">&gt;&gt;</a>&nbsp;&nbsp;&nbsp;ns_EXTI4_12_IRQHandler
<LI><a href="#[e]">&gt;&gt;</a>&nbsp;&nbsp;&nbsp;RTC_IRQHandler
<LI><a href="#[138]">&gt;&gt;</a>&nbsp;&nbsp;&nbsp;app_rtc_init
<LI><a href="#[14]">&gt;&gt;</a>&nbsp;&nbsp;&nbsp;EXTI4_12_IRQHandler
</UL>

<P><STRONG><a name="[9c]"></a>EXTI_GetITStatus</STRONG> (Thumb, 24 bytes, Stack size 0 bytes, n32wb03x_exti.o(i.EXTI_GetITStatus))
<BR><BR>[Called By]<UL><LI><a href="#[42]">&gt;&gt;</a>&nbsp;&nbsp;&nbsp;ns_EXTI4_12_IRQHandler
<LI><a href="#[14]">&gt;&gt;</a>&nbsp;&nbsp;&nbsp;EXTI4_12_IRQHandler
</UL>

<P><STRONG><a name="[133]"></a>EXTI_InitPeripheral</STRONG> (Thumb, 102 bytes, Stack size 8 bytes, n32wb03x_exti.o(i.EXTI_InitPeripheral))
<BR><BR>[Stack]<UL><LI>Max Depth = 8<LI>Call Chain = EXTI_InitPeripheral
</UL>
<BR>[Called By]<UL><LI><a href="#[1a9]">&gt;&gt;</a>&nbsp;&nbsp;&nbsp;ns_ble_stack_vtor_init
<LI><a href="#[138]">&gt;&gt;</a>&nbsp;&nbsp;&nbsp;app_rtc_init
<LI><a href="#[132]">&gt;&gt;</a>&nbsp;&nbsp;&nbsp;app_key_configuration
</UL>

<P><STRONG><a name="[a0]"></a>EventQueue_Pop</STRONG> (Thumb, 50 bytes, Stack size 8 bytes, sc_event_task.o(i.EventQueue_Pop))
<BR><BR>[Stack]<UL><LI>Max Depth = 16<LI>Call Chain = EventQueue_Pop &rArr; __aeabi_memcpy4
</UL>
<BR>[Calls]<UL><LI><a href="#[a1]">&gt;&gt;</a>&nbsp;&nbsp;&nbsp;__aeabi_memcpy4
</UL>
<BR>[Called By]<UL><LI><a href="#[191]">&gt;&gt;</a>&nbsp;&nbsp;&nbsp;sc_task_loop
</UL>

<P><STRONG><a name="[a2]"></a>GPIO_ConfigEXTILine</STRONG> (Thumb, 294 bytes, Stack size 20 bytes, n32wb03x_gpio.o(i.GPIO_ConfigEXTILine))
<BR><BR>[Stack]<UL><LI>Max Depth = 28<LI>Call Chain = GPIO_ConfigEXTILine &rArr; __ARM_common_switch8
</UL>
<BR>[Calls]<UL><LI><a href="#[a3]">&gt;&gt;</a>&nbsp;&nbsp;&nbsp;__ARM_common_switch8
</UL>
<BR>[Called By]<UL><LI><a href="#[132]">&gt;&gt;</a>&nbsp;&nbsp;&nbsp;app_key_configuration
</UL>

<P><STRONG><a name="[cd]"></a>GPIO_InitPeripheral</STRONG> (Thumb, 186 bytes, Stack size 20 bytes, n32wb03x_gpio.o(i.GPIO_InitPeripheral))
<BR><BR>[Stack]<UL><LI>Max Depth = 20<LI>Call Chain = GPIO_InitPeripheral
</UL>
<BR>[Called By]<UL><LI><a href="#[199]">&gt;&gt;</a>&nbsp;&nbsp;&nbsp;ns_log_usart_init
<LI><a href="#[132]">&gt;&gt;</a>&nbsp;&nbsp;&nbsp;app_key_configuration
<LI><a href="#[c8]">&gt;&gt;</a>&nbsp;&nbsp;&nbsp;LCD_SPI_Init
</UL>

<P><STRONG><a name="[cc]"></a>GPIO_InitStruct</STRONG> (Thumb, 22 bytes, Stack size 0 bytes, n32wb03x_gpio.o(i.GPIO_InitStruct))
<BR><BR>[Called By]<UL><LI><a href="#[199]">&gt;&gt;</a>&nbsp;&nbsp;&nbsp;ns_log_usart_init
<LI><a href="#[132]">&gt;&gt;</a>&nbsp;&nbsp;&nbsp;app_key_configuration
<LI><a href="#[c8]">&gt;&gt;</a>&nbsp;&nbsp;&nbsp;LCD_SPI_Init
</UL>

<P><STRONG><a name="[9e]"></a>GPIO_ReadInputDataBit</STRONG> (Thumb, 14 bytes, Stack size 0 bytes, n32wb03x_gpio.o(i.GPIO_ReadInputDataBit))
<BR><BR>[Called By]<UL><LI><a href="#[14]">&gt;&gt;</a>&nbsp;&nbsp;&nbsp;EXTI4_12_IRQHandler
</UL>

<P><STRONG><a name="[b8]"></a>GPIO_ResetBits</STRONG> (Thumb, 4 bytes, Stack size 0 bytes, n32wb03x_gpio.o(i.GPIO_ResetBits))
<BR><BR>[Called By]<UL><LI><a href="#[c7]">&gt;&gt;</a>&nbsp;&nbsp;&nbsp;LCD_Init
<LI><a href="#[c3]">&gt;&gt;</a>&nbsp;&nbsp;&nbsp;LCD_WR_REG_Fast
<LI><a href="#[c4]">&gt;&gt;</a>&nbsp;&nbsp;&nbsp;LCD_WR_DATA_Fast
<LI><a href="#[b5]">&gt;&gt;</a>&nbsp;&nbsp;&nbsp;LCD_WR_DATA_16_Fast
<LI><a href="#[b6]">&gt;&gt;</a>&nbsp;&nbsp;&nbsp;LCD_Color_Fill
</UL>

<P><STRONG><a name="[b9]"></a>GPIO_SetBits</STRONG> (Thumb, 4 bytes, Stack size 0 bytes, n32wb03x_gpio.o(i.GPIO_SetBits))
<BR><BR>[Called By]<UL><LI><a href="#[c7]">&gt;&gt;</a>&nbsp;&nbsp;&nbsp;LCD_Init
<LI><a href="#[c3]">&gt;&gt;</a>&nbsp;&nbsp;&nbsp;LCD_WR_REG_Fast
<LI><a href="#[c4]">&gt;&gt;</a>&nbsp;&nbsp;&nbsp;LCD_WR_DATA_Fast
<LI><a href="#[b5]">&gt;&gt;</a>&nbsp;&nbsp;&nbsp;LCD_WR_DATA_16_Fast
<LI><a href="#[c8]">&gt;&gt;</a>&nbsp;&nbsp;&nbsp;LCD_SPI_Init
<LI><a href="#[b6]">&gt;&gt;</a>&nbsp;&nbsp;&nbsp;LCD_Color_Fill
</UL>

<P><STRONG><a name="[8]"></a>HardFault_Handler</STRONG> (Thumb, 2 bytes, Stack size 0 bytes, n32wb03x_it.o(i.HardFault_Handler))
<BR><BR>[Calls]<UL><LI><a href="#[8]">&gt;&gt;</a>&nbsp;&nbsp;&nbsp;HardFault_Handler
</UL>
<BR>[Called By]<UL><LI><a href="#[8]">&gt;&gt;</a>&nbsp;&nbsp;&nbsp;HardFault_Handler
</UL>
<BR>[Address Reference Count : 1]<UL><LI> startup_n32wb03x.o(RESET)
</UL>
<P><STRONG><a name="[23]"></a>I2C1_IRQHandler</STRONG> (Thumb, 412 bytes, Stack size 24 bytes, i2c_eeprom.o(i.I2C1_IRQHandler))
<BR><BR>[Stack]<UL><LI>Max Depth = 48<LI>Call Chain = I2C1_IRQHandler &rArr; __2printf
</UL>
<BR>[Calls]<UL><LI><a href="#[a6]">&gt;&gt;</a>&nbsp;&nbsp;&nbsp;I2C_SendData
<LI><a href="#[a7]">&gt;&gt;</a>&nbsp;&nbsp;&nbsp;I2C_SendAddr7bit
<LI><a href="#[ae]">&gt;&gt;</a>&nbsp;&nbsp;&nbsp;I2C_RecvData
<LI><a href="#[a4]">&gt;&gt;</a>&nbsp;&nbsp;&nbsp;I2C_GetLastEvent
<LI><a href="#[ab]">&gt;&gt;</a>&nbsp;&nbsp;&nbsp;I2C_GetFlag
<LI><a href="#[a9]">&gt;&gt;</a>&nbsp;&nbsp;&nbsp;I2C_GenerateStop
<LI><a href="#[aa]">&gt;&gt;</a>&nbsp;&nbsp;&nbsp;I2C_GenerateStart
<LI><a href="#[a8]">&gt;&gt;</a>&nbsp;&nbsp;&nbsp;I2C_ConfigInt
<LI><a href="#[a5]">&gt;&gt;</a>&nbsp;&nbsp;&nbsp;I2C_ConfigAck
<LI><a href="#[ad]">&gt;&gt;</a>&nbsp;&nbsp;&nbsp;I2C_ClrFlag
<LI><a href="#[ac]">&gt;&gt;</a>&nbsp;&nbsp;&nbsp;__2printf
</UL>
<BR>[Address Reference Count : 1]<UL><LI> startup_n32wb03x.o(RESET)
</UL>
<P><STRONG><a name="[ad]"></a>I2C_ClrFlag</STRONG> (Thumb, 6 bytes, Stack size 0 bytes, n32wb03x_i2c.o(i.I2C_ClrFlag))
<BR><BR>[Called By]<UL><LI><a href="#[23]">&gt;&gt;</a>&nbsp;&nbsp;&nbsp;I2C1_IRQHandler
</UL>

<P><STRONG><a name="[a5]"></a>I2C_ConfigAck</STRONG> (Thumb, 22 bytes, Stack size 0 bytes, n32wb03x_i2c.o(i.I2C_ConfigAck))
<BR><BR>[Called By]<UL><LI><a href="#[23]">&gt;&gt;</a>&nbsp;&nbsp;&nbsp;I2C1_IRQHandler
</UL>

<P><STRONG><a name="[a8]"></a>I2C_ConfigInt</STRONG> (Thumb, 16 bytes, Stack size 0 bytes, n32wb03x_i2c.o(i.I2C_ConfigInt))
<BR><BR>[Called By]<UL><LI><a href="#[23]">&gt;&gt;</a>&nbsp;&nbsp;&nbsp;I2C1_IRQHandler
</UL>

<P><STRONG><a name="[aa]"></a>I2C_GenerateStart</STRONG> (Thumb, 22 bytes, Stack size 0 bytes, n32wb03x_i2c.o(i.I2C_GenerateStart))
<BR><BR>[Called By]<UL><LI><a href="#[23]">&gt;&gt;</a>&nbsp;&nbsp;&nbsp;I2C1_IRQHandler
</UL>

<P><STRONG><a name="[a9]"></a>I2C_GenerateStop</STRONG> (Thumb, 22 bytes, Stack size 0 bytes, n32wb03x_i2c.o(i.I2C_GenerateStop))
<BR><BR>[Called By]<UL><LI><a href="#[23]">&gt;&gt;</a>&nbsp;&nbsp;&nbsp;I2C1_IRQHandler
</UL>

<P><STRONG><a name="[ab]"></a>I2C_GetFlag</STRONG> (Thumb, 44 bytes, Stack size 12 bytes, n32wb03x_i2c.o(i.I2C_GetFlag))
<BR><BR>[Stack]<UL><LI>Max Depth = 12<LI>Call Chain = I2C_GetFlag
</UL>
<BR>[Called By]<UL><LI><a href="#[23]">&gt;&gt;</a>&nbsp;&nbsp;&nbsp;I2C1_IRQHandler
</UL>

<P><STRONG><a name="[a4]"></a>I2C_GetLastEvent</STRONG> (Thumb, 14 bytes, Stack size 0 bytes, n32wb03x_i2c.o(i.I2C_GetLastEvent))
<BR><BR>[Called By]<UL><LI><a href="#[23]">&gt;&gt;</a>&nbsp;&nbsp;&nbsp;I2C1_IRQHandler
</UL>

<P><STRONG><a name="[ae]"></a>I2C_RecvData</STRONG> (Thumb, 6 bytes, Stack size 0 bytes, n32wb03x_i2c.o(i.I2C_RecvData))
<BR><BR>[Called By]<UL><LI><a href="#[23]">&gt;&gt;</a>&nbsp;&nbsp;&nbsp;I2C1_IRQHandler
</UL>

<P><STRONG><a name="[a7]"></a>I2C_SendAddr7bit</STRONG> (Thumb, 18 bytes, Stack size 0 bytes, n32wb03x_i2c.o(i.I2C_SendAddr7bit))
<BR><BR>[Called By]<UL><LI><a href="#[23]">&gt;&gt;</a>&nbsp;&nbsp;&nbsp;I2C1_IRQHandler
</UL>

<P><STRONG><a name="[a6]"></a>I2C_SendData</STRONG> (Thumb, 4 bytes, Stack size 0 bytes, n32wb03x_i2c.o(i.I2C_SendData))
<BR><BR>[Called By]<UL><LI><a href="#[23]">&gt;&gt;</a>&nbsp;&nbsp;&nbsp;I2C1_IRQHandler
</UL>

<P><STRONG><a name="[af]"></a>LCD_Clear</STRONG> (Thumb, 88 bytes, Stack size 24 bytes, lcd.o(i.LCD_Clear))
<BR><BR>[Stack]<UL><LI>Max Depth = 108<LI>Call Chain = LCD_Clear &rArr; LCD_SPI_DMA_Send &rArr; DMA_Init
</UL>
<BR>[Calls]<UL><LI><a href="#[b1]">&gt;&gt;</a>&nbsp;&nbsp;&nbsp;LCD_WriteRAM_Prepare
<LI><a href="#[b5]">&gt;&gt;</a>&nbsp;&nbsp;&nbsp;LCD_WR_DATA_16_Fast
<LI><a href="#[b0]">&gt;&gt;</a>&nbsp;&nbsp;&nbsp;LCD_SetCursor
<LI><a href="#[b3]">&gt;&gt;</a>&nbsp;&nbsp;&nbsp;LCD_SPI_DMA_Send
<LI><a href="#[b2]">&gt;&gt;</a>&nbsp;&nbsp;&nbsp;malloc
<LI><a href="#[b4]">&gt;&gt;</a>&nbsp;&nbsp;&nbsp;free
</UL>
<BR>[Called By]<UL><LI><a href="#[2c]">&gt;&gt;</a>&nbsp;&nbsp;&nbsp;main
<LI><a href="#[1b6]">&gt;&gt;</a>&nbsp;&nbsp;&nbsp;render_qr
<LI><a href="#[127]">&gt;&gt;</a>&nbsp;&nbsp;&nbsp;poll_keys
</UL>

<P><STRONG><a name="[b6]"></a>LCD_Color_Fill</STRONG> (Thumb, 68 bytes, Stack size 24 bytes, lcd.o(i.LCD_Color_Fill))
<BR><BR>[Stack]<UL><LI>Max Depth = 108<LI>Call Chain = LCD_Color_Fill &rArr; LCD_SPI_DMA_Send_Fast &rArr; DMA_Init
</UL>
<BR>[Calls]<UL><LI><a href="#[b9]">&gt;&gt;</a>&nbsp;&nbsp;&nbsp;GPIO_SetBits
<LI><a href="#[b8]">&gt;&gt;</a>&nbsp;&nbsp;&nbsp;GPIO_ResetBits
<LI><a href="#[b1]">&gt;&gt;</a>&nbsp;&nbsp;&nbsp;LCD_WriteRAM_Prepare
<LI><a href="#[b7]">&gt;&gt;</a>&nbsp;&nbsp;&nbsp;LCD_Set_Window
<LI><a href="#[ba]">&gt;&gt;</a>&nbsp;&nbsp;&nbsp;LCD_SPI_DMA_Send_Fast
</UL>
<BR>[Called By]<UL><LI><a href="#[c1]">&gt;&gt;</a>&nbsp;&nbsp;&nbsp;LCD_DMA_color
</UL>

<P><STRONG><a name="[bb]"></a>LCD_DMA_Init</STRONG> (Thumb, 90 bytes, Stack size 56 bytes, lcd.o(i.LCD_DMA_Init))
<BR><BR>[Stack]<UL><LI>Max Depth = 68<LI>Call Chain = LCD_DMA_Init &rArr; DMA_Init
</UL>
<BR>[Calls]<UL><LI><a href="#[bf]">&gt;&gt;</a>&nbsp;&nbsp;&nbsp;DMA_RequestRemap
<LI><a href="#[be]">&gt;&gt;</a>&nbsp;&nbsp;&nbsp;DMA_Init
<LI><a href="#[bd]">&gt;&gt;</a>&nbsp;&nbsp;&nbsp;DMA_DeInit
<LI><a href="#[bc]">&gt;&gt;</a>&nbsp;&nbsp;&nbsp;RCC_EnableAHBPeriphClk
<LI><a href="#[c0]">&gt;&gt;</a>&nbsp;&nbsp;&nbsp;SPI_I2S_EnableDma
</UL>
<BR>[Called By]<UL><LI><a href="#[c7]">&gt;&gt;</a>&nbsp;&nbsp;&nbsp;LCD_Init
</UL>

<P><STRONG><a name="[c1]"></a>LCD_DMA_color</STRONG> (Thumb, 20 bytes, Stack size 16 bytes, sc_lcd.o(i.LCD_DMA_color))
<BR><BR>[Stack]<UL><LI>Max Depth = 124<LI>Call Chain = LCD_DMA_color &rArr; LCD_Color_Fill &rArr; LCD_SPI_DMA_Send_Fast &rArr; DMA_Init
</UL>
<BR>[Calls]<UL><LI><a href="#[b6]">&gt;&gt;</a>&nbsp;&nbsp;&nbsp;LCD_Color_Fill
</UL>
<BR>[Called By]<UL><LI><a href="#[e8]">&gt;&gt;</a>&nbsp;&nbsp;&nbsp;SC_Refresh
</UL>

<P><STRONG><a name="[c2]"></a>LCD_Display_Dir</STRONG> (Thumb, 156 bytes, Stack size 24 bytes, lcd.o(i.LCD_Display_Dir))
<BR><BR>[Stack]<UL><LI>Max Depth = 48<LI>Call Chain = LCD_Display_Dir &rArr; LCD_WR_DATA_16_Fast
</UL>
<BR>[Calls]<UL><LI><a href="#[c3]">&gt;&gt;</a>&nbsp;&nbsp;&nbsp;LCD_WR_REG_Fast
<LI><a href="#[c4]">&gt;&gt;</a>&nbsp;&nbsp;&nbsp;LCD_WR_DATA_Fast
<LI><a href="#[b5]">&gt;&gt;</a>&nbsp;&nbsp;&nbsp;LCD_WR_DATA_16_Fast
</UL>
<BR>[Called By]<UL><LI><a href="#[c7]">&gt;&gt;</a>&nbsp;&nbsp;&nbsp;LCD_Init
<LI><a href="#[2c]">&gt;&gt;</a>&nbsp;&nbsp;&nbsp;main
</UL>

<P><STRONG><a name="[3b]"></a>LCD_Fast_DrawPoint</STRONG> (Thumb, 20 bytes, Stack size 8 bytes, lcd.o(i.LCD_Fast_DrawPoint))
<BR><BR>[Stack]<UL><LI>Max Depth = 48<LI>Call Chain = LCD_Fast_DrawPoint &rArr; LCD_SetCursor &rArr; LCD_WR_DATA_16_Fast
</UL>
<BR>[Calls]<UL><LI><a href="#[c5]">&gt;&gt;</a>&nbsp;&nbsp;&nbsp;LCD_WriteReg
<LI><a href="#[b0]">&gt;&gt;</a>&nbsp;&nbsp;&nbsp;LCD_SetCursor
</UL>
<BR>[Address Reference Count : 1]<UL><LI> main.o(i.main)
</UL>
<P><STRONG><a name="[c6]"></a>LCD_Fill</STRONG> (Thumb, 60 bytes, Stack size 40 bytes, lcd.o(i.LCD_Fill))
<BR><BR>[Stack]<UL><LI>Max Depth = 80<LI>Call Chain = LCD_Fill &rArr; LCD_SetCursor &rArr; LCD_WR_DATA_16_Fast
</UL>
<BR>[Calls]<UL><LI><a href="#[b1]">&gt;&gt;</a>&nbsp;&nbsp;&nbsp;LCD_WriteRAM_Prepare
<LI><a href="#[b5]">&gt;&gt;</a>&nbsp;&nbsp;&nbsp;LCD_WR_DATA_16_Fast
<LI><a href="#[b0]">&gt;&gt;</a>&nbsp;&nbsp;&nbsp;LCD_SetCursor
</UL>
<BR>[Called By]<UL><LI><a href="#[1b6]">&gt;&gt;</a>&nbsp;&nbsp;&nbsp;render_qr
</UL>

<P><STRONG><a name="[c7]"></a>LCD_Init</STRONG> (Thumb, 576 bytes, Stack size 16 bytes, lcd.o(i.LCD_Init))
<BR><BR>[Stack]<UL><LI>Max Depth = 100<LI>Call Chain = LCD_Init &rArr; LCD_SPI_Init &rArr; GPIO_InitPeripheral
</UL>
<BR>[Calls]<UL><LI><a href="#[b9]">&gt;&gt;</a>&nbsp;&nbsp;&nbsp;GPIO_SetBits
<LI><a href="#[b8]">&gt;&gt;</a>&nbsp;&nbsp;&nbsp;GPIO_ResetBits
<LI><a href="#[c2]">&gt;&gt;</a>&nbsp;&nbsp;&nbsp;LCD_Display_Dir
<LI><a href="#[c3]">&gt;&gt;</a>&nbsp;&nbsp;&nbsp;LCD_WR_REG_Fast
<LI><a href="#[c4]">&gt;&gt;</a>&nbsp;&nbsp;&nbsp;LCD_WR_DATA_Fast
<LI><a href="#[c8]">&gt;&gt;</a>&nbsp;&nbsp;&nbsp;LCD_SPI_Init
<LI><a href="#[bb]">&gt;&gt;</a>&nbsp;&nbsp;&nbsp;LCD_DMA_Init
</UL>
<BR>[Called By]<UL><LI><a href="#[2c]">&gt;&gt;</a>&nbsp;&nbsp;&nbsp;main
</UL>

<P><STRONG><a name="[b3]"></a>LCD_SPI_DMA_Send</STRONG> (Thumb, 122 bytes, Stack size 72 bytes, lcd.o(i.LCD_SPI_DMA_Send))
<BR><BR>[Stack]<UL><LI>Max Depth = 84<LI>Call Chain = LCD_SPI_DMA_Send &rArr; DMA_Init
</UL>
<BR>[Calls]<UL><LI><a href="#[bf]">&gt;&gt;</a>&nbsp;&nbsp;&nbsp;DMA_RequestRemap
<LI><a href="#[be]">&gt;&gt;</a>&nbsp;&nbsp;&nbsp;DMA_Init
<LI><a href="#[9a]">&gt;&gt;</a>&nbsp;&nbsp;&nbsp;DMA_EnableChannel
<LI><a href="#[bd]">&gt;&gt;</a>&nbsp;&nbsp;&nbsp;DMA_DeInit
<LI><a href="#[9b]">&gt;&gt;</a>&nbsp;&nbsp;&nbsp;DMA_ConfigInt
<LI><a href="#[c9]">&gt;&gt;</a>&nbsp;&nbsp;&nbsp;DMA_ClearFlag
</UL>
<BR>[Called By]<UL><LI><a href="#[af]">&gt;&gt;</a>&nbsp;&nbsp;&nbsp;LCD_Clear
</UL>

<P><STRONG><a name="[ba]"></a>LCD_SPI_DMA_Send_Fast</STRONG> (Thumb, 114 bytes, Stack size 72 bytes, lcd.o(i.LCD_SPI_DMA_Send_Fast))
<BR><BR>[Stack]<UL><LI>Max Depth = 84<LI>Call Chain = LCD_SPI_DMA_Send_Fast &rArr; DMA_Init
</UL>
<BR>[Calls]<UL><LI><a href="#[bf]">&gt;&gt;</a>&nbsp;&nbsp;&nbsp;DMA_RequestRemap
<LI><a href="#[be]">&gt;&gt;</a>&nbsp;&nbsp;&nbsp;DMA_Init
<LI><a href="#[ca]">&gt;&gt;</a>&nbsp;&nbsp;&nbsp;DMA_GetFlagStatus
<LI><a href="#[9a]">&gt;&gt;</a>&nbsp;&nbsp;&nbsp;DMA_EnableChannel
<LI><a href="#[bd]">&gt;&gt;</a>&nbsp;&nbsp;&nbsp;DMA_DeInit
<LI><a href="#[c9]">&gt;&gt;</a>&nbsp;&nbsp;&nbsp;DMA_ClearFlag
</UL>
<BR>[Called By]<UL><LI><a href="#[b6]">&gt;&gt;</a>&nbsp;&nbsp;&nbsp;LCD_Color_Fill
</UL>

<P><STRONG><a name="[c8]"></a>LCD_SPI_Init</STRONG> (Thumb, 190 bytes, Stack size 64 bytes, lcd.o(i.LCD_SPI_Init))
<BR><BR>[Stack]<UL><LI>Max Depth = 84<LI>Call Chain = LCD_SPI_Init &rArr; GPIO_InitPeripheral
</UL>
<BR>[Calls]<UL><LI><a href="#[b9]">&gt;&gt;</a>&nbsp;&nbsp;&nbsp;GPIO_SetBits
<LI><a href="#[cc]">&gt;&gt;</a>&nbsp;&nbsp;&nbsp;GPIO_InitStruct
<LI><a href="#[cd]">&gt;&gt;</a>&nbsp;&nbsp;&nbsp;GPIO_InitPeripheral
<LI><a href="#[cb]">&gt;&gt;</a>&nbsp;&nbsp;&nbsp;RCC_EnableAPB2PeriphClk
[...]
</UL>
<BR>[Called By]<UL><LI><a href="#[138]">&gt;&gt;</a>&nbsp;&nbsp;&nbsp;app_rtc_init
</UL>

<P><STRONG><a name="[146]"></a>apply_mask</STRONG> (Thumb, 90 bytes, Stack size 40 bytes, qrcodegen.o(i.apply_mask))
<BR><BR>[Stack]<UL><LI>Max Depth = 84<LI>Call Chain = apply_mask &rArr; mask_bit &rArr; __aeabi_idivmod &rArr; __aeabi_uidivmod
</UL>
<BR>[Calls]<UL><LI><a href="#[148]">&gt;&gt;</a>&nbsp;&nbsp;&nbsp;mask_bit
<LI><a href="#[149]">&gt;&gt;</a>&nbsp;&nbsp;&nbsp;bit_set
<LI><a href="#[147]">&gt;&gt;</a>&nbsp;&nbsp;&nbsp;bit_get
</UL>
<BR>[Called By]<UL><LI><a href="#[1c4]">&gt;&gt;</a>&nbsp;&nbsp;&nbsp;qr_encode_bytes
</UL>

<P><STRONG><a name="[147]"></a>bit_get</STRONG> (Thumb, 20 bytes, Stack size 0 bytes, qrcodegen.o(i.bit_get))
<BR><BR>[Called By]<UL><LI><a href="#[1c8]">&gt;&gt;</a>&nbsp;&nbsp;&nbsp;qr_get_module
<LI><a href="#[1b4]">&gt;&gt;</a>&nbsp;&nbsp;&nbsp;place_codewords
<LI><a href="#[1b3]">&gt;&gt;</a>&nbsp;&nbsp;&nbsp;penalty_score
<LI><a href="#[146]">&gt;&gt;</a>&nbsp;&nbsp;&nbsp;apply_mask
</UL>

<P><STRONG><a name="[149]"></a>bit_set</STRONG> (Thumb, 42 bytes, Stack size 16 bytes, qrcodegen.o(i.bit_set))
<BR><BR>[Stack]<UL><LI>Max Depth = 16<LI>Call Chain = bit_set
</UL>
<BR>[Called By]<UL><LI><a href="#[1b4]">&gt;&gt;</a>&nbsp;&nbsp;&nbsp;place_codewords
<LI><a href="#[165]">&gt;&gt;</a>&nbsp;&nbsp;&nbsp;draw_version_info
<LI><a href="#[164]">&gt;&gt;</a>&nbsp;&nbsp;&nbsp;draw_function_patterns
<LI><a href="#[163]">&gt;&gt;</a>&nbsp;&nbsp;&nbsp;draw_format_info
<LI><a href="#[162]">&gt;&gt;</a>&nbsp;&nbsp;&nbsp;draw_finder
<LI><a href="#[160]">&gt;&gt;</a>&nbsp;&nbsp;&nbsp;draw_alignment
<LI><a href="#[146]">&gt;&gt;</a>&nbsp;&nbsp;&nbsp;apply_mask
</UL>

<P><STRONG><a name="[1c5]"></a>bs_append</STRONG> (Thumb, 68 bytes, Stack size 20 bytes, qrcodegen.o(i.bs_append))
<BR><BR>[Stack]<UL><LI>Max Depth = 20<LI>Call Chain = bs_append
</UL>
<BR>[Called By]<UL><LI><a href="#[1c4]">&gt;&gt;</a>&nbsp;&nbsp;&nbsp;qr_encode_bytes
</UL>

<P><STRONG><a name="[160]"></a>draw_alignment</STRONG> (Thumb, 104 bytes, Stack size 40 bytes, qrcodegen.o(i.draw_alignment))
<BR><BR>[Stack]<UL><LI>Max Depth = 56<LI>Call Chain = draw_alignment &rArr; bit_set
</UL>
<BR>[Calls]<UL><LI><a href="#[161]">&gt;&gt;</a>&nbsp;&nbsp;&nbsp;iabs_
<LI><a href="#[149]">&gt;&gt;</a>&nbsp;&nbsp;&nbsp;bit_set
</UL>
<BR>[Called By]<UL><LI><a href="#[164]">&gt;&gt;</a>&nbsp;&nbsp;&nbsp;draw_function_patterns
</UL>

<P><STRONG><a name="[162]"></a>draw_finder</STRONG> (Thumb, 136 bytes, Stack size 48 bytes, qrcodegen.o(i.draw_finder))
<BR><BR>[Stack]<UL><LI>Max Depth = 64<LI>Call Chain = draw_finder &rArr; bit_set
</UL>
<BR>[Calls]<UL><LI><a href="#[161]">&gt;&gt;</a>&nbsp;&nbsp;&nbsp;iabs_
<LI><a href="#[149]">&gt;&gt;</a>&nbsp;&nbsp;&nbsp;bit_set
</UL>
<BR>[Called By]<UL><LI><a href="#[164]">&gt;&gt;</a>&nbsp;&nbsp;&nbsp;draw_function_patterns
</UL>

<P><STRONG><a name="[163]"></a>draw_format_info</STRONG> (Thumb, 222 bytes, Stack size 40 bytes, qrcodegen.o(i.draw_format_info))
<BR><BR>[Stack]<UL><LI>Max Depth = 56<LI>Call Chain = draw_format_info &rArr; bit_set
</UL>
<BR>[Calls]<UL><LI><a href="#[149]">&gt;&gt;</a>&nbsp;&nbsp;&nbsp;bit_set
</UL>
<BR>[Called By]<UL><LI><a href="#[1c4]">&gt;&gt;</a>&nbsp;&nbsp;&nbsp;qr_encode_bytes
</UL>

<P><STRONG><a name="[164]"></a>draw_function_patterns</STRONG> (Thumb, 388 bytes, Stack size 48 bytes, qrcodegen.o(i.draw_function_patterns))
<BR><BR>[Stack]<UL><LI>Max Depth = 112<LI>Call Chain = draw_function_patterns &rArr; draw_finder &rArr; bit_set
</UL>
<BR>[Calls]<UL><LI><a href="#[162]">&gt;&gt;</a>&nbsp;&nbsp;&nbsp;draw_finder
<LI><a href="#[160]">&gt;&gt;</a>&nbsp;&nbsp;&nbsp;draw_alignment
<LI><a href="#[149]">&gt;&gt;</a>&nbsp;&nbsp;&nbsp;bit_set
</UL>
<BR>[Called By]<UL><LI><a href="#[1c4]">&gt;&gt;</a>&nbsp;&nbsp;&nbsp;qr_encode_bytes
</UL>

<P><STRONG><a name="[165]"></a>draw_version_info</STRONG> (Thumb, 98 bytes, Stack size 40 bytes, qrcodegen.o(i.draw_version_info))
<BR><BR>[Stack]<UL><LI>Max Depth = 68<LI>Call Chain = draw_version_info &rArr; __aeabi_idivmod &rArr; __aeabi_uidivmod
</UL>
<BR>[Calls]<UL><LI><a href="#[149]">&gt;&gt;</a>&nbsp;&nbsp;&nbsp;bit_set
<LI><a href="#[88]">&gt;&gt;</a>&nbsp;&nbsp;&nbsp;__aeabi_idivmod
</UL>
<BR>[Called By]<UL><LI><a href="#[1c4]">&gt;&gt;</a>&nbsp;&nbsp;&nbsp;qr_encode_bytes
</UL>

<P><STRONG><a name="[1c6]"></a>gf_mul</STRONG> (Thumb, 26 bytes, Stack size 0 bytes, qrcodegen.o(i.gf_mul))
<BR><BR>[Called By]<UL><LI><a href="#[1c4]">&gt;&gt;</a>&nbsp;&nbsp;&nbsp;qr_encode_bytes
</UL>

<P><STRONG><a name="[161]"></a>iabs_</STRONG> (Thumb, 8 bytes, Stack size 0 bytes, qrcodegen.o(i.iabs_))
<BR><BR>[Called By]<UL><LI><a href="#[162]">&gt;&gt;</a>&nbsp;&nbsp;&nbsp;draw_finder
<LI><a href="#[160]">&gt;&gt;</a>&nbsp;&nbsp;&nbsp;draw_alignment
</UL>

<P><STRONG><a name="[148]"></a>mask_bit</STRONG> (Thumb, 132 bytes, Stack size 16 bytes, qrcodegen.o(i.mask_bit))
<BR><BR>[Stack]<UL><LI>Max Depth = 44<LI>Call Chain = mask_bit &rArr; __aeabi_idivmod &rArr; __aeabi_uidivmod
</UL>
<BR>[Calls]<UL><LI><a href="#[a3]">&gt;&gt;</a>&nbsp;&nbsp;&nbsp;__ARM_common_switch8
<LI><a href="#[88]">&gt;&gt;</a>&nbsp;&nbsp;&nbsp;__aeabi_idivmod
</UL>
<BR>[Called By]<UL><LI><a href="#[146]">&gt;&gt;</a>&nbsp;&nbsp;&nbsp;apply_mask
</UL>

<P><STRONG><a name="[1b3]"></a>penalty_score</STRONG> (Thumb, 506 bytes, Stack size 72 bytes, qrcodegen.o(i.penalty_score))
<BR><BR>[Stack]<UL><LI>Max Depth = 100<LI>Call Chain = penalty_score &rArr; __aeabi_idivmod &rArr; __aeabi_uidivmod
</UL>
<BR>[Calls]<UL><LI><a href="#[147]">&gt;&gt;</a>&nbsp;&nbsp;&nbsp;bit_get
<LI><a href="#[88]">&gt;&gt;</a>&nbsp;&nbsp;&nbsp;__aeabi_idivmod
</UL>
<BR>[Called By]<UL><LI><a href="#[1c4]">&gt;&gt;</a>&nbsp;&nbsp;&nbsp;qr_encode_bytes
</UL>

<P><STRONG><a name="[1b4]"></a>place_codewords</STRONG> (Thumb, 152 bytes, Stack size 64 bytes, qrcodegen.o(i.place_codewords))
<BR><BR>[Stack]<UL><LI>Max Depth = 80<LI>Call Chain = place_codewords &rArr; bit_set
</UL>
<BR>[Calls]<UL><LI><a href="#[149]">&gt;&gt;</a>&nbsp;&nbsp;&nbsp;bit_set
<LI><a href="#[147]">&gt;&gt;</a>&nbsp;&nbsp;&nbsp;bit_get
</UL>
<BR>[Called By]<UL><LI><a href="#[1c4]">&gt;&gt;</a>&nbsp;&nbsp;&nbsp;qr_encode_bytes
</UL>

<P><STRONG><a name="[1ba]"></a>prvAddCurrentTaskToDelayedList</STRONG> (Thumb, 78 bytes, Stack size 24 bytes, tasks.o(i.prvAddCurrentTaskToDelayedList))
<BR><BR>[Stack]<UL><LI>Max Depth = 36<LI>Call Chain = prvAddCurrentTaskToDelayedList &rArr; vListInsert
</UL>
<BR>[Calls]<UL><LI><a href="#[1bc]">&gt;&gt;</a>&nbsp;&nbsp;&nbsp;vListInsertEnd
<LI><a href="#[1bd]">&gt;&gt;</a>&nbsp;&nbsp;&nbsp;vListInsert
<LI><a href="#[1bb]">&gt;&gt;</a>&nbsp;&nbsp;&nbsp;uxListRemove
</UL>
<BR>[Called By]<UL><LI><a href="#[1ee]">&gt;&gt;</a>&nbsp;&nbsp;&nbsp;ulTaskNotifyTake
</UL>

<P><STRONG><a name="[1be]"></a>prvAddNewTaskToReadyList</STRONG> (Thumb, 168 bytes, Stack size 24 bytes, tasks.o(i.prvAddNewTaskToReadyList))
<BR><BR>[Stack]<UL><LI>Max Depth = 24<LI>Call Chain = prvAddNewTaskToReadyList
</UL>
<BR>[Calls]<UL><LI><a href="#[1c0]">&gt;&gt;</a>&nbsp;&nbsp;&nbsp;vPortYield
<LI><a href="#[1bc]">&gt;&gt;</a>&nbsp;&nbsp;&nbsp;vListInsertEnd
<LI><a href="#[1bf]">&gt;&gt;</a>&nbsp;&nbsp;&nbsp;vListInitialise
<LI><a href="#[145]">&gt;&gt;</a>&nbsp;&nbsp;&nbsp;vPortExitCritical
<LI><a href="#[144]">&gt;&gt;</a>&nbsp;&nbsp;&nbsp;vPortEnterCritical
</UL>
<BR>[Called By]<UL><LI><a href="#[1a2]">&gt;&gt;</a>&nbsp;&nbsp;&nbsp;xTaskCreateStatic
</UL>

<P><STRONG><a name="[44]"></a>prvIdleTask</STRONG> (Thumb, 14 bytes, Stack size 0 bytes, tasks.o(i.prvIdleTask))
<BR><BR>[Calls]<UL><LI><a href="#[1c0]">&gt;&gt;</a>&nbsp;&nbsp;&nbsp;vPortYield
</UL>
<BR>[Address Reference Count : 1]<UL><LI> tasks.o(i.vTaskStartScheduler)
</UL>
<P><STRONG><a name="[1c1]"></a>prvInitialiseNewTask</STRONG> (Thumb, 112 bytes, Stack size 40 bytes, tasks.o(i.prvInitialiseNewTask))
<BR><BR>[Stack]<UL><LI>Max Depth = 48<LI>Call Chain = prvInitialiseNewTask &rArr; pxPortInitialiseStack
</UL>
<BR>[Calls]<UL><LI><a href="#[1c2]">&gt;&gt;</a>&nbsp;&nbsp;&nbsp;vListInitialiseItem
<LI><a href="#[1c3]">&gt;&gt;</a>&nbsp;&nbsp;&nbsp;pxPortInitialiseStack
</UL>
<BR>[Called By]<UL><LI><a href="#[1a2]">&gt;&gt;</a>&nbsp;&nbsp;&nbsp;xTaskCreateStatic
</UL>

<P><STRONG><a name="[1f2]"></a>prvResetNextTaskUnblockTime</STRONG> (Thumb, 28 bytes, Stack size 0 bytes, tasks.o(i.prvResetNextTaskUnblockTime))
<BR><BR>[Called By]<UL><LI><a href="#[f6]">&gt;&gt;</a>&nbsp;&nbsp;&nbsp;xTaskIncrementTick
</UL>

<P><STRONG><a name="[43]"></a>prvTaskExitError</STRONG> (Thumb, 4 bytes, Stack size 0 bytes, port.o(i.prvTaskExitError))
<BR>[Address Reference Count : 1]<UL><LI> port.o(i.pxPortInitialiseStack)
</UL>
<P><STRONG><a name="[1]"></a>__user_font_get_bitmap</STRONG> (Thumb, 70 bytes, Stack size 16 bytes, lv_font_12.o(i.__user_font_get_bitmap))
<BR><BR>[Stack]<UL><LI>Max Depth = 28<LI>Call Chain = __user_font_get_bitmap &rArr; binsearch
</UL>
<BR>[Calls]<UL><LI><a href="#[101]">&gt;&gt;</a>&nbsp;&nbsp;&nbsp;binsearch
</UL>
<BR>[Address Reference Count : 1]<UL><LI> lv_font_12.o(.data)
</UL>
<P><STRONG><a name="[0]"></a>__user_font_get_glyph_dsc</STRONG> (Thumb, 98 bytes, Stack size 16 bytes, lv_font_12.o(i.__user_font_get_glyph_dsc))
<BR><BR>[Stack]<UL><LI>Max Depth = 28<LI>Call Chain = __user_font_get_glyph_dsc &rArr; binsearch
</UL>
<BR>[Calls]<UL><LI><a href="#[101]">&gt;&gt;</a>&nbsp;&nbsp;&nbsp;binsearch
</UL>
<BR>[Address Reference Count : 1]<UL><LI> lv_font_12.o(.data)
</UL>
<P><STRONG><a name="[101]"></a>binsearch</STRONG> (Thumb, 42 bytes, Stack size 12 bytes, lv_font_12.o(i.binsearch))
<BR><BR>[Stack]<UL><LI>Max Depth = 12<LI>Call Chain = binsearch
</UL>
<BR>[Called By]<UL><LI><a href="#[0]">&gt;&gt;</a>&nbsp;&nbsp;&nbsp;__user_font_get_glyph_dsc
<LI><a href="#[1]">&gt;&gt;</a>&nbsp;&nbsp;&nbsp;__user_font_get_bitmap
</UL>

<P><STRONG><a name="[3]"></a>__user_font_get_bitmap</STRONG> (Thumb, 70 bytes, Stack size 16 bytes, lv_font_16.o(i.__user_font_get_bitmap))
<BR><BR>[Stack]<UL><LI>Max Depth = 28<LI>Call Chain = __user_font_get_bitmap &rArr; binsearch
</UL>
<BR>[Calls]<UL><LI><a href="#[102]">&gt;&gt;</a>&nbsp;&nbsp;&nbsp;binsearch
</UL>
<BR>[Address Reference Count : 1]<UL><LI> lv_font_16.o(.data)
</UL>
<P><STRONG><a name="[2]"></a>__user_font_get_glyph_dsc</STRONG> (Thumb, 98 bytes, Stack size 16 bytes, lv_font_16.o(i.__user_font_get_glyph_dsc))
<BR><BR>[Stack]<UL><LI>Max Depth = 28<LI>Call Chain = __user_font_get_glyph_dsc &rArr; binsearch
</UL>
<BR>[Calls]<UL><LI><a href="#[102]">&gt;&gt;</a>&nbsp;&nbsp;&nbsp;binsearch
</UL>
<BR>[Address Reference Count : 1]<UL><LI> lv_font_16.o(.data)
</UL>
<P><STRONG><a name="[102]"></a>binsearch</STRONG> (Thumb, 42 bytes, Stack size 12 bytes, lv_font_16.o(i.binsearch))
<BR><BR>[Stack]<UL><LI>Max Depth = 12<LI>Call Chain = binsearch
</UL>
<BR>[Called By]<UL><LI><a href="#[2]">&gt;&gt;</a>&nbsp;&nbsp;&nbsp;__user_font_get_glyph_dsc
<LI><a href="#[3]">&gt;&gt;</a>&nbsp;&nbsp;&nbsp;__user_font_get_bitmap
</UL>

<P><STRONG><a name="[5]"></a>__user_font_get_bitmap</STRONG> (Thumb, 70 bytes, Stack size 16 bytes, lv_font_20.o(i.__user_font_get_bitmap))
<BR><BR>[Stack]<UL><LI>Max Depth = 28<LI>Call Chain = __user_font_get_bitmap &rArr; binsearch
</UL>
<BR>[Calls]<UL><LI><a href="#[103]">&gt;&gt;</a>&nbsp;&nbsp;&nbsp;binsearch
</UL>
<BR>[Address Reference Count : 1]<UL><LI> lv_font_20.o(.data)
</UL>
<P><STRONG><a name="[4]"></a>__user_font_get_glyph_dsc</STRONG> (Thumb, 98 bytes, Stack size 16 bytes, lv_font_20.o(i.__user_font_get_glyph_dsc))
<BR><BR>[Stack]<UL><LI>Max Depth = 28<LI>Call Chain = __user_font_get_glyph_dsc &rArr; binsearch
</UL>
<BR>[Calls]<UL><LI><a href="#[103]">&gt;&gt;</a>&nbsp;&nbsp;&nbsp;binsearch
</UL>
<BR>[Address Reference Count : 1]<UL><LI> lv_font_20.o(.data)
</UL>
<P><STRONG><a name="[103]"></a>binsearch</STRONG> (Thumb, 42 bytes, Stack size 12 bytes, lv_font_20.o(i.binsearch))
<BR><BR>[Stack]<UL><LI>Max Depth = 12<LI>Call Chain = binsearch
</UL>
<BR>[Called By]<UL><LI><a href="#[4]">&gt;&gt;</a>&nbsp;&nbsp;&nbsp;__user_font_get_glyph_dsc
<LI><a href="#[5]">&gt;&gt;</a>&nbsp;&nbsp;&nbsp;__user_font_get_bitmap
</UL>

<P><STRONG><a name="[1ea]"></a>sc_widget_touch_rel</STRONG> (Thumb, 136 bytes, Stack size 24 bytes, sc_obj_widget.o(i.sc_widget_touch_rel))
<BR><BR>[Stack]<UL><LI>Max Depth = 52<LI>Call Chain = sc_widget_touch_rel &rArr; __aeabi_idivmod &rArr; __aeabi_uidivmod
</UL>
<BR>[Calls]<UL><LI><a href="#[14f]">&gt;&gt;</a>&nbsp;&nbsp;&nbsp;sc_widget_move_pos
<LI><a href="#[88]">&gt;&gt;</a>&nbsp;&nbsp;&nbsp;__aeabi_idivmod
</UL>
<BR>[Called By]<UL><LI><a href="#[190]">&gt;&gt;</a>&nbsp;&nbsp;&nbsp;sc_widget_draw_screen
</UL>

<P><STRONG><a name="[1b5]"></a>force_redraw_widgets</STRONG> (Thumb, 168 bytes, Stack size 0 bytes, app_gui.o(i.force_redraw_widgets))
<BR><BR>[Called By]<UL><LI><a href="#[127]">&gt;&gt;</a>&nbsp;&nbsp;&nbsp;poll_keys
</UL>

<P><STRONG><a name="[166]"></a>format_code</STRONG> (Thumb, 14 bytes, Stack size 8 bytes, app_gui.o(i.format_code))
<BR><BR>[Stack]<UL><LI>Max Depth = 40<LI>Call Chain = format_code &rArr; __2snprintf
</UL>
<BR>[Calls]<UL><LI><a href="#[129]">&gt;&gt;</a>&nbsp;&nbsp;&nbsp;__2snprintf
</UL>
<BR>[Called By]<UL><LI><a href="#[12f]">&gt;&gt;</a>&nbsp;&nbsp;&nbsp;render_running
</UL>

<P><STRONG><a name="[127]"></a>poll_keys</STRONG> (Thumb, 102 bytes, Stack size 16 bytes, app_gui.o(i.poll_keys))
<BR><BR>[Stack]<UL><LI>Max Depth = 624<LI>Call Chain = poll_keys &rArr; render_qr &rArr; qr_encode_bytes &rArr; draw_function_patterns &rArr; draw_finder &rArr; bit_set
</UL>
<BR>[Calls]<UL><LI><a href="#[12c]">&gt;&gt;</a>&nbsp;&nbsp;&nbsp;app_rtc_is_time_set
<LI><a href="#[af]">&gt;&gt;</a>&nbsp;&nbsp;&nbsp;LCD_Clear
<LI><a href="#[12b]">&gt;&gt;</a>&nbsp;&nbsp;&nbsp;app_totp_ble_get_keylen
<LI><a href="#[1b6]">&gt;&gt;</a>&nbsp;&nbsp;&nbsp;render_qr
<LI><a href="#[1b5]">&gt;&gt;</a>&nbsp;&nbsp;&nbsp;force_redraw_widgets
</UL>
<BR>[Called By]<UL><LI><a href="#[3c]">&gt;&gt;</a>&nbsp;&nbsp;&nbsp;app_gui_task
</UL>

<P><STRONG><a name="[12a]"></a>render_debug</STRONG> (Thumb, 176 bytes, Stack size 40 bytes, app_gui.o(i.render_debug))
<BR><BR>[Stack]<UL><LI>Max Depth = 72<LI>Call Chain = render_debug &rArr; __2snprintf
</UL>
<BR>[Calls]<UL><LI><a href="#[1cf]">&gt;&gt;</a>&nbsp;&nbsp;&nbsp;app_totp_ble_rx_count
<LI><a href="#[1d0]">&gt;&gt;</a>&nbsp;&nbsp;&nbsp;app_totp_ble_last_rx_len
<LI><a href="#[1d1]">&gt;&gt;</a>&nbsp;&nbsp;&nbsp;app_totp_ble_last_rx_handle
<LI><a href="#[1d2]">&gt;&gt;</a>&nbsp;&nbsp;&nbsp;app_totp_ble_last_rx_data
<LI><a href="#[1ce]">&gt;&gt;</a>&nbsp;&nbsp;&nbsp;app_totp_ble_add_count
<LI><a href="#[125]">&gt;&gt;</a>&nbsp;&nbsp;&nbsp;sc_set_label_text
<LI><a href="#[129]">&gt;&gt;</a>&nbsp;&nbsp;&nbsp;__2snprintf
</UL>
<BR>[Called By]<UL><LI><a href="#[3c]">&gt;&gt;</a>&nbsp;&nbsp;&nbsp;app_gui_task
</UL>

<P><STRONG><a name="[1b6]"></a>render_qr</STRONG> (Thumb, 224 bytes, Stack size 384 bytes, app_gui.o(i.render_qr))
<BR><BR>[Stack]<UL><LI>Max Depth = 608<LI>Call Chain = render_qr &rArr; qr_encode_bytes &rArr; draw_function_patterns &rArr; draw_finder &rArr; bit_set
</UL>
<BR>[Calls]<UL><LI><a href="#[1c8]">&gt;&gt;</a>&nbsp;&nbsp;&nbsp;qr_get_module
<LI><a href="#[1c4]">&gt;&gt;</a>&nbsp;&nbsp;&nbsp;qr_encode_bytes
<LI><a href="#[14d]">&gt;&gt;</a>&nbsp;&nbsp;&nbsp;base32_encode
<LI><a href="#[af]">&gt;&gt;</a>&nbsp;&nbsp;&nbsp;LCD_Clear
<LI><a href="#[12b]">&gt;&gt;</a>&nbsp;&nbsp;&nbsp;app_totp_ble_get_keylen
<LI><a href="#[142]">&gt;&gt;</a>&nbsp;&nbsp;&nbsp;app_totp_ble_get_key
<LI><a href="#[c6]">&gt;&gt;</a>&nbsp;&nbsp;&nbsp;LCD_Fill
<LI><a href="#[88]">&gt;&gt;</a>&nbsp;&nbsp;&nbsp;__aeabi_idivmod
<LI><a href="#[129]">&gt;&gt;</a>&nbsp;&nbsp;&nbsp;__2snprintf
</UL>
<BR>[Called By]<UL><LI><a href="#[127]">&gt;&gt;</a>&nbsp;&nbsp;&nbsp;poll_keys
</UL>

<P><STRONG><a name="[12f]"></a>render_running</STRONG> (Thumb, 252 bytes, Stack size 32 bytes, app_gui.o(i.render_running))
<BR><BR>[Stack]<UL><LI>Max Depth = 856<LI>Call Chain = render_running &rArr; totp_compute &rArr; hmac_sha1 &rArr; sha1_final &rArr; sha1_update &rArr; sha1_transform
</UL>
<BR>[Calls]<UL><LI><a href="#[1d3]">&gt;&gt;</a>&nbsp;&nbsp;&nbsp;totp_counter_of
<LI><a href="#[143]">&gt;&gt;</a>&nbsp;&nbsp;&nbsp;totp_compute
<LI><a href="#[12b]">&gt;&gt;</a>&nbsp;&nbsp;&nbsp;app_totp_ble_get_keylen
<LI><a href="#[142]">&gt;&gt;</a>&nbsp;&nbsp;&nbsp;app_totp_ble_get_key
<LI><a href="#[125]">&gt;&gt;</a>&nbsp;&nbsp;&nbsp;sc_set_label_text
<LI><a href="#[1d4]">&gt;&gt;</a>&nbsp;&nbsp;&nbsp;set_progress
<LI><a href="#[166]">&gt;&gt;</a>&nbsp;&nbsp;&nbsp;format_code
<LI><a href="#[8a]">&gt;&gt;</a>&nbsp;&nbsp;&nbsp;__aeabi_uldivmod
<LI><a href="#[89]">&gt;&gt;</a>&nbsp;&nbsp;&nbsp;__aeabi_uidivmod
<LI><a href="#[129]">&gt;&gt;</a>&nbsp;&nbsp;&nbsp;__2snprintf
</UL>
<BR>[Called By]<UL><LI><a href="#[3c]">&gt;&gt;</a>&nbsp;&nbsp;&nbsp;app_gui_task
</UL>

<P><STRONG><a name="[12e]"></a>render_title_clock</STRONG> (Thumb, 120 bytes, Stack size 24 bytes, app_gui.o(i.render_title_clock))
<BR><BR>[Stack]<UL><LI>Max Depth = 104<LI>Call Chain = render_title_clock &rArr; __aeabi_ldivmod &rArr; __aeabi_uldivmod &rArr; __aeabi_llsr
</UL>
<BR>[Calls]<UL><LI><a href="#[1d5]">&gt;&gt;</a>&nbsp;&nbsp;&nbsp;app_totp_ble_get_tz_offset
<LI><a href="#[125]">&gt;&gt;</a>&nbsp;&nbsp;&nbsp;sc_set_label_text
<LI><a href="#[8d]">&gt;&gt;</a>&nbsp;&nbsp;&nbsp;__aeabi_ldivmod
<LI><a href="#[89]">&gt;&gt;</a>&nbsp;&nbsp;&nbsp;__aeabi_uidivmod
<LI><a href="#[129]">&gt;&gt;</a>&nbsp;&nbsp;&nbsp;__2snprintf
</UL>
<BR>[Called By]<UL><LI><a href="#[3c]">&gt;&gt;</a>&nbsp;&nbsp;&nbsp;app_gui_task
</UL>

<P><STRONG><a name="[130]"></a>render_waiting</STRONG> (Thumb, 148 bytes, Stack size 24 bytes, app_gui.o(i.render_waiting))
<BR><BR>[Stack]<UL><LI>Max Depth = 56<LI>Call Chain = render_waiting &rArr; __2snprintf
</UL>
<BR>[Calls]<UL><LI><a href="#[12c]">&gt;&gt;</a>&nbsp;&nbsp;&nbsp;app_rtc_is_time_set
<LI><a href="#[12b]">&gt;&gt;</a>&nbsp;&nbsp;&nbsp;app_totp_ble_get_keylen
<LI><a href="#[125]">&gt;&gt;</a>&nbsp;&nbsp;&nbsp;sc_set_label_text
<LI><a href="#[1d4]">&gt;&gt;</a>&nbsp;&nbsp;&nbsp;set_progress
<LI><a href="#[129]">&gt;&gt;</a>&nbsp;&nbsp;&nbsp;__2snprintf
</UL>
<BR>[Called By]<UL><LI><a href="#[3c]">&gt;&gt;</a>&nbsp;&nbsp;&nbsp;app_gui_task
</UL>

<P><STRONG><a name="[1d4]"></a>set_progress</STRONG> (Thumb, 32 bytes, Stack size 8 bytes, app_gui.o(i.set_progress))
<BR><BR>[Stack]<UL><LI>Max Depth = 8<LI>Call Chain = set_progress
</UL>
<BR>[Calls]<UL><LI><a href="#[1eb]">&gt;&gt;</a>&nbsp;&nbsp;&nbsp;sc_set_slider_value
</UL>
<BR>[Called By]<UL><LI><a href="#[130]">&gt;&gt;</a>&nbsp;&nbsp;&nbsp;render_waiting
<LI><a href="#[12f]">&gt;&gt;</a>&nbsp;&nbsp;&nbsp;render_running
</UL>

<P><STRONG><a name="[ff]"></a>_printf_core</STRONG> (Thumb, 1020 bytes, Stack size 104 bytes, printf8.o(i._printf_core), UNUSED)
<BR><BR>[Calls]<UL><LI><a href="#[8a]">&gt;&gt;</a>&nbsp;&nbsp;&nbsp;__aeabi_uldivmod
<LI><a href="#[104]">&gt;&gt;</a>&nbsp;&nbsp;&nbsp;_printf_pre_padding
<LI><a href="#[105]">&gt;&gt;</a>&nbsp;&nbsp;&nbsp;_printf_post_padding
</UL>
<BR>[Called By]<UL><LI><a href="#[100]">&gt;&gt;</a>&nbsp;&nbsp;&nbsp;__0snprintf$8
<LI><a href="#[fe]">&gt;&gt;</a>&nbsp;&nbsp;&nbsp;__0printf$8
</UL>

<P><STRONG><a name="[105]"></a>_printf_post_padding</STRONG> (Thumb, 32 bytes, Stack size 24 bytes, printf8.o(i._printf_post_padding), UNUSED)
<BR><BR>[Called By]<UL><LI><a href="#[ff]">&gt;&gt;</a>&nbsp;&nbsp;&nbsp;_printf_core
</UL>

<P><STRONG><a name="[104]"></a>_printf_pre_padding</STRONG> (Thumb, 44 bytes, Stack size 40 bytes, printf8.o(i._printf_pre_padding), UNUSED)
<BR><BR>[Called By]<UL><LI><a href="#[ff]">&gt;&gt;</a>&nbsp;&nbsp;&nbsp;_printf_core
</UL>

<P><STRONG><a name="[33]"></a>_snputc</STRONG> (Thumb, 22 bytes, Stack size 0 bytes, printf8.o(i._snputc))
<BR>[Address Reference Count : 1]<UL><LI> printf8.o(i.__0snprintf$8)
</UL><P>
<H3>
Undefined Global Symbols
</H3><HR></body></html>
