<html>
<body>
<pre>
<h1>µVision Build Log</h1>
<h2>Tool Versions:</h2>
IDE-Version: ¦ÌVision V5.43.1.0
Copyright (C) 2025 ARM Ltd and ARM Germany GmbH. All rights reserved.
License Information: 1 SU, 1, LIC=76F5U-S9RCY-IIS5V-P4QRT-T05QJ-XSN6B
 
Tool Versions:
Toolchain:       MDK-ARM Plus  Version: 5.43.0.0
Toolchain Path:  D:\install\keil5 mdk\ARM\ARMCC\Bin
C Compiler:      Armcc.exe V5.06 update 5 (build 528)
Assembler:       Armasm.exe V5.06 update 5 (build 528)
Linker/Locator:  ArmLink.exe V5.06 update 5 (build 528)
Library Manager: ArmAr.exe V5.06 update 5 (build 528)
Hex Converter:   FromElf.exe V5.06 update 5 (build 528)
CPU DLL:         SARMCM3.DLL V5.43.0.0
Dialog DLL:      DARMCM1.DLL V1.19.6.0
Target DLL:      STLink\ST-LINKIII-KEIL_SWO.dll V3.3.1.0
Dialog DLL:      TARMCM1.DLL V1.14.6.0
 
<h2>Project:</h2>
D:\github\my\WirelessPowermeter\MDK-ARM\beacon.uvprojx
Project File Date:  04/21/2026

<h2>Output:</h2>
*** Using Compiler 'V5.06 update 5 (build 528)', folder: 'D:\install\keil5 mdk\ARM\ARMCC\Bin'
Build target 'N32WB03x'
compiling sc_font.c...
linking...
Program Size: Code=36014 RO-data=21070 RW-data=620 ZI-data=13540  
After Build - User command #1: fromelf --bin --output=.\bin\beacon.bin .\Objects\beacon.axf
".\Objects\beacon.axf" - 0 Error(s), 0 Warning(s).

<h2>Software Packages used:</h2>

Package Vendor: Nationstech
                http://www.keil.com/pack/Nationstech.N32WB03X_DFP.0.0.1.pack
                Nationstech::N32WB03X_DFP@0.0.1
                Nationstech N32WB03x Series Device Support, Drivers and Examples

<h2>Collection of Component include folders:</h2>
  D:/install/keil5 mdk/ARM/PACK/Nationstech/N32WB03x_DFP.1.4.0/firmware/CMSIS/device

<h2>Collection of Component Files used:</h2>
Build Time Elapsed:  00:00:07
</pre>
</body>
</html>
